Archive member included to satisfy reference by file (symbol)

e:/stm32cubeide_1.8.0/stm32cubeide/plugins/com.st.stm32cube.ide.mcu.externaltools.gnu-tools-for-stm32.9-2020-q2-update.win32_2.0.0.202105311346/tools/bin/../lib/gcc/arm-none-eabi/9.3.1/../../../../arm-none-eabi/lib/thumb/v7-m/nofp\libc_nano.a(lib_a-errno.o)
                              ./Core/Src/syscalls.o (__errno)
e:/stm32cubeide_1.8.0/stm32cubeide/plugins/com.st.stm32cube.ide.mcu.externaltools.gnu-tools-for-stm32.9-2020-q2-update.win32_2.0.0.202105311346/tools/bin/../lib/gcc/arm-none-eabi/9.3.1/../../../../arm-none-eabi/lib/thumb/v7-m/nofp\libc_nano.a(lib_a-exit.o)
                              e:/stm32cubeide_1.8.0/stm32cubeide/plugins/com.st.stm32cube.ide.mcu.externaltools.gnu-tools-for-stm32.9-2020-q2-update.win32_2.0.0.202105311346/tools/bin/../lib/gcc/arm-none-eabi/9.3.1/../../../../arm-none-eabi/lib/thumb/v7-m/nofp/crt0.o (exit)
e:/stm32cubeide_1.8.0/stm32cubeide/plugins/com.st.stm32cube.ide.mcu.externaltools.gnu-tools-for-stm32.9-2020-q2-update.win32_2.0.0.202105311346/tools/bin/../lib/gcc/arm-none-eabi/9.3.1/../../../../arm-none-eabi/lib/thumb/v7-m/nofp\libc_nano.a(lib_a-findfp.o)
                              ./Middlewares/Third_Party/FreeRTOS/Source/tasks.o (__sf_fake_stderr)
e:/stm32cubeide_1.8.0/stm32cubeide/plugins/com.st.stm32cube.ide.mcu.externaltools.gnu-tools-for-stm32.9-2020-q2-update.win32_2.0.0.202105311346/tools/bin/../lib/gcc/arm-none-eabi/9.3.1/../../../../arm-none-eabi/lib/thumb/v7-m/nofp\libc_nano.a(lib_a-fwalk.o)
                              e:/stm32cubeide_1.8.0/stm32cubeide/plugins/com.st.stm32cube.ide.mcu.externaltools.gnu-tools-for-stm32.9-2020-q2-update.win32_2.0.0.202105311346/tools/bin/../lib/gcc/arm-none-eabi/9.3.1/../../../../arm-none-eabi/lib/thumb/v7-m/nofp\libc_nano.a(lib_a-findfp.o) (_fwalk)
e:/stm32cubeide_1.8.0/stm32cubeide/plugins/com.st.stm32cube.ide.mcu.externaltools.gnu-tools-for-stm32.9-2020-q2-update.win32_2.0.0.202105311346/tools/bin/../lib/gcc/arm-none-eabi/9.3.1/../../../../arm-none-eabi/lib/thumb/v7-m/nofp\libc_nano.a(lib_a-impure.o)
                              e:/stm32cubeide_1.8.0/stm32cubeide/plugins/com.st.stm32cube.ide.mcu.externaltools.gnu-tools-for-stm32.9-2020-q2-update.win32_2.0.0.202105311346/tools/bin/../lib/gcc/arm-none-eabi/9.3.1/../../../../arm-none-eabi/lib/thumb/v7-m/nofp\libc_nano.a(lib_a-exit.o) (_global_impure_ptr)
e:/stm32cubeide_1.8.0/stm32cubeide/plugins/com.st.stm32cube.ide.mcu.externaltools.gnu-tools-for-stm32.9-2020-q2-update.win32_2.0.0.202105311346/tools/bin/../lib/gcc/arm-none-eabi/9.3.1/../../../../arm-none-eabi/lib/thumb/v7-m/nofp\libc_nano.a(lib_a-init.o)
                              e:/stm32cubeide_1.8.0/stm32cubeide/plugins/com.st.stm32cube.ide.mcu.externaltools.gnu-tools-for-stm32.9-2020-q2-update.win32_2.0.0.202105311346/tools/bin/../lib/gcc/arm-none-eabi/9.3.1/../../../../arm-none-eabi/lib/thumb/v7-m/nofp/crt0.o (__libc_init_array)
e:/stm32cubeide_1.8.0/stm32cubeide/plugins/com.st.stm32cube.ide.mcu.externaltools.gnu-tools-for-stm32.9-2020-q2-update.win32_2.0.0.202105311346/tools/bin/../lib/gcc/arm-none-eabi/9.3.1/../../../../arm-none-eabi/lib/thumb/v7-m/nofp\libc_nano.a(lib_a-lock.o)
                              e:/stm32cubeide_1.8.0/stm32cubeide/plugins/com.st.stm32cube.ide.mcu.externaltools.gnu-tools-for-stm32.9-2020-q2-update.win32_2.0.0.202105311346/tools/bin/../lib/gcc/arm-none-eabi/9.3.1/../../../../arm-none-eabi/lib/thumb/v7-m/nofp\libc_nano.a(lib_a-findfp.o) (__retarget_lock_init_recursive)
e:/stm32cubeide_1.8.0/stm32cubeide/plugins/com.st.stm32cube.ide.mcu.externaltools.gnu-tools-for-stm32.9-2020-q2-update.win32_2.0.0.202105311346/tools/bin/../lib/gcc/arm-none-eabi/9.3.1/../../../../arm-none-eabi/lib/thumb/v7-m/nofp\libc_nano.a(lib_a-memcpy-stub.o)
                              ./Core/Src/SX1278.o (memcpy)
e:/stm32cubeide_1.8.0/stm32cubeide/plugins/com.st.stm32cube.ide.mcu.externaltools.gnu-tools-for-stm32.9-2020-q2-update.win32_2.0.0.202105311346/tools/bin/../lib/gcc/arm-none-eabi/9.3.1/../../../../arm-none-eabi/lib/thumb/v7-m/nofp\libc_nano.a(lib_a-memset.o)
                              e:/stm32cubeide_1.8.0/stm32cubeide/plugins/com.st.stm32cube.ide.mcu.externaltools.gnu-tools-for-stm32.9-2020-q2-update.win32_2.0.0.202105311346/tools/bin/../lib/gcc/arm-none-eabi/9.3.1/../../../../arm-none-eabi/lib/thumb/v7-m/nofp/crt0.o (memset)
e:/stm32cubeide_1.8.0/stm32cubeide/plugins/com.st.stm32cube.ide.mcu.externaltools.gnu-tools-for-stm32.9-2020-q2-update.win32_2.0.0.202105311346/tools/bin/../lib/gcc/arm-none-eabi/9.3.1/../../../../arm-none-eabi/lib/thumb/v7-m/nofp\libc_nano.a(lib_a-nano-mallocr.o)
                              e:/stm32cubeide_1.8.0/stm32cubeide/plugins/com.st.stm32cube.ide.mcu.externaltools.gnu-tools-for-stm32.9-2020-q2-update.win32_2.0.0.202105311346/tools/bin/../lib/gcc/arm-none-eabi/9.3.1/../../../../arm-none-eabi/lib/thumb/v7-m/nofp\libc_nano.a(lib_a-findfp.o) (_malloc_r)
[...]
Memory Configuration

Name             Origin             Length             Attributes
RAM              0x0000000020000000 0x0000000000005000 xrw
FLASH            0x0000000008000000 0x0000000000010000 xr
*default*        0x0000000000000000 0xffffffffffffffff

Linker script and memory map

LOAD e:/stm32cubeide_1.8.0/stm32cubeide/plugins/com.st.stm32cube.ide.mcu.externaltools.gnu-tools-for-stm32.9-2020-q2-update.win32_2.0.0.202105311346/tools/bin/../lib/gcc/arm-none-eabi/9.3.1/thumb/v7-m/nofp/crti.o
LOAD e:/stm32cubeide_1.8.0/stm32cubeide/plugins/com.st.stm32cube.ide.mcu.externaltools.gnu-tools-for-stm32.9-2020-q2-update.win32_2.0.0.202105311346/tools/bin/../lib/gcc/arm-none-eabi/9.3.1/thumb/v7-m/nofp/crtbegin.o
LOAD e:/stm32cubeide_1.8.0/stm32cubeide/plugins/com.st.stm32cube.ide.mcu.externaltools.gnu-tools-for-stm32.9-2020-q2-update.win32_2.0.0.202105311346/tools/bin/../lib/gcc/arm-none-eabi/9.3.1/../../../../arm-none-eabi/lib/thumb/v7-m/nofp/crt0.o
LOAD ./Core/Src/SX1278.o
LOAD ./Core/Src/SX1278_hw.o
LOAD ./Core/Src/freertos.o
LOAD ./Core/Src/main.o
LOAD ./Core/Src/stm32f1xx_hal_msp.o
LOAD ./Core/Src/stm32f1xx_hal_timebase_tim.o
LOAD ./Core/Src/stm32f1xx_it.o
LOAD ./Core/Src/syscalls.o
LOAD ./Core/Src/sysmem.o
LOAD ./Core/Src/system_stm32f1xx.o
LOAD ./Core/Startup/startup_stm32f103c8tx.o
LOAD ./Drivers/STM32F1xx_HAL_Driver/Src/stm32f1xx_hal.o
LOAD ./Drivers/STM32F1xx_HAL_Driver/Src/stm32f1xx_hal_cortex.o
LOAD ./Drivers/STM32F1xx_HAL_Driver/Src/stm32f1xx_hal_dma.o
LOAD ./Drivers/STM32F1xx_HAL_Driver/Src/stm32f1xx_hal_exti.o
LOAD ./Drivers/STM32F1xx_HAL_Driver/Src/stm32f1xx_hal_flash.o
LOAD ./Drivers/STM32F1xx_HAL_Driver/Src/stm32f1xx_hal_flash_ex.o
LOAD ./Drivers/STM32F1xx_HAL_Driver/Src/stm32f1xx_hal_gpio.o
LOAD ./Drivers/STM32F1xx_HAL_Driver/Src/stm32f1xx_hal_gpio_ex.o
LOAD ./Drivers/STM32F1xx_HAL_Driver/Src/stm32f1xx_hal_pwr.o
LOAD ./Drivers/STM32F1xx_HAL_Driver/Src/stm32f1xx_hal_rcc.o
LOAD ./Drivers/STM32F1xx_HAL_Driver/Src/stm32f1xx_hal_rcc_ex.o
LOAD ./Drivers/STM32F1xx_HAL_Driver/Src/stm32f1xx_hal_spi.o
LOAD ./Drivers/STM32F1xx_HAL_Driver/Src/stm32f1xx_hal_tim.o
LOAD ./Drivers/STM32F1xx_HAL_Driver/Src/stm32f1xx_hal_tim_ex.o
LOAD ./Drivers/STM32F1xx_HAL_Driver/Src/stm32f1xx_hal_uart.o
LOAD ./Middlewares/Third_Party/FreeRTOS/Source/CMSIS_RTOS/cmsis_os.o
LOAD ./Middlewares/Third_Party/FreeRTOS/Source/croutine.o
LOAD ./Middlewares/Third_Party/FreeRTOS/Source/event_groups.o
LOAD ./Middlewares/Third_Party/FreeRTOS/Source/list.o
LOAD ./Middlewares/Third_Party/FreeRTOS/Source/queue.o
LOAD ./Middlewares/Third_Party/FreeRTOS/Source/stream_buffer.o
LOAD ./Middlewares/Third_Party/FreeRTOS/Source/tasks.o
LOAD ./Middlewares/Third_Party/FreeRTOS/Source/timers.o
LOAD ./Middlewares/Third_Party/FreeRTOS/Source/portable/GCC/ARM_CM3/port.o
LOAD ./Middlewares/Third_Party/FreeRTOS/Source/portable/MemMang/heap_4.o
START GROUP
LOAD e:/stm32cubeide_1.8.0/stm32cubeide/plugins/com.st.stm32cube.ide.mcu.externaltools.gnu-tools-for-stm32.9-2020-q2-update.win32_2.0.0.202105311346/tools/bin/../lib/gcc/arm-none-eabi/9.3.1/../../../../arm-none-eabi/lib/thumb/v7-m/nofp\libc_nano.a
LOAD e:/stm32cubeide_1.8.0/stm32cubeide/plugins/com.st.stm32cube.ide.mcu.externaltools.gnu-tools-for-stm32.9-2020-q2-update.win32_2.0.0.202105311346/tools/bin/../lib/gcc/arm-none-eabi/9.3.1/../../../../arm-none-eabi/lib/thumb/v7-m/nofp\libm.a
END GROUP
START GROUP
LOAD e:/stm32cubeide_1.8.0/stm32cubeide/plugins/com.st.stm32cube.ide.mcu.externaltools.gnu-tools-for-stm32.9-2020-q2-update.win32_2.0.0.202105311346/tools/bin/../lib/gcc/arm-none-eabi/9.3.1/thumb/v7-m/nofp\libgcc.a
LOAD e:/stm32cubeide_1.8.0/stm32cubeide/plugins/com.st.stm32cube.ide.mcu.externaltools.gnu-tools-for-stm32.9-2020-q2-update.win32_2.0.0.202105311346/tools/bin/../lib/gcc/arm-none-eabi/9.3.1/../../../../arm-none-eabi/lib/thumb/v7-m/nofp\libc_nano.a
END GROUP
START GROUP
LOAD e:/stm32cubeide_1.8.0/stm32cubeide/plugins/com.st.stm32cube.ide.mcu.externaltools.gnu-tools-for-stm32.9-2020-q2-update.win32_2.0.0.202105311346/tools/bin/../lib/gcc/arm-none-eabi/9.3.1/thumb/v7-m/nofp\libgcc.a
LOAD e:/stm32cubeide_1.8.0/stm32cubeide/plugins/com.st.stm32cube.ide.mcu.externaltools.gnu-tools-for-stm32.9-2020-q2-update.win32_2.0.0.202105311346/tools/bin/../lib/gcc/arm-none-eabi/9.3.1/../../../../arm-none-eabi/lib/thumb/v7-m/nofp\libc_nano.a
LOAD e:/stm32cubeide_1.8.0/stm32cubeide/plugins/com.st.stm32cube.ide.mcu.externaltools.gnu-tools-for-stm32.9-2020-q2-update.win32_2.0.0.202105311346/tools/bin/../lib/gcc/arm-none-eabi/9.3.1/../../../../arm-none-eabi/lib/thumb/v7-m/nofp\libnosys.a
END GROUP
START GROUP
LOAD e:/stm32cubeide_1.8.0/stm32cubeide/plugins/com.st.stm32cube.ide.mcu.externaltools.gnu-tools-for-stm32.9-2020-q2-update.win32_2.0.0.202105311346/tools/bin/../lib/gcc/arm-none-eabi/9.3.1/thumb/v7-m/nofp\libgcc.a
LOAD e:/stm32cubeide_1.8.0/stm32cubeide/plugins/com.st.stm32cube.ide.mcu.externaltools.gnu-tools-for-stm32.9-2020-q2-update.win32_2.0.0.202105311346/tools/bin/../lib/gcc/arm-none-eabi/9.3.1/../../../../arm-none-eabi/lib/thumb/v7-m/nofp\libc_nano.a
LOAD e:/stm32cubeide_1.8.0/stm32cubeide/plugins/com.st.stm32cube.ide.mcu.externaltools.gnu-tools-for-stm32.9-2020-q2-update.win32_2.0.0.202105311346/tools/bin/../lib/gcc/arm-none-eabi/9.3.1/../../../../arm-none-eabi/lib/thumb/v7-m/nofp\libnosys.a
END GROUP
LOAD e:/stm32cubeide_1.8.0/stm32cubeide/plugins/com.st.stm32cube.ide.mcu.externaltools.gnu-tools-for-stm32.9-2020-q2-update.win32_2.0.0.202105311346/tools/bin/../lib/gcc/arm-none-eabi/9.3.1/thumb/v7-m/nofp/crtend.o
LOAD e:/stm32cubeide_1.8.0/stm32cubeide/plugins/com.st.stm32cube.ide.mcu.externaltools.gnu-tools-for-stm32.9-2020-q2-update.win32_2.0.0.202105311346/tools/bin/../lib/gcc/arm-none-eabi/9.3.1/thumb/v7-m/nofp/crtn.o
                0x0000000020005000                _estack = (ORIGIN (RAM) + LENGTH (RAM))
                0x0000000000000200                _Min_Heap_Size = 0x200
                0x0000000000000400                _Min_Stack_Size = 0x400

.isr_vector     0x0000000008000000      0x10c
                0x0000000008000000                . = ALIGN (0x4)
 *(.isr_vector)
 .isr_vector    0x0000000008000000      0x10c ./Core/Startup/startup_stm32f103c8tx.o
                0x0000000008000000                g_pfnVectors
                0x000000000800010c                . = ALIGN (0x4)

.text           0x0000000008000110     0x6884
                0x0000000008000110                . = ALIGN (0x4)
 *(.text)
 .text          0x0000000008000110       0x40 e:/stm32cubeide_1.8.0/stm32cubeide/plugins/com.st.stm32cube.ide.mcu.externaltools.gnu-tools-for-stm32.9-2020-q2-update.win32_2.0.0.202105311346/tools/bin/../lib/gcc/arm-none-eabi/9.3.1/thumb/v7-m/nofp/crtbegin.o
 .text          0x0000000008000150       0x30 e:/stm32cubeide_1.8.0/stm32cubeide/plugins/com.st.stm32cube.ide.mcu.externaltools.gnu-tools-for-stm32.9-2020-q2-update.win32_2.0.0.202105311346/tools/bin/../lib/gcc/arm-none-eabi/9.3.1/thumb/v7-m/nofp\libgcc.a(_aeabi_uldivmod.o)
                0x0000000008000150                __aeabi_uldivmod
 .text          0x0000000008000180      0x2c4 e:/stm32cubeide_1.8.0/stm32cubeide/plugins/com.st.stm32cube.ide.mcu.externaltools.gnu-tools-for-stm32.9-2020-q2-update.win32_2.0.0.202105311346/tools/bin/../lib/gcc/arm-none-eabi/9.3.1/thumb/v7-m/nofp\libgcc.a(_udivmoddi4.o)
                0x0000000008000180                __udivmoddi4
 .text          0x0000000008000444        0x4 e:/stm32cubeide_1.8.0/stm32cubeide/plugins/com.st.stm32cube.ide.mcu.externaltools.gnu-tools-for-stm32.9-2020-q2-update.win32_2.0.0.202105311346/tools/bin/../lib/gcc/arm-none-eabi/9.3.1/thumb/v7-m/nofp\libgcc.a(_dvmd_tls.o)
                0x0000000008000444                __aeabi_idiv0
                0x0000000008000444                __aeabi_ldiv0
 *(.text*)
 .text.SX1278_SPIRead
                0x0000000008000448       0x3e ./Core/Src/SX1278.o
                0x0000000008000448                SX1278_SPIRead
 .text.SX1278_SPIWrite
                0x0000000008000486       0x52 ./Core/Src/SX1278.o
                0x0000000008000486                SX1278_SPIWrite
 .text.SX1278_SPIBurstRead
                0x00000000080004d8       0x72 ./Core/Src/SX1278.o
                0x00000000080004d8                SX1278_SPIBurstRead
 .text.SX1278_SPIBurstWrite
                0x000000000800054a       0x76 ./Core/Src/SX1278.o
                0x000000000800054a                SX1278_SPIBurstWrite
 .text.SX1278_config
                0x00000000080005c0      0x208 ./Core/Src/SX1278.o
                0x00000000080005c0                SX1278_config
 .text.SX1278_standby
                0x00000000080007c8       0x20 ./Core/Src/SX1278.o
                0x00000000080007c8                SX1278_standby
 .text.SX1278_sleep
                0x00000000080007e8       0x20 ./Core/Src/SX1278.o
                0x00000000080007e8                SX1278_sleep
 .text.SX1278_entryLoRa
                0x0000000008000808       0x1a ./Core/Src/SX1278.o
                0x0000000008000808                SX1278_entryLoRa
 .text.SX1278_clearLoRaIrq
                0x0000000008000822       0x1a ./Core/Src/SX1278.o
                0x0000000008000822                SX1278_clearLoRaIrq
 .text.SX1278_LoRaEntryRx
                0x000000000800083c       0xca ./Core/Src/SX1278.o
                0x000000000800083c                SX1278_LoRaEntryRx
 .text.SX1278_LoRaRxPacket
                0x0000000008000906       0x88 ./Core/Src/SX1278.o
                0x0000000008000906                SX1278_LoRaRxPacket
 .text.SX1278_LoRaEntryTx
                0x000000000800098e       0xb0 ./Core/Src/SX1278.o
                0x000000000800098e                SX1278_LoRaEntryTx
 .text.SX1278_LoRaTxPacket
                0x0000000008000a3e       0x7e ./Core/Src/SX1278.o
                0x0000000008000a3e                SX1278_LoRaTxPacket
 .text.SX1278_init
                0x0000000008000abc       0x5a ./Core/Src/SX1278.o
                0x0000000008000abc                SX1278_init
 .text.SX1278_read
                0x0000000008000b16       0x4c ./Core/Src/SX1278.o
                0x0000000008000b16                SX1278_read
 .text.SX1278_hw_init
                0x0000000008000b62       0x2a ./Core/Src/SX1278_hw.o
                0x0000000008000b62                SX1278_hw_init
 .text.SX1278_hw_SetNSS
                0x0000000008000b8c       0x2e ./Core/Src/SX1278_hw.o
                0x0000000008000b8c                SX1278_hw_SetNSS
 .text.SX1278_hw_Reset
                0x0000000008000bba       0x48 ./Core/Src/SX1278_hw.o
                0x0000000008000bba                SX1278_hw_Reset
 .text.SX1278_hw_SPICommand
                0x0000000008000c02       0x40 ./Core/Src/SX1278_hw.o
                0x0000000008000c02                SX1278_hw_SPICommand
 .text.SX1278_hw_SPIReadByte
                0x0000000008000c42       0x4c ./Core/Src/SX1278_hw.o
                0x0000000008000c42                SX1278_hw_SPIReadByte
 .text.SX1278_hw_DelayMs
                0x0000000008000c8e       0x16 ./Core/Src/SX1278_hw.o
                0x0000000008000c8e                SX1278_hw_DelayMs
 .text.SX1278_hw_GetDIO0
                0x0000000008000ca4       0x2e ./Core/Src/SX1278_hw.o
                0x0000000008000ca4                SX1278_hw_GetDIO0
 *fill*         0x0000000008000cd2        0x2 
 .text.vApplicationGetIdleTaskMemory
                0x0000000008000cd4       0x30 ./Core/Src/freertos.o
                0x0000000008000cd4                vApplicationGetIdleTaskMemory
 .text.uart_printf
                0x0000000008000d04       0x5c ./Core/Src/main.o
                0x0000000008000d04                uart_printf
 .text.send_to_esp
                0x0000000008000d60       0x28 ./Core/Src/main.o
                0x0000000008000d60                send_to_esp
 .text.transmit_mode
                0x0000000008000d88       0xa0 ./Core/Src/main.o
                0x0000000008000d88                transmit_mode
 .text.receive_mode
                0x0000000008000e28       0xb0 ./Core/Src/main.o
                0x0000000008000e28                receive_mode
 .text.gateway_handle
                0x0000000008000ed8      0x1a0 ./Core/Src/main.o
                0x0000000008000ed8                gateway_handle
 .text.gateway_timeout_check
                0x0000000008001078       0x78 ./Core/Src/main.o
                0x0000000008001078                gateway_timeout_check
 .text.main     0x00000000080010f0      0x12c ./Core/Src/main.o
                0x00000000080010f0                main
 .text.SystemClock_Config
                0x000000000800121c       0x76 ./Core/Src/main.o
                0x000000000800121c                SystemClock_Config
 *fill*         0x0000000008001292        0x2 
 .text.MX_SPI1_Init
                0x0000000008001294       0x6c ./Core/Src/main.o
 .text.MX_USART1_UART_Init
                0x0000000008001300       0x54 ./Core/Src/main.o
 .text.MX_USART3_UART_Init
                0x0000000008001354       0x54 ./Core/Src/main.o
 .text.MX_GPIO_Init
                0x00000000080013a8       0xd8 ./Core/Src/main.o
 .text.TransmitTaskInit
                0x0000000008001480       0x74 ./Core/Src/main.o
                0x0000000008001480                TransmitTaskInit
 .text.ReceiveTaskInit
                0x00000000080014f4       0x78 ./Core/Src/main.o
                0x00000000080014f4                ReceiveTaskInit
 .text.HAL_TIM_PeriodElapsedCallback
                0x000000000800156c       0x24 ./Core/Src/main.o
                0x000000000800156c                HAL_TIM_PeriodElapsedCallback
 .text.Error_Handler
                0x0000000008001590        0xa ./Core/Src/main.o
                0x0000000008001590                Error_Handler
 *fill*         0x000000000800159a        0x2 
 .text.HAL_MspInit
                0x000000000800159c       0x70 ./Core/Src/stm32f1xx_hal_msp.o
                0x000000000800159c                HAL_MspInit
 .text.HAL_SPI_MspInit
                0x000000000800160c       0x94 ./Core/Src/stm32f1xx_hal_msp.o
                0x000000000800160c                HAL_SPI_MspInit
 .text.HAL_UART_MspInit
                0x00000000080016a0      0x110 ./Core/Src/stm32f1xx_hal_msp.o
                0x00000000080016a0                HAL_UART_MspInit
 .text.HAL_InitTick
                0x00000000080017b0       0xac ./Core/Src/stm32f1xx_hal_timebase_tim.o
                0x00000000080017b0                HAL_InitTick
 .text.NMI_Handler
                0x000000000800185c        0x6 ./Core/Src/stm32f1xx_it.o
                0x000000000800185c                NMI_Handler
 .text.HardFault_Handler
                0x0000000008001862        0x6 ./Core/Src/stm32f1xx_it.o
                0x0000000008001862                HardFault_Handler
 .text.MemManage_Handler
                0x0000000008001868        0x6 ./Core/Src/stm32f1xx_it.o
                0x0000000008001868                MemManage_Handler
 .text.BusFault_Handler
                0x000000000800186e        0x6 ./Core/Src/stm32f1xx_it.o
                0x000000000800186e                BusFault_Handler
 .text.UsageFault_Handler
                0x0000000008001874        0x6 ./Core/Src/stm32f1xx_it.o
                0x0000000008001874                UsageFault_Handler
 .text.DebugMon_Handler
                0x000000000800187a        0xc ./Core/Src/stm32f1xx_it.o
                0x000000000800187a                DebugMon_Handler
 *fill*         0x0000000008001886        0x2 
 .text.TIM4_IRQHandler
                0x0000000008001888       0x14 ./Core/Src/stm32f1xx_it.o
                0x0000000008001888                TIM4_IRQHandler
 .text._sbrk    0x000000000800189c       0x6c ./Core/Src/sysmem.o
                0x000000000800189c                _sbrk
 .text.SystemInit
                0x0000000008001908        0xc ./Core/Src/system_stm32f1xx.o
                0x0000000008001908                SystemInit
 .text.Reset_Handler
                0x0000000008001914       0x48 ./Core/Startup/startup_stm32f103c8tx.o
                0x0000000008001914                Reset_Handler
 .text.Default_Handler
                0x000000000800195c        0x2 ./Core/Startup/startup_stm32f103c8tx.o
                0x000000000800195c                RTC_Alarm_IRQHandler
                0x000000000800195c                EXTI2_IRQHandler
                0x000000000800195c                TIM1_CC_IRQHandler
                0x000000000800195c                PVD_IRQHandler
                0x000000000800195c                EXTI3_IRQHandler
                0x000000000800195c                EXTI0_IRQHandler
                0x000000000800195c                I2C2_EV_IRQHandler
                0x000000000800195c                ADC1_2_IRQHandler
                0x000000000800195c                SPI1_IRQHandler
                0x000000000800195c                TAMPER_IRQHandler
                0x000000000800195c                DMA1_Channel4_IRQHandler
                0x000000000800195c                USART3_IRQHandler
                0x000000000800195c                RTC_IRQHandler
                0x000000000800195c                DMA1_Channel7_IRQHandler
                0x000000000800195c                CAN1_RX1_IRQHandler
                0x000000000800195c                I2C1_EV_IRQHandler
                0x000000000800195c                DMA1_Channel6_IRQHandler
                0x000000000800195c                TIM3_IRQHandler
                0x000000000800195c                RCC_IRQHandler
                0x000000000800195c                TIM1_TRG_COM_IRQHandler
                0x000000000800195c                DMA1_Channel1_IRQHandler
                0x000000000800195c                Default_Handler
                0x000000000800195c                EXTI15_10_IRQHandler
                0x000000000800195c                EXTI9_5_IRQHandler
                0x000000000800195c                SPI2_IRQHandler
                0x000000000800195c                DMA1_Channel5_IRQHandler
                0x000000000800195c                EXTI4_IRQHandler
                0x000000000800195c                USB_LP_CAN1_RX0_IRQHandler
                0x000000000800195c                USB_HP_CAN1_TX_IRQHandler
                0x000000000800195c                DMA1_Channel3_IRQHandler
                0x000000000800195c                TIM1_UP_IRQHandler
                0x000000000800195c                WWDG_IRQHandler
                0x000000000800195c                TIM2_IRQHandler
                0x000000000800195c                TIM1_BRK_IRQHandler
                0x000000000800195c                EXTI1_IRQHandler
                0x000000000800195c                USART2_IRQHandler
                0x000000000800195c                I2C2_ER_IRQHandler
                0x000000000800195c                DMA1_Channel2_IRQHandler
                0x000000000800195c                CAN1_SCE_IRQHandler
                0x000000000800195c                FLASH_IRQHandler
                0x000000000800195c                USART1_IRQHandler
                0x000000000800195c                I2C1_ER_IRQHandler
                0x000000000800195c                USBWakeUp_IRQHandler
 *fill*         0x000000000800195e        0x2 
 .text.HAL_Init
                0x0000000008001960       0x2c ./Drivers/STM32F1xx_HAL_Driver/Src/stm32f1xx_hal.o
                0x0000000008001960                HAL_Init
 .text.HAL_IncTick
                0x000000000800198c       0x24 ./Drivers/STM32F1xx_HAL_Driver/Src/stm32f1xx_hal.o
                0x000000000800198c                HAL_IncTick
 .text.HAL_GetTick
                0x00000000080019b0       0x14 ./Drivers/STM32F1xx_HAL_Driver/Src/stm32f1xx_hal.o
                0x00000000080019b0                HAL_GetTick
 .text.HAL_Delay
                0x00000000080019c4       0x48 ./Drivers/STM32F1xx_HAL_Driver/Src/stm32f1xx_hal.o
                0x00000000080019c4                HAL_Delay
 .text.__NVIC_SetPriorityGrouping
                0x0000000008001a0c       0x48 ./Drivers/STM32F1xx_HAL_Driver/Src/stm32f1xx_hal_cortex.o
 .text.__NVIC_GetPriorityGrouping
                0x0000000008001a54       0x1c ./Drivers/STM32F1xx_HAL_Driver/Src/stm32f1xx_hal_cortex.o
 .text.__NVIC_EnableIRQ
                0x0000000008001a70       0x38 ./Drivers/STM32F1xx_HAL_Driver/Src/stm32f1xx_hal_cortex.o
 .text.__NVIC_SetPriority
                0x0000000008001aa8       0x54 ./Drivers/STM32F1xx_HAL_Driver/Src/stm32f1xx_hal_cortex.o
 .text.NVIC_EncodePriority
                0x0000000008001afc       0x64 ./Drivers/STM32F1xx_HAL_Driver/Src/stm32f1xx_hal_cortex.o
 .text.HAL_NVIC_SetPriorityGrouping
                0x0000000008001b60       0x16 ./Drivers/STM32F1xx_HAL_Driver/Src/stm32f1xx_hal_cortex.o
                0x0000000008001b60                HAL_NVIC_SetPriorityGrouping
 .text.HAL_NVIC_SetPriority
                0x0000000008001b76       0x38 ./Drivers/STM32F1xx_HAL_Driver/Src/stm32f1xx_hal_cortex.o
                0x0000000008001b76                HAL_NVIC_SetPriority
 .text.HAL_NVIC_EnableIRQ
                0x0000000008001bae       0x1c ./Drivers/STM32F1xx_HAL_Driver/Src/stm32f1xx_hal_cortex.o
                0x0000000008001bae                HAL_NVIC_EnableIRQ
 *fill*         0x0000000008001bca        0x2 
 .text.HAL_GPIO_Init
                0x0000000008001bcc      0x308 ./Drivers/STM32F1xx_HAL_Driver/Src/stm32f1xx_hal_gpio.o
                0x0000000008001bcc                HAL_GPIO_Init
 .text.HAL_GPIO_ReadPin
                0x0000000008001ed4       0x2e ./Drivers/STM32F1xx_HAL_Driver/Src/stm32f1xx_hal_gpio.o
                0x0000000008001ed4                HAL_GPIO_ReadPin
 .text.HAL_GPIO_WritePin
                0x0000000008001f02       0x30 ./Drivers/STM32F1xx_HAL_Driver/Src/stm32f1xx_hal_gpio.o
                0x0000000008001f02                HAL_GPIO_WritePin
 *fill*         0x0000000008001f32        0x2 
 .text.HAL_RCC_OscConfig
                0x0000000008001f34      0x500 ./Drivers/STM32F1xx_HAL_Driver/Src/stm32f1xx_hal_rcc.o
                0x0000000008001f34                HAL_RCC_OscConfig
 .text.HAL_RCC_ClockConfig
                0x0000000008002434      0x1d4 ./Drivers/STM32F1xx_HAL_Driver/Src/stm32f1xx_hal_rcc.o
                0x0000000008002434                HAL_RCC_ClockConfig
 .text.HAL_RCC_GetSysClockFreq
                0x0000000008002608       0xa8 ./Drivers/STM32F1xx_HAL_Driver/Src/stm32f1xx_hal_rcc.o
                0x0000000008002608                HAL_RCC_GetSysClockFreq
 .text.HAL_RCC_GetHCLKFreq
                0x00000000080026b0       0x14 ./Drivers/STM32F1xx_HAL_Driver/Src/stm32f1xx_hal_rcc.o
                0x00000000080026b0                HAL_RCC_GetHCLKFreq
 .text.HAL_RCC_GetPCLK1Freq
                0x00000000080026c4       0x28 ./Drivers/STM32F1xx_HAL_Driver/Src/stm32f1xx_hal_rcc.o
                0x00000000080026c4                HAL_RCC_GetPCLK1Freq
 .text.HAL_RCC_GetPCLK2Freq
                0x00000000080026ec       0x28 ./Drivers/STM32F1xx_HAL_Driver/Src/stm32f1xx_hal_rcc.o
                0x00000000080026ec                HAL_RCC_GetPCLK2Freq
 .text.HAL_RCC_GetClockConfig
                0x0000000008002714       0x60 ./Drivers/STM32F1xx_HAL_Driver/Src/stm32f1xx_hal_rcc.o
                0x0000000008002714                HAL_RCC_GetClockConfig
 .text.RCC_Delay
                0x0000000008002774       0x3c ./Drivers/STM32F1xx_HAL_Driver/Src/stm32f1xx_hal_rcc.o
 .text.HAL_SPI_Init
                0x00000000080027b0      0x108 ./Drivers/STM32F1xx_HAL_Driver/Src/stm32f1xx_hal_spi.o
                0x00000000080027b0                HAL_SPI_Init
 .text.HAL_SPI_Transmit
                0x00000000080028b8      0x288 ./Drivers/STM32F1xx_HAL_Driver/Src/stm32f1xx_hal_spi.o
                0x00000000080028b8                HAL_SPI_Transmit
 .text.HAL_SPI_TransmitReceive
                0x0000000008002b40      0x352 ./Drivers/STM32F1xx_HAL_Driver/Src/stm32f1xx_hal_spi.o
                0x0000000008002b40                HAL_SPI_TransmitReceive
 .text.HAL_SPI_GetState
                0x0000000008002e92       0x1a ./Drivers/STM32F1xx_HAL_Driver/Src/stm32f1xx_hal_spi.o
                0x0000000008002e92                HAL_SPI_GetState
 .text.SPI_WaitFlagStateUntilTimeout
                0x0000000008002eac      0x110 ./Drivers/STM32F1xx_HAL_Driver/Src/stm32f1xx_hal_spi.o
 .text.SPI_EndRxTxTransaction
                0x0000000008002fbc       0x62 ./Drivers/STM32F1xx_HAL_Driver/Src/stm32f1xx_hal_spi.o
 .text.HAL_TIM_Base_Init
                0x000000000800301e       0x9e ./Drivers/STM32F1xx_HAL_Driver/Src/stm32f1xx_hal_tim.o
                0x000000000800301e                HAL_TIM_Base_Init
 .text.HAL_TIM_Base_MspInit
                0x00000000080030bc       0x12 ./Drivers/STM32F1xx_HAL_Driver/Src/stm32f1xx_hal_tim.o
                0x00000000080030bc                HAL_TIM_Base_MspInit
 *fill*         0x00000000080030ce        0x2 
 .text.HAL_TIM_Base_Start_IT
                0x00000000080030d0       0xa4 ./Drivers/STM32F1xx_HAL_Driver/Src/stm32f1xx_hal_tim.o
                0x00000000080030d0                HAL_TIM_Base_Start_IT
 .text.HAL_TIM_IRQHandler
                0x0000000008003174      0x1e0 ./Drivers/STM32F1xx_HAL_Driver/Src/stm32f1xx_hal_tim.o
                0x0000000008003174                HAL_TIM_IRQHandler
 .text.HAL_TIM_OC_DelayElapsedCallback
                0x0000000008003354       0x12 ./Drivers/STM32F1xx_HAL_Driver/Src/stm32f1xx_hal_tim.o
                0x0000000008003354                HAL_TIM_OC_DelayElapsedCallback
 .text.HAL_TIM_IC_CaptureCallback
                0x0000000008003366       0x12 ./Drivers/STM32F1xx_HAL_Driver/Src/stm32f1xx_hal_tim.o
                0x0000000008003366                HAL_TIM_IC_CaptureCallback
 .text.HAL_TIM_PWM_PulseFinishedCallback
                0x0000000008003378       0x12 ./Drivers/STM32F1xx_HAL_Driver/Src/stm32f1xx_hal_tim.o
                0x0000000008003378                HAL_TIM_PWM_PulseFinishedCallback
 .text.HAL_TIM_TriggerCallback
                0x000000000800338a       0x12 ./Drivers/STM32F1xx_HAL_Driver/Src/stm32f1xx_hal_tim.o
                0x000000000800338a                HAL_TIM_TriggerCallback
 .text.TIM_Base_SetConfig
                0x000000000800339c       0xdc ./Drivers/STM32F1xx_HAL_Driver/Src/stm32f1xx_hal_tim.o
                0x000000000800339c                TIM_Base_SetConfig
 .text.HAL_TIMEx_CommutCallback
                0x0000000008003478       0x12 ./Drivers/STM32F1xx_HAL_Driver/Src/stm32f1xx_hal_tim_ex.o
                0x0000000008003478                HAL_TIMEx_CommutCallback
 .text.HAL_TIMEx_BreakCallback
                0x000000000800348a       0x12 ./Drivers/STM32F1xx_HAL_Driver/Src/stm32f1xx_hal_tim_ex.o
                0x000000000800348a                HAL_TIMEx_BreakCallback
 .text.HAL_UART_Init
                0x000000000800349c       0xa0 ./Drivers/STM32F1xx_HAL_Driver/Src/stm32f1xx_hal_uart.o
                0x000000000800349c                HAL_UART_Init
 .text.HAL_UART_Transmit
                0x000000000800353c      0x116 ./Drivers/STM32F1xx_HAL_Driver/Src/stm32f1xx_hal_uart.o
                0x000000000800353c                HAL_UART_Transmit
 .text.UART_WaitOnFlagUntilTimeout
                0x0000000008003652       0xb2 ./Drivers/STM32F1xx_HAL_Driver/Src/stm32f1xx_hal_uart.o
 .text.UART_EndRxTransfer
                0x0000000008003704       0xc4 ./Drivers/STM32F1xx_HAL_Driver/Src/stm32f1xx_hal_uart.o
 .text.UART_SetConfig
                0x00000000080037c8      0x11c ./Drivers/STM32F1xx_HAL_Driver/Src/stm32f1xx_hal_uart.o
 .text.makeFreeRtosPriority
                0x00000000080038e4       0x2e ./Middlewares/Third_Party/FreeRTOS/Source/CMSIS_RTOS/cmsis_os.o
 .text.inHandlerMode
                0x0000000008003912       0x22 ./Middlewares/Third_Party/FreeRTOS/Source/CMSIS_RTOS/cmsis_os.o
 .text.osKernelStart
                0x0000000008003934        0xe ./Middlewares/Third_Party/FreeRTOS/Source/CMSIS_RTOS/cmsis_os.o
                0x0000000008003934                osKernelStart
 .text.osThreadCreate
                0x0000000008003942       0x98 ./Middlewares/Third_Party/FreeRTOS/Source/CMSIS_RTOS/cmsis_os.o
                0x0000000008003942                osThreadCreate
 .text.osDelay  0x00000000080039da       0x28 ./Middlewares/Third_Party/FreeRTOS/Source/CMSIS_RTOS/cmsis_os.o
                0x00000000080039da                osDelay
 .text.osSemaphoreCreate
                0x0000000008003a02       0x64 ./Middlewares/Third_Party/FreeRTOS/Source/CMSIS_RTOS/cmsis_os.o
                0x0000000008003a02                osSemaphoreCreate
 *fill*         0x0000000008003a66        0x2 
 .text.osSemaphoreWait
                0x0000000008003a68       0x9c ./Middlewares/Third_Party/FreeRTOS/Source/CMSIS_RTOS/cmsis_os.o
                0x0000000008003a68                osSemaphoreWait
 .text.osSemaphoreRelease
                0x0000000008003b04       0x6c ./Middlewares/Third_Party/FreeRTOS/Source/CMSIS_RTOS/cmsis_os.o
                0x0000000008003b04                osSemaphoreRelease
 .text.vListInitialise
                0x0000000008003b70       0x3e ./Middlewares/Third_Party/FreeRTOS/Source/list.o
                0x0000000008003b70                vListInitialise
 .text.vListInitialiseItem
                0x0000000008003bae       0x18 ./Middlewares/Third_Party/FreeRTOS/Source/list.o
                0x0000000008003bae                vListInitialiseItem
 .text.vListInsertEnd
                0x0000000008003bc6       0x46 ./Middlewares/Third_Party/FreeRTOS/Source/list.o
                0x0000000008003bc6                vListInsertEnd
 .text.vListInsert
                0x0000000008003c0c       0x70 ./Middlewares/Third_Party/FreeRTOS/Source/list.o
                0x0000000008003c0c                vListInsert
 .text.uxListRemove
                0x0000000008003c7c       0x52 ./Middlewares/Third_Party/FreeRTOS/Source/list.o
                0x0000000008003c7c                uxListRemove
 *fill*         0x0000000008003cce        0x2 
 .text.xQueueGenericReset
                0x0000000008003cd0       0xd0 ./Middlewares/Third_Party/FreeRTOS/Source/queue.o
                0x0000000008003cd0                xQueueGenericReset
 .text.xQueueGenericCreateStatic
                0x0000000008003da0       0xf0 ./Middlewares/Third_Party/FreeRTOS/Source/queue.o
                0x0000000008003da0                xQueueGenericCreateStatic
 .text.xQueueGenericCreate
                0x0000000008003e90       0x74 ./Middlewares/Third_Party/FreeRTOS/Source/queue.o
                0x0000000008003e90                xQueueGenericCreate
 .text.prvInitialiseNewQueue
                0x0000000008003f04       0x3e ./Middlewares/Third_Party/FreeRTOS/Source/queue.o
 *fill*         0x0000000008003f42        0x2 
 .text.xQueueGenericSend
                0x0000000008003f44      0x1fc ./Middlewares/Third_Party/FreeRTOS/Source/queue.o
                0x0000000008003f44                xQueueGenericSend
 .text.xQueueGiveFromISR
                0x0000000008004140      0x11a ./Middlewares/Third_Party/FreeRTOS/Source/queue.o
                0x0000000008004140                xQueueGiveFromISR
 *fill*         0x000000000800425a        0x2 
 .text.xQueueSemaphoreTake
                0x000000000800425c      0x218 ./Middlewares/Third_Party/FreeRTOS/Source/queue.o
                0x000000000800425c                xQueueSemaphoreTake
 .text.xQueueReceiveFromISR
                0x0000000008004474      0x100 ./Middlewares/Third_Party/FreeRTOS/Source/queue.o
                0x0000000008004474                xQueueReceiveFromISR
 .text.prvGetDisinheritPriorityAfterTimeout
                0x0000000008004574       0x2e ./Middlewares/Third_Party/FreeRTOS/Source/queue.o
 .text.prvCopyDataToQueue
                0x00000000080045a2       0xd4 ./Middlewares/Third_Party/FreeRTOS/Source/queue.o
 .text.prvCopyDataFromQueue
                0x0000000008004676       0x4c ./Middlewares/Third_Party/FreeRTOS/Source/queue.o
 .text.prvUnlockQueue
                0x00000000080046c2       0xa4 ./Middlewares/Third_Party/FreeRTOS/Source/queue.o
 .text.prvIsQueueEmpty
                0x0000000008004766       0x2c ./Middlewares/Third_Party/FreeRTOS/Source/queue.o
 .text.prvIsQueueFull
                0x0000000008004792       0x30 ./Middlewares/Third_Party/FreeRTOS/Source/queue.o
 .text.xTaskCreateStatic
                0x00000000080047c2       0xba ./Middlewares/Third_Party/FreeRTOS/Source/tasks.o
                0x00000000080047c2                xTaskCreateStatic
 .text.xTaskCreate
                0x000000000800487c       0x8a ./Middlewares/Third_Party/FreeRTOS/Source/tasks.o
                0x000000000800487c                xTaskCreate
 *fill*         0x0000000008004906        0x2 
 .text.prvInitialiseNewTask
                0x0000000008004908      0x13c ./Middlewares/Third_Party/FreeRTOS/Source/tasks.o
 .text.prvAddNewTaskToReadyList
                0x0000000008004a44       0xd4 ./Middlewares/Third_Party/FreeRTOS/Source/tasks.o
 .text.vTaskDelay
                0x0000000008004b18       0x68 ./Middlewares/Third_Party/FreeRTOS/Source/tasks.o
                0x0000000008004b18                vTaskDelay
 .text.vTaskStartScheduler
                0x0000000008004b80       0xd4 ./Middlewares/Third_Party/FreeRTOS/Source/tasks.o
                0x0000000008004b80                vTaskStartScheduler
 .text.vTaskSuspendAll
                0x0000000008004c54       0x1c ./Middlewares/Third_Party/FreeRTOS/Source/tasks.o
                0x0000000008004c54                vTaskSuspendAll
 .text.xTaskResumeAll
                0x0000000008004c70      0x138 ./Middlewares/Third_Party/FreeRTOS/Source/tasks.o
                0x0000000008004c70                xTaskResumeAll
 .text.xTaskIncrementTick
                0x0000000008004da8      0x170 ./Middlewares/Third_Party/FreeRTOS/Source/tasks.o
                0x0000000008004da8                xTaskIncrementTick
 .text.vTaskSwitchContext
                0x0000000008004f18       0xc4 ./Middlewares/Third_Party/FreeRTOS/Source/tasks.o
                0x0000000008004f18                vTaskSwitchContext
 .text.vTaskPlaceOnEventList
                0x0000000008004fdc       0x48 ./Middlewares/Third_Party/FreeRTOS/Source/tasks.o
                0x0000000008004fdc                vTaskPlaceOnEventList
 .text.xTaskRemoveFromEventList
                0x0000000008005024       0xc4 ./Middlewares/Third_Party/FreeRTOS/Source/tasks.o
                0x0000000008005024                xTaskRemoveFromEventList
 .text.vTaskInternalSetTimeOutState
                0x00000000080050e8       0x2c ./Middlewares/Third_Party/FreeRTOS/Source/tasks.o
                0x00000000080050e8                vTaskInternalSetTimeOutState
 .text.xTaskCheckForTimeOut
                0x0000000008005114       0xc4 ./Middlewares/Third_Party/FreeRTOS/Source/tasks.o
                0x0000000008005114                xTaskCheckForTimeOut
 .text.vTaskMissedYield
                0x00000000080051d8       0x18 ./Middlewares/Third_Party/FreeRTOS/Source/tasks.o
                0x00000000080051d8                vTaskMissedYield
 .text.prvIdleTask
                0x00000000080051f0       0x30 ./Middlewares/Third_Party/FreeRTOS/Source/tasks.o
 .text.prvInitialiseTaskLists
                0x0000000008005220       0x80 ./Middlewares/Third_Party/FreeRTOS/Source/tasks.o
 .text.prvCheckTasksWaitingTermination
                0x00000000080052a0       0x5c ./Middlewares/Third_Party/FreeRTOS/Source/tasks.o
 .text.prvDeleteTCB
                0x00000000080052fc       0x68 ./Middlewares/Third_Party/FreeRTOS/Source/tasks.o
 .text.prvResetNextTaskUnblockTime
                0x0000000008005364       0x40 ./Middlewares/Third_Party/FreeRTOS/Source/tasks.o
 .text.xTaskGetSchedulerState
                0x00000000080053a4       0x3c ./Middlewares/Third_Party/FreeRTOS/Source/tasks.o
                0x00000000080053a4                xTaskGetSchedulerState
 .text.xTaskPriorityInherit
                0x00000000080053e0       0xec ./Middlewares/Third_Party/FreeRTOS/Source/tasks.o
                0x00000000080053e0                xTaskPriorityInherit
 .text.xTaskPriorityDisinherit
                0x00000000080054cc      0x10c ./Middlewares/Third_Party/FreeRTOS/Source/tasks.o
                0x00000000080054cc                xTaskPriorityDisinherit
 .text.vTaskPriorityDisinheritAfterTimeout
                0x00000000080055d8      0x11c ./Middlewares/Third_Party/FreeRTOS/Source/tasks.o
                0x00000000080055d8                vTaskPriorityDisinheritAfterTimeout
 .text.pvTaskIncrementMutexHeldCount
                0x00000000080056f4       0x28 ./Middlewares/Third_Party/FreeRTOS/Source/tasks.o
                0x00000000080056f4                pvTaskIncrementMutexHeldCount
 .text.prvAddCurrentTaskToDelayedList
                0x000000000800571c       0xcc ./Middlewares/Third_Party/FreeRTOS/Source/tasks.o
 .text.pxPortInitialiseStack
                0x00000000080057e8       0x58 ./Middlewares/Third_Party/FreeRTOS/Source/portable/GCC/ARM_CM3/port.o
                0x00000000080057e8                pxPortInitialiseStack
 .text.prvTaskExitError
                0x0000000008005840       0x58 ./Middlewares/Third_Party/FreeRTOS/Source/portable/GCC/ARM_CM3/port.o
 *fill*         0x0000000008005898        0x8 
 .text.SVC_Handler
                0x00000000080058a0       0x28 ./Middlewares/Third_Party/FreeRTOS/Source/portable/GCC/ARM_CM3/port.o
                0x00000000080058a0                SVC_Handler
 .text.prvPortStartFirstTask
                0x00000000080058c8       0x20 ./Middlewares/Third_Party/FreeRTOS/Source/portable/GCC/ARM_CM3/port.o
 .text.xPortStartScheduler
                0x00000000080058e8       0xe4 ./Middlewares/Third_Party/FreeRTOS/Source/portable/GCC/ARM_CM3/port.o
                0x00000000080058e8                xPortStartScheduler
 .text.vPortEnterCritical
                0x00000000080059cc       0x60 ./Middlewares/Third_Party/FreeRTOS/Source/portable/GCC/ARM_CM3/port.o
                0x00000000080059cc                vPortEnterCritical
 .text.vPortExitCritical
                0x0000000008005a2c       0x50 ./Middlewares/Third_Party/FreeRTOS/Source/portable/GCC/ARM_CM3/port.o
                0x0000000008005a2c                vPortExitCritical
 *fill*         0x0000000008005a7c        0x4 
 .text.PendSV_Handler
                0x0000000008005a80       0x48 ./Middlewares/Third_Party/FreeRTOS/Source/portable/GCC/ARM_CM3/port.o
                0x0000000008005a80                PendSV_Handler
 .text.SysTick_Handler
                0x0000000008005ac8       0x44 ./Middlewares/Third_Party/FreeRTOS/Source/portable/GCC/ARM_CM3/port.o
                0x0000000008005ac8                SysTick_Handler
 .text.vPortSetupTimerInterrupt
                0x0000000008005b0c       0x44 ./Middlewares/Third_Party/FreeRTOS/Source/portable/GCC/ARM_CM3/port.o
                0x0000000008005b0c                vPortSetupTimerInterrupt
 .text.vPortValidateInterruptPriority
                0x0000000008005b50       0x7c ./Middlewares/Third_Party/FreeRTOS/Source/portable/GCC/ARM_CM3/port.o
                0x0000000008005b50                vPortValidateInterruptPriority
 .text.pvPortMalloc
                0x0000000008005bcc      0x198 ./Middlewares/Third_Party/FreeRTOS/Source/portable/MemMang/heap_4.o
                0x0000000008005bcc                pvPortMalloc
 .text.vPortFree
                0x0000000008005d64       0xc4 ./Middlewares/Third_Party/FreeRTOS/Source/portable/MemMang/heap_4.o
                0x0000000008005d64                vPortFree
 .text.prvHeapInit
                0x0000000008005e28       0xc4 ./Middlewares/Third_Party/FreeRTOS/Source/portable/MemMang/heap_4.o
 .text.prvInsertBlockIntoFreeList
                0x0000000008005eec       0xb0 ./Middlewares/Third_Party/FreeRTOS/Source/portable/MemMang/heap_4.o
 .text.__errno  0x0000000008005f9c        0xc e:/stm32cubeide_1.8.0/stm32cubeide/plugins/com.st.stm32cube.ide.mcu.externaltools.gnu-tools-for-stm32.9-2020-q2-update.win32_2.0.0.202105311346/tools/bin/../lib/gcc/arm-none-eabi/9.3.1/../../../../arm-none-eabi/lib/thumb/v7-m/nofp\libc_nano.a(lib_a-errno.o)
                0x0000000008005f9c                __errno
 .text.__libc_init_array
                0x0000000008005fa8       0x48 e:/stm32cubeide_1.8.0/stm32cubeide/plugins/com.st.stm32cube.ide.mcu.externaltools.gnu-tools-for-stm32.9-2020-q2-update.win32_2.0.0.202105311346/tools/bin/../lib/gcc/arm-none-eabi/9.3.1/../../../../arm-none-eabi/lib/thumb/v7-m/nofp\libc_nano.a(lib_a-init.o)
                0x0000000008005fa8                __libc_init_array
 .text.__retarget_lock_acquire_recursive
                0x0000000008005ff0        0x2 e:/stm32cubeide_1.8.0/stm32cubeide/plugins/com.st.stm32cube.ide.mcu.externaltools.gnu-tools-for-stm32.9-2020-q2-update.win32_2.0.0.202105311346/tools/bin/../lib/gcc/arm-none-eabi/9.3.1/../../../../arm-none-eabi/lib/thumb/v7-m/nofp\libc_nano.a(lib_a-lock.o)
                0x0000000008005ff0                __retarget_lock_acquire_recursive
 .text.__retarget_lock_release_recursive
                0x0000000008005ff2        0x2 e:/stm32cubeide_1.8.0/stm32cubeide/plugins/com.st.stm32cube.ide.mcu.externaltools.gnu-tools-for-stm32.9-2020-q2-update.win32_2.0.0.202105311346/tools/bin/../lib/gcc/arm-none-eabi/9.3.1/../../../../arm-none-eabi/lib/thumb/v7-m/nofp\libc_nano.a(lib_a-lock.o)
                0x0000000008005ff2                __retarget_lock_release_recursive
 .text.memcpy   0x0000000008005ff4       0x1c e:/stm32cubeide_1.8.0/stm32cubeide/plugins/com.st.stm32cube.ide.mcu.externaltools.gnu-tools-for-stm32.9-2020-q2-update.win32_2.0.0.202105311346/tools/bin/../lib/gcc/arm-none-eabi/9.3.1/../../../../arm-none-eabi/lib/thumb/v7-m/nofp\libc_nano.a(lib_a-memcpy-stub.o)
                0x0000000008005ff4                memcpy
 .text.memset   0x0000000008006010       0x10 e:/stm32cubeide_1.8.0/stm32cubeide/plugins/com.st.stm32cube.ide.mcu.externaltools.gnu-tools-for-stm32.9-2020-q2-update.win32_2.0.0.202105311346/tools/bin/../lib/gcc/arm-none-eabi/9.3.1/../../../../arm-none-eabi/lib/thumb/v7-m/nofp\libc_nano.a(lib_a-memset.o)
                0x0000000008006010                memset
 .text._malloc_r
                0x0000000008006020       0xb4 e:/stm32cubeide_1.8.0/stm32cubeide/plugins/com.st.stm32cube.ide.mcu.externaltools.gnu-tools-for-stm32.9-2020-q2-update.win32_2.0.0.202105311346/tools/bin/../lib/gcc/arm-none-eabi/9.3.1/../../../../arm-none-eabi/lib/thumb/v7-m/nofp\libc_nano.a(lib_a-nano-mallocr.o)
                0x0000000008006020                _malloc_r
 .text.cleanup_glue
                0x00000000080060d4       0x1a e:/stm32cubeide_1.8.0/stm32cubeide/plugins/com.st.stm32cube.ide.mcu.externaltools.gnu-tools-for-stm32.9-2020-q2-update.win32_2.0.0.202105311346/tools/bin/../lib/gcc/arm-none-eabi/9.3.1/../../../../arm-none-eabi/lib/thumb/v7-m/nofp\libc_nano.a(lib_a-reent.o)
                0x00000000080060d4                cleanup_glue
 *fill*         0x00000000080060ee        0x2 
 .text._reclaim_reent
                0x00000000080060f0       0xb8 e:/stm32cubeide_1.8.0/stm32cubeide/plugins/com.st.stm32cube.ide.mcu.externaltools.gnu-tools-for-stm32.9-2020-q2-update.win32_2.0.0.202105311346/tools/bin/../lib/gcc/arm-none-eabi/9.3.1/../../../../arm-none-eabi/lib/thumb/v7-m/nofp\libc_nano.a(lib_a-reent.o)
                0x00000000080060f0                _reclaim_reent
 .text._sbrk_r  0x00000000080061a8       0x20 e:/stm32cubeide_1.8.0/stm32cubeide/plugins/com.st.stm32cube.ide.mcu.externaltools.gnu-tools-for-stm32.9-2020-q2-update.win32_2.0.0.202105311346/tools/bin/../lib/gcc/arm-none-eabi/9.3.1/../../../../arm-none-eabi/lib/thumb/v7-m/nofp\libc_nano.a(lib_a-sbrkr.o)
                0x00000000080061a8                _sbrk_r
 .text._vsnprintf_r
                0x00000000080061c8       0x58 e:/stm32cubeide_1.8.0/stm32cubeide/plugins/com.st.stm32cube.ide.mcu.externaltools.gnu-tools-for-stm32.9-2020-q2-update.win32_2.0.0.202105311346/tools/bin/../lib/gcc/arm-none-eabi/9.3.1/../../../../arm-none-eabi/lib/thumb/v7-m/nofp\libc_nano.a(lib_a-vsnprintf.o)
                0x00000000080061c8                _vsniprintf_r
                0x00000000080061c8                _vsnprintf_r
 .text.vsnprintf
                0x0000000008006220       0x1c e:/stm32cubeide_1.8.0/stm32cubeide/plugins/com.st.stm32cube.ide.mcu.externaltools.gnu-tools-for-stm32.9-2020-q2-update.win32_2.0.0.202105311346/tools/bin/../lib/gcc/arm-none-eabi/9.3.1/../../../../arm-none-eabi/lib/thumb/v7-m/nofp\libc_nano.a(lib_a-vsnprintf.o)
                0x0000000008006220                vsniprintf
                0x0000000008006220                vsnprintf
 .text.__malloc_lock
                0x000000000800623c        0xc e:/stm32cubeide_1.8.0/stm32cubeide/plugins/com.st.stm32cube.ide.mcu.externaltools.gnu-tools-for-stm32.9-2020-q2-update.win32_2.0.0.202105311346/tools/bin/../lib/gcc/arm-none-eabi/9.3.1/../../../../arm-none-eabi/lib/thumb/v7-m/nofp\libc_nano.a(lib_a-mlock.o)
                0x000000000800623c                __malloc_lock
 .text.__malloc_unlock
                0x0000000008006248        0xc e:/stm32cubeide_1.8.0/stm32cubeide/plugins/com.st.stm32cube.ide.mcu.externaltools.gnu-tools-for-stm32.9-2020-q2-update.win32_2.0.0.202105311346/tools/bin/../lib/gcc/arm-none-eabi/9.3.1/../../../../arm-none-eabi/lib/thumb/v7-m/nofp\libc_nano.a(lib_a-mlock.o)
                0x0000000008006248                __malloc_unlock
 .text._free_r  0x0000000008006254       0x98 e:/stm32cubeide_1.8.0/stm32cubeide/plugins/com.st.stm32cube.ide.mcu.externaltools.gnu-tools-for-stm32.9-2020-q2-update.win32_2.0.0.202105311346/tools/bin/../lib/gcc/arm-none-eabi/9.3.1/../../../../arm-none-eabi/lib/thumb/v7-m/nofp\libc_nano.a(lib_a-nano-freer.o)
                0x0000000008006254                _free_r
 .text.__ssputs_r
                0x00000000080062ec       0xb6 e:/stm32cubeide_1.8.0/stm32cubeide/plugins/com.st.stm32cube.ide.mcu.externaltools.gnu-tools-for-stm32.9-2020-q2-update.win32_2.0.0.202105311346/tools/bin/../lib/gcc/arm-none-eabi/9.3.1/../../../../arm-none-eabi/lib/thumb/v7-m/nofp\libc_nano.a(lib_a-nano-svfprintf.o)
                0x00000000080062ec                __ssputs_r
 *fill*         0x00000000080063a2        0x2 
 .text._svfprintf_r
                0x00000000080063a4      0x200 e:/stm32cubeide_1.8.0/stm32cubeide/plugins/com.st.stm32cube.ide.mcu.externaltools.gnu-tools-for-stm32.9-2020-q2-update.win32_2.0.0.202105311346/tools/bin/../lib/gcc/arm-none-eabi/9.3.1/../../../../arm-none-eabi/lib/thumb/v7-m/nofp\libc_nano.a(lib_a-nano-svfprintf.o)
                0x00000000080063a4                _svfiprintf_r
                0x00000000080063a4                _svfprintf_r
 .text._printf_common
                0x00000000080065a4       0xde e:/stm32cubeide_1.8.0/stm32cubeide/plugins/com.st.stm32cube.ide.mcu.externaltools.gnu-tools-for-stm32.9-2020-q2-update.win32_2.0.0.202105311346/tools/bin/../lib/gcc/arm-none-eabi/9.3.1/../../../../arm-none-eabi/lib/thumb/v7-m/nofp\libc_nano.a(lib_a-nano-vfprintf_i.o)
                0x00000000080065a4                _printf_common
 *fill*         0x0000000008006682        0x2 
 .text._printf_i
                0x0000000008006684      0x24c e:/stm32cubeide_1.8.0/stm32cubeide/plugins/com.st.stm32cube.ide.mcu.externaltools.gnu-tools-for-stm32.9-2020-q2-update.win32_2.0.0.202105311346/tools/bin/../lib/gcc/arm-none-eabi/9.3.1/../../../../arm-none-eabi/lib/thumb/v7-m/nofp\libc_nano.a(lib_a-nano-vfprintf_i.o)
                0x0000000008006684                _printf_i
 .text.memchr   0x00000000080068d0       0x1c e:/stm32cubeide_1.8.0/stm32cubeide/plugins/com.st.stm32cube.ide.mcu.externaltools.gnu-tools-for-stm32.9-2020-q2-update.win32_2.0.0.202105311346/tools/bin/../lib/gcc/arm-none-eabi/9.3.1/../../../../arm-none-eabi/lib/thumb/v7-m/nofp\libc_nano.a(lib_a-memchr-stub.o)
                0x00000000080068d0                memchr
 .text.memmove  0x00000000080068ec       0x34 e:/stm32cubeide_1.8.0/stm32cubeide/plugins/com.st.stm32cube.ide.mcu.externaltools.gnu-tools-for-stm32.9-2020-q2-update.win32_2.0.0.202105311346/tools/bin/../lib/gcc/arm-none-eabi/9.3.1/../../../../arm-none-eabi/lib/thumb/v7-m/nofp\libc_nano.a(lib_a-memmove.o)
                0x00000000080068ec                memmove
 .text._realloc_r
                0x0000000008006920       0x4c e:/stm32cubeide_1.8.0/stm32cubeide/plugins/com.st.stm32cube.ide.mcu.externaltools.gnu-tools-for-stm32.9-2020-q2-update.win32_2.0.0.202105311346/tools/bin/../lib/gcc/arm-none-eabi/9.3.1/../../../../arm-none-eabi/lib/thumb/v7-m/nofp\libc_nano.a(lib_a-nano-reallocr.o)
                0x0000000008006920                _realloc_r
 .text._malloc_usable_size_r
                0x000000000800696c       0x10 e:/stm32cubeide_1.8.0/stm32cubeide/plugins/com.st.stm32cube.ide.mcu.externaltools.gnu-tools-for-stm32.9-2020-q2-update.win32_2.0.0.202105311346/tools/bin/../lib/gcc/arm-none-eabi/9.3.1/../../../../arm-none-eabi/lib/thumb/v7-m/nofp\libc_nano.a(lib_a-nano-msizer.o)
                0x000000000800696c                _malloc_usable_size_r
 *(.glue_7)
 .glue_7        0x000000000800697c        0x0 linker stubs
 *(.glue_7t)
 .glue_7t       0x000000000800697c        0x0 linker stubs
 *(.eh_frame)
 .eh_frame      0x000000000800697c        0x0 e:/stm32cubeide_1.8.0/stm32cubeide/plugins/com.st.stm32cube.ide.mcu.externaltools.gnu-tools-for-stm32.9-2020-q2-update.win32_2.0.0.202105311346/tools/bin/../lib/gcc/arm-none-eabi/9.3.1/thumb/v7-m/nofp/crtbegin.o
 *(.init)
 .init          0x000000000800697c        0x4 e:/stm32cubeide_1.8.0/stm32cubeide/plugins/com.st.stm32cube.ide.mcu.externaltools.gnu-tools-for-stm32.9-2020-q2-update.win32_2.0.0.202105311346/tools/bin/../lib/gcc/arm-none-eabi/9.3.1/thumb/v7-m/nofp/crti.o
                0x000000000800697c                _init
 .init          0x0000000008006980        0x8 e:/stm32cubeide_1.8.0/stm32cubeide/plugins/com.st.stm32cube.ide.mcu.externaltools.gnu-tools-for-stm32.9-2020-q2-update.win32_2.0.0.202105311346/tools/bin/../lib/gcc/arm-none-eabi/9.3.1/thumb/v7-m/nofp/crtn.o
 *(.fini)
 .fini          0x0000000008006988        0x4 e:/stm32cubeide_1.8.0/stm32cubeide/plugins/com.st.stm32cube.ide.mcu.externaltools.gnu-tools-for-stm32.9-2020-q2-update.win32_2.0.0.202105311346/tools/bin/../lib/gcc/arm-none-eabi/9.3.1/thumb/v7-m/nofp/crti.o
                0x0000000008006988                _fini
 .fini          0x000000000800698c        0x8 e:/stm32cubeide_1.8.0/stm32cubeide/plugins/com.st.stm32cube.ide.mcu.externaltools.gnu-tools-for-stm32.9-2020-q2-update.win32_2.0.0.202105311346/tools/bin/../lib/gcc/arm-none-eabi/9.3.1/thumb/v7-m/nofp/crtn.o
                0x0000000008006994                . = ALIGN (0x4)
                0x0000000008006994                _etext = .

.vfp11_veneer   0x0000000008006994        0x0
 .vfp11_veneer  0x0000000008006994        0x0 linker stubs

.v4_bx          0x0000000008006994        0x0
 .v4_bx         0x0000000008006994        0x0 linker stubs

.iplt           0x0000000008006994        0x0
 .iplt          0x0000000008006994        0x0 e:/stm32cubeide_1.8.0/stm32cubeide/plugins/com.st.stm32cube.ide.mcu.externaltools.gnu-tools-for-stm32.9-2020-q2-update.win32_2.0.0.202105311346/tools/bin/../lib/gcc/arm-none-eabi/9.3.1/thumb/v7-m/nofp/crtbegin.o

.rodata         0x0000000008006994      0x280
                0x0000000008006994                . = ALIGN (0x4)
 *(.rodata)
 .rodata        0x0000000008006994      0x195 ./Core/Src/main.o
 *fill*         0x0000000008006b29        0x3 
 .rodata        0x0000000008006b2c        0x5 ./Middlewares/Third_Party/FreeRTOS/Source/tasks.o
 *(.rodata*)
 *fill*         0x0000000008006b31        0x3 
 .rodata.SX1278_Power
                0x0000000008006b34        0x4 ./Core/Src/SX1278.o
 .rodata.SX1278_SpreadFactor
                0x0000000008006b38        0x7 ./Core/Src/SX1278.o
 *fill*         0x0000000008006b3f        0x1 
 .rodata.SX1278_LoRaBandwidth
                0x0000000008006b40        0xa ./Core/Src/SX1278.o
 *fill*         0x0000000008006b4a        0x2 
 .rodata.SX1278_CodingRate
                0x0000000008006b4c        0x4 ./Core/Src/SX1278.o
 .rodata.SX1278_CRC_Sum
                0x0000000008006b50        0x2 ./Core/Src/SX1278.o
 *fill*         0x0000000008006b52        0x2 
 .rodata.AHBPrescTable
                0x0000000008006b54       0x10 ./Core/Src/system_stm32f1xx.o
                0x0000000008006b54                AHBPrescTable
 .rodata.APBPrescTable
                0x0000000008006b64        0x8 ./Core/Src/system_stm32f1xx.o
                0x0000000008006b64                APBPrescTable
 .rodata.aPLLMULFactorTable.6322
                0x0000000008006b6c       0x10 ./Drivers/STM32F1xx_HAL_Driver/Src/stm32f1xx_hal_rcc.o
 .rodata.aPredivFactorTable.6323
                0x0000000008006b7c        0x2 ./Drivers/STM32F1xx_HAL_Driver/Src/stm32f1xx_hal_rcc.o
 *fill*         0x0000000008006b7e        0x2 
 .rodata.__sf_fake_stderr
                0x0000000008006b80       0x20 e:/stm32cubeide_1.8.0/stm32cubeide/plugins/com.st.stm32cube.ide.mcu.externaltools.gnu-tools-for-stm32.9-2020-q2-update.win32_2.0.0.202105311346/tools/bin/../lib/gcc/arm-none-eabi/9.3.1/../../../../arm-none-eabi/lib/thumb/v7-m/nofp\libc_nano.a(lib_a-findfp.o)
                0x0000000008006b80                __sf_fake_stderr
 .rodata.__sf_fake_stdin
                0x0000000008006ba0       0x20 e:/stm32cubeide_1.8.0/stm32cubeide/plugins/com.st.stm32cube.ide.mcu.externaltools.gnu-tools-for-stm32.9-2020-q2-update.win32_2.0.0.202105311346/tools/bin/../lib/gcc/arm-none-eabi/9.3.1/../../../../arm-none-eabi/lib/thumb/v7-m/nofp\libc_nano.a(lib_a-findfp.o)
                0x0000000008006ba0                __sf_fake_stdin
 .rodata.__sf_fake_stdout
                0x0000000008006bc0       0x20 e:/stm32cubeide_1.8.0/stm32cubeide/plugins/com.st.stm32cube.ide.mcu.externaltools.gnu-tools-for-stm32.9-2020-q2-update.win32_2.0.0.202105311346/tools/bin/../lib/gcc/arm-none-eabi/9.3.1/../../../../arm-none-eabi/lib/thumb/v7-m/nofp\libc_nano.a(lib_a-findfp.o)
                0x0000000008006bc0                __sf_fake_stdout
 .rodata._svfprintf_r.str1.1
                0x0000000008006be0       0x11 e:/stm32cubeide_1.8.0/stm32cubeide/plugins/com.st.stm32cube.ide.mcu.externaltools.gnu-tools-for-stm32.9-2020-q2-update.win32_2.0.0.202105311346/tools/bin/../lib/gcc/arm-none-eabi/9.3.1/../../../../arm-none-eabi/lib/thumb/v7-m/nofp\libc_nano.a(lib_a-nano-svfprintf.o)
 .rodata._printf_i.str1.1
                0x0000000008006bf1       0x22 e:/stm32cubeide_1.8.0/stm32cubeide/plugins/com.st.stm32cube.ide.mcu.externaltools.gnu-tools-for-stm32.9-2020-q2-update.win32_2.0.0.202105311346/tools/bin/../lib/gcc/arm-none-eabi/9.3.1/../../../../arm-none-eabi/lib/thumb/v7-m/nofp\libc_nano.a(lib_a-nano-vfprintf_i.o)
                0x0000000008006c14                . = ALIGN (0x4)
 *fill*         0x0000000008006c13        0x1 

.ARM.extab      0x0000000008006c14        0x0
                0x0000000008006c14                . = ALIGN (0x4)
 *(.ARM.extab* .gnu.linkonce.armextab.*)
                0x0000000008006c14                . = ALIGN (0x4)

.ARM            0x0000000008006c14        0x8
                0x0000000008006c14                . = ALIGN (0x4)
                0x0000000008006c14                __exidx_start = .
 *(.ARM.exidx*)
 .ARM.exidx     0x0000000008006c14        0x8 e:/stm32cubeide_1.8.0/stm32cubeide/plugins/com.st.stm32cube.ide.mcu.externaltools.gnu-tools-for-stm32.9-2020-q2-update.win32_2.0.0.202105311346/tools/bin/../lib/gcc/arm-none-eabi/9.3.1/thumb/v7-m/nofp\libgcc.a(_udivmoddi4.o)
                0x0000000008006c1c                __exidx_end = .
                0x0000000008006c1c                . = ALIGN (0x4)

.rel.dyn        0x0000000008006c1c        0x0
 .rel.iplt      0x0000000008006c1c        0x0 e:/stm32cubeide_1.8.0/stm32cubeide/plugins/com.st.stm32cube.ide.mcu.externaltools.gnu-tools-for-stm32.9-2020-q2-update.win32_2.0.0.202105311346/tools/bin/../lib/gcc/arm-none-eabi/9.3.1/thumb/v7-m/nofp/crtbegin.o

.preinit_array  0x0000000008006c1c        0x0
                0x0000000008006c1c                . = ALIGN (0x4)
                0x0000000008006c1c                PROVIDE (__preinit_array_start = .)
 *(.preinit_array*)
                0x0000000008006c1c                PROVIDE (__preinit_array_end = .)
                0x0000000008006c1c                . = ALIGN (0x4)

.init_array     0x0000000008006c1c        0x4
                0x0000000008006c1c                . = ALIGN (0x4)
                0x0000000008006c1c                PROVIDE (__init_array_start = .)
 *(SORT_BY_NAME(.init_array.*))
 *(.init_array*)
 .init_array    0x0000000008006c1c        0x4 e:/stm32cubeide_1.8.0/stm32cubeide/plugins/com.st.stm32cube.ide.mcu.externaltools.gnu-tools-for-stm32.9-2020-q2-update.win32_2.0.0.202105311346/tools/bin/../lib/gcc/arm-none-eabi/9.3.1/thumb/v7-m/nofp/crtbegin.o
                0x0000000008006c20                PROVIDE (__init_array_end = .)
                0x0000000008006c20                . = ALIGN (0x4)

.fini_array     0x0000000008006c20        0x4
                0x0000000008006c20                . = ALIGN (0x4)
                [!provide]                        PROVIDE (__fini_array_start = .)
 *(SORT_BY_NAME(.fini_array.*))
 *(.fini_array*)
 .fini_array    0x0000000008006c20        0x4 e:/stm32cubeide_1.8.0/stm32cubeide/plugins/com.st.stm32cube.ide.mcu.externaltools.gnu-tools-for-stm32.9-2020-q2-update.win32_2.0.0.202105311346/tools/bin/../lib/gcc/arm-none-eabi/9.3.1/thumb/v7-m/nofp/crtbegin.o
                [!provide]                        PROVIDE (__fini_array_end = .)
                0x0000000008006c24                . = ALIGN (0x4)
                0x0000000008006c24                _sidata = LOADADDR (.data)

.data           0x0000000020000000       0x7c load address 0x0000000008006c24
                0x0000000020000000                . = ALIGN (0x4)
                0x0000000020000000                _sdata = .
 *(.data)
 *(.data*)
 .data.connected_dev
                0x0000000020000000        0x5 ./Core/Src/main.o
                0x0000000020000000                connected_dev
 *fill*         0x0000000020000005        0x3 
 .data.SystemCoreClock
                0x0000000020000008        0x4 ./Core/Src/system_stm32f1xx.o
                0x0000000020000008                SystemCoreClock
 .data.uwTickPrio
                0x000000002000000c        0x4 ./Drivers/STM32F1xx_HAL_Driver/Src/stm32f1xx_hal.o
                0x000000002000000c                uwTickPrio
 .data.uwTickFreq
                0x0000000020000010        0x1 ./Drivers/STM32F1xx_HAL_Driver/Src/stm32f1xx_hal.o
                0x0000000020000010                uwTickFreq
 *fill*         0x0000000020000011        0x3 
 .data.uxCriticalNesting
                0x0000000020000014        0x4 ./Middlewares/Third_Party/FreeRTOS/Source/portable/GCC/ARM_CM3/port.o
 .data._impure_ptr
                0x0000000020000018        0x4 e:/stm32cubeide_1.8.0/stm32cubeide/plugins/com.st.stm32cube.ide.mcu.externaltools.gnu-tools-for-stm32.9-2020-q2-update.win32_2.0.0.202105311346/tools/bin/../lib/gcc/arm-none-eabi/9.3.1/../../../../arm-none-eabi/lib/thumb/v7-m/nofp\libc_nano.a(lib_a-impure.o)
                0x0000000020000018                _impure_ptr
 .data.impure_data
                0x000000002000001c       0x60 e:/stm32cubeide_1.8.0/stm32cubeide/plugins/com.st.stm32cube.ide.mcu.externaltools.gnu-tools-for-stm32.9-2020-q2-update.win32_2.0.0.202105311346/tools/bin/../lib/gcc/arm-none-eabi/9.3.1/../../../../arm-none-eabi/lib/thumb/v7-m/nofp\libc_nano.a(lib_a-impure.o)
 *(.RamFunc)
 *(.RamFunc*)
                0x000000002000007c                . = ALIGN (0x4)
                0x000000002000007c                _edata = .

.igot.plt       0x000000002000007c        0x0 load address 0x0000000008006ca0
 .igot.plt      0x000000002000007c        0x0 e:/stm32cubeide_1.8.0/stm32cubeide/plugins/com.st.stm32cube.ide.mcu.externaltools.gnu-tools-for-stm32.9-2020-q2-update.win32_2.0.0.202105311346/tools/bin/../lib/gcc/arm-none-eabi/9.3.1/thumb/v7-m/nofp/crtbegin.o
                0x000000002000007c                . = ALIGN (0x4)

.bss            0x0000000020000080     0x130c load address 0x0000000008006ca0
                0x0000000020000080                _sbss = .
                0x0000000020000080                __bss_start__ = _sbss
 *(.bss)
 .bss           0x0000000020000080       0x1c e:/stm32cubeide_1.8.0/stm32cubeide/plugins/com.st.stm32cube.ide.mcu.externaltools.gnu-tools-for-stm32.9-2020-q2-update.win32_2.0.0.202105311346/tools/bin/../lib/gcc/arm-none-eabi/9.3.1/thumb/v7-m/nofp/crtbegin.o
 *(.bss*)
 .bss.xIdleTaskTCBBuffer
                0x000000002000009c       0xb4 ./Core/Src/freertos.o
 .bss.xIdleStack
                0x0000000020000150      0x200 ./Core/Src/freertos.o
 .bss.receive_packet
                0x0000000020000350       0x3c ./Core/Src/main.o
                0x0000000020000350                receive_packet
 .bss.timeout_check
                0x000000002000038c       0x14 ./Core/Src/main.o
                0x000000002000038c                timeout_check
 .bss.transmit_packet
                0x00000000200003a0        0x7 ./Core/Src/main.o
                0x00000000200003a0                transmit_packet
 *fill*         0x00000000200003a7        0x1 
 .bss.__sbrk_heap_end
                0x00000000200003a8        0x4 ./Core/Src/sysmem.o
 .bss.pxCurrentTCB
                0x00000000200003ac        0x4 ./Middlewares/Third_Party/FreeRTOS/Source/tasks.o
                0x00000000200003ac                pxCurrentTCB
 .bss.pxReadyTasksLists
                0x00000000200003b0       0x8c ./Middlewares/Third_Party/FreeRTOS/Source/tasks.o
 .bss.xDelayedTaskList1
                0x000000002000043c       0x14 ./Middlewares/Third_Party/FreeRTOS/Source/tasks.o
 .bss.xDelayedTaskList2
                0x0000000020000450       0x14 ./Middlewares/Third_Party/FreeRTOS/Source/tasks.o
 .bss.pxDelayedTaskList
                0x0000000020000464        0x4 ./Middlewares/Third_Party/FreeRTOS/Source/tasks.o
 .bss.pxOverflowDelayedTaskList
                0x0000000020000468        0x4 ./Middlewares/Third_Party/FreeRTOS/Source/tasks.o
 .bss.xPendingReadyList
                0x000000002000046c       0x14 ./Middlewares/Third_Party/FreeRTOS/Source/tasks.o
 .bss.xTasksWaitingTermination
                0x0000000020000480       0x14 ./Middlewares/Third_Party/FreeRTOS/Source/tasks.o
 .bss.uxDeletedTasksWaitingCleanUp
                0x0000000020000494        0x4 ./Middlewares/Third_Party/FreeRTOS/Source/tasks.o
 .bss.xSuspendedTaskList
                0x0000000020000498       0x14 ./Middlewares/Third_Party/FreeRTOS/Source/tasks.o
 .bss.uxCurrentNumberOfTasks
                0x00000000200004ac        0x4 ./Middlewares/Third_Party/FreeRTOS/Source/tasks.o
 .bss.xTickCount
                0x00000000200004b0        0x4 ./Middlewares/Third_Party/FreeRTOS/Source/tasks.o
 .bss.uxTopReadyPriority
                0x00000000200004b4        0x4 ./Middlewares/Third_Party/FreeRTOS/Source/tasks.o
 .bss.xSchedulerRunning
                0x00000000200004b8        0x4 ./Middlewares/Third_Party/FreeRTOS/Source/tasks.o
 .bss.xPendedTicks
                0x00000000200004bc        0x4 ./Middlewares/Third_Party/FreeRTOS/Source/tasks.o
 .bss.xYieldPending
                0x00000000200004c0        0x4 ./Middlewares/Third_Party/FreeRTOS/Source/tasks.o
 .bss.xNumOfOverflows
                0x00000000200004c4        0x4 ./Middlewares/Third_Party/FreeRTOS/Source/tasks.o
 .bss.uxTaskNumber
                0x00000000200004c8        0x4 ./Middlewares/Third_Party/FreeRTOS/Source/tasks.o
 .bss.xNextTaskUnblockTime
                0x00000000200004cc        0x4 ./Middlewares/Third_Party/FreeRTOS/Source/tasks.o
 .bss.xIdleTaskHandle
                0x00000000200004d0        0x4 ./Middlewares/Third_Party/FreeRTOS/Source/tasks.o
 .bss.uxSchedulerSuspended
                0x00000000200004d4        0x4 ./Middlewares/Third_Party/FreeRTOS/Source/tasks.o
 .bss.ucMaxSysCallPriority
                0x00000000200004d8        0x1 ./Middlewares/Third_Party/FreeRTOS/Source/portable/GCC/ARM_CM3/port.o
 *fill*         0x00000000200004d9        0x3 
 .bss.ulMaxPRIGROUPValue
                0x00000000200004dc        0x4 ./Middlewares/Third_Party/FreeRTOS/Source/portable/GCC/ARM_CM3/port.o
 .bss.ucHeap    0x00000000200004e0      0xc00 ./Middlewares/Third_Party/FreeRTOS/Source/portable/MemMang/heap_4.o
 .bss.xStart    0x00000000200010e0        0x8 ./Middlewares/Third_Party/FreeRTOS/Source/portable/MemMang/heap_4.o
 .bss.pxEnd     0x00000000200010e8        0x4 ./Middlewares/Third_Party/FreeRTOS/Source/portable/MemMang/heap_4.o
 .bss.xFreeBytesRemaining
                0x00000000200010ec        0x4 ./Middlewares/Third_Party/FreeRTOS/Source/portable/MemMang/heap_4.o
 .bss.xMinimumEverFreeBytesRemaining
                0x00000000200010f0        0x4 ./Middlewares/Third_Party/FreeRTOS/Source/portable/MemMang/heap_4.o
 .bss.xNumberOfSuccessfulAllocations
                0x00000000200010f4        0x4 ./Middlewares/Third_Party/FreeRTOS/Source/portable/MemMang/heap_4.o
 .bss.xNumberOfSuccessfulFrees
                0x00000000200010f8        0x4 ./Middlewares/Third_Party/FreeRTOS/Source/portable/MemMang/heap_4.o
 .bss.xBlockAllocatedBit
                0x00000000200010fc        0x4 ./Middlewares/Third_Party/FreeRTOS/Source/portable/MemMang/heap_4.o
 .bss.__malloc_free_list
                0x0000000020001100        0x4 e:/stm32cubeide_1.8.0/stm32cubeide/plugins/com.st.stm32cube.ide.mcu.externaltools.gnu-tools-for-stm32.9-2020-q2-update.win32_2.0.0.202105311346/tools/bin/../lib/gcc/arm-none-eabi/9.3.1/../../../../arm-none-eabi/lib/thumb/v7-m/nofp\libc_nano.a(lib_a-nano-mallocr.o)
                0x0000000020001100                __malloc_free_list
 .bss.__malloc_sbrk_start
                0x0000000020001104        0x4 e:/stm32cubeide_1.8.0/stm32cubeide/plugins/com.st.stm32cube.ide.mcu.externaltools.gnu-tools-for-stm32.9-2020-q2-update.win32_2.0.0.202105311346/tools/bin/../lib/gcc/arm-none-eabi/9.3.1/../../../../arm-none-eabi/lib/thumb/v7-m/nofp\libc_nano.a(lib_a-nano-mallocr.o)
                0x0000000020001104                __malloc_sbrk_start
 *(COMMON)
 COMMON         0x0000000020001108      0x228 ./Core/Src/main.o
                0x0000000020001108                huart3
                0x0000000020001150                dataReadyHandle
                0x0000000020001154                ReceiveTaskHandle
                0x0000000020001158                huart1
                0x00000000200011a0                hspi1
                0x00000000200011f8                SX1278
                0x0000000020001310                SX1278_hw
                0x000000002000132c                TransmitTaskHandle
 COMMON         0x0000000020001330       0x48 ./Core/Src/stm32f1xx_hal_timebase_tim.o
                0x0000000020001330                htim4
 COMMON         0x0000000020001378        0x4 ./Drivers/STM32F1xx_HAL_Driver/Src/stm32f1xx_hal.o
                0x0000000020001378                uwTick
 COMMON         0x000000002000137c        0x9 e:/stm32cubeide_1.8.0/stm32cubeide/plugins/com.st.stm32cube.ide.mcu.externaltools.gnu-tools-for-stm32.9-2020-q2-update.win32_2.0.0.202105311346/tools/bin/../lib/gcc/arm-none-eabi/9.3.1/../../../../arm-none-eabi/lib/thumb/v7-m/nofp\libc_nano.a(lib_a-lock.o)
                0x000000002000137c                __lock___atexit_recursive_mutex
                0x000000002000137d                __lock___arc4random_mutex
                0x000000002000137e                __lock___env_recursive_mutex
                0x000000002000137f                __lock___sinit_recursive_mutex
                0x0000000020001380                __lock___malloc_recursive_mutex
                0x0000000020001381                __lock___at_quick_exit_mutex
                0x0000000020001382                __lock___dd_hash_mutex
                0x0000000020001383                __lock___tz_mutex
                0x0000000020001384                __lock___sfp_recursive_mutex
 *fill*         0x0000000020001385        0x3 
 COMMON         0x0000000020001388        0x4 e:/stm32cubeide_1.8.0/stm32cubeide/plugins/com.st.stm32cube.ide.mcu.externaltools.gnu-tools-for-stm32.9-2020-q2-update.win32_2.0.0.202105311346/tools/bin/../lib/gcc/arm-none-eabi/9.3.1/../../../../arm-none-eabi/lib/thumb/v7-m/nofp\libc_nano.a(lib_a-reent.o)
                0x0000000020001388                errno
                0x000000002000138c                . = ALIGN (0x4)
                0x000000002000138c                _ebss = .
                0x000000002000138c                __bss_end__ = _ebss

._user_heap_stack
                0x000000002000138c      0x604 load address 0x0000000008006ca0
                0x0000000020001390                . = ALIGN (0x8)
 *fill*         0x000000002000138c        0x4 
                [!provide]                        PROVIDE (end = .)
                0x0000000020001390                PROVIDE (_end = .)
                0x0000000020001590                . = (. + _Min_Heap_Size)
 *fill*         0x0000000020001390      0x200 
                0x0000000020001990                . = (. + _Min_Stack_Size)
 *fill*         0x0000000020001590      0x400 
                0x0000000020001990                . = ALIGN (0x8)

/DISCARD/
 libc.a(*)
 libm.a(*)
 libgcc.a(*)

.ARM.attributes
                0x0000000000000000       0x29
 *(.ARM.attributes)
 .ARM.attributes
                0x0000000000000000       0x1d e:/stm32cubeide_1.8.0/stm32cubeide/plugins/com.st.stm32cube.ide.mcu.externaltools.gnu-tools-for-stm32.9-2020-q2-update.win32_2.0.0.202105311346/tools/bin/../lib/gcc/arm-none-eabi/9.3.1/thumb/v7-m/nofp/crti.o
 .ARM.attributes
                0x000000000000001d       0x2d e:/stm32cubeide_1.8.0/stm32cubeide/plugins/com.st.stm32cube.ide.mcu.externaltools.gnu-tools-for-stm32.9-2020-q2-update.win32_2.0.0.202105311346/tools/bin/../lib/gcc/arm-none-eabi/9.3.1/thumb/v7-m/nofp/crtbegin.o
 .ARM.attributes
                0x000000000000004a       0x2d ./Core/Src/SX1278.o
 .ARM.attributes
                0x0000000000000077       0x2d ./Core/Src/SX1278_hw.o
 .ARM.attributes
                0x00000000000000a4       0x2d ./Core/Src/freertos.o
 .ARM.attributes
                0x00000000000000d1       0x2d ./Core/Src/main.o
 .ARM.attributes
                0x00000000000000fe       0x2d ./Core/Src/stm32f1xx_hal_msp.o
 .ARM.attributes
                0x000000000000012b       0x2d ./Core/Src/stm32f1xx_hal_timebase_tim.o
 .ARM.attributes
                0x0000000000000158       0x2d ./Core/Src/stm32f1xx_it.o
 .ARM.attributes
                0x0000000000000185       0x2d ./Core/Src/sysmem.o
 .ARM.attributes
                0x00000000000001b2       0x2d ./Core/Src/system_stm32f1xx.o
 .ARM.attributes
                0x00000000000001df       0x21 ./Core/Startup/startup_stm32f103c8tx.o
 .ARM.attributes
                0x0000000000000200       0x2d ./Drivers/STM32F1xx_HAL_Driver/Src/stm32f1xx_hal.o
 .ARM.attributes
                0x000000000000022d       0x2d ./Drivers/STM32F1xx_HAL_Driver/Src/stm32f1xx_hal_cortex.o
 .ARM.attributes
                0x000000000000025a       0x2d ./Drivers/STM32F1xx_HAL_Driver/Src/stm32f1xx_hal_gpio.o
 .ARM.attributes
                0x0000000000000287       0x2d ./Drivers/STM32F1xx_HAL_Driver/Src/stm32f1xx_hal_rcc.o
 .ARM.attributes
                0x00000000000002b4       0x2d ./Drivers/STM32F1xx_HAL_Driver/Src/stm32f1xx_hal_spi.o
 .ARM.attributes
                0x00000000000002e1       0x2d ./Drivers/STM32F1xx_HAL_Driver/Src/stm32f1xx_hal_tim.o
 .ARM.attributes
                0x000000000000030e       0x2d ./Drivers/STM32F1xx_HAL_Driver/Src/stm32f1xx_hal_tim_ex.o
 .ARM.attributes
                0x000000000000033b       0x2d ./Drivers/STM32F1xx_HAL_Driver/Src/stm32f1xx_hal_uart.o
 .ARM.attributes
                0x0000000000000368       0x2d ./Middlewares/Third_Party/FreeRTOS/Source/CMSIS_RTOS/cmsis_os.o
 .ARM.attributes
                0x0000000000000395       0x2d ./Middlewares/Third_Party/FreeRTOS/Source/list.o
 .ARM.attributes
                0x00000000000003c2       0x2d ./Middlewares/Third_Party/FreeRTOS/Source/queue.o
 .ARM.attributes
                0x00000000000003ef       0x2d ./Middlewares/Third_Party/FreeRTOS/Source/tasks.o
 .ARM.attributes
                0x000000000000041c       0x2d ./Middlewares/Third_Party/FreeRTOS/Source/portable/GCC/ARM_CM3/port.o
 .ARM.attributes
                0x0000000000000449       0x2d ./Middlewares/Third_Party/FreeRTOS/Source/portable/MemMang/heap_4.o
 .ARM.attributes
                0x0000000000000476       0x2d e:/stm32cubeide_1.8.0/stm32cubeide/plugins/com.st.stm32cube.ide.mcu.externaltools.gnu-tools-for-stm32.9-2020-q2-update.win32_2.0.0.202105311346/tools/bin/../lib/gcc/arm-none-eabi/9.3.1/../../../../arm-none-eabi/lib/thumb/v7-m/nofp\libc_nano.a(lib_a-errno.o)
 .ARM.attributes
                0x00000000000004a3       0x2d e:/stm32cubeide_1.8.0/stm32cubeide/plugins/com.st.stm32cube.ide.mcu.externaltools.gnu-tools-for-stm32.9-2020-q2-update.win32_2.0.0.202105311346/tools/bin/../lib/gcc/arm-none-eabi/9.3.1/../../../../arm-none-eabi/lib/thumb/v7-m/nofp\libc_nano.a(lib_a-findfp.o)
 .ARM.attributes
                0x00000000000004d0       0x2d e:/stm32cubeide_1.8.0/stm32cubeide/plugins/com.st.stm32cube.ide.mcu.externaltools.gnu-tools-for-stm32.9-2020-q2-update.win32_2.0.0.202105311346/tools/bin/../lib/gcc/arm-none-eabi/9.3.1/../../../../arm-none-eabi/lib/thumb/v7-m/nofp\libc_nano.a(lib_a-impure.o)
 .ARM.attributes
                0x00000000000004fd       0x2d e:/stm32cubeide_1.8.0/stm32cubeide/plugins/com.st.stm32cube.ide.mcu.externaltools.gnu-tools-for-stm32.9-2020-q2-update.win32_2.0.0.202105311346/tools/bin/../lib/gcc/arm-none-eabi/9.3.1/../../../../arm-none-eabi/lib/thumb/v7-m/nofp\libc_nano.a(lib_a-init.o)
 .ARM.attributes
                0x000000000000052a       0x2d e:/stm32cubeide_1.8.0/stm32cubeide/plugins/com.st.stm32cube.ide.mcu.externaltools.gnu-tools-for-stm32.9-2020-q2-update.win32_2.0.0.202105311346/tools/bin/../lib/gcc/arm-none-eabi/9.3.1/../../../../arm-none-eabi/lib/thumb/v7-m/nofp\libc_nano.a(lib_a-lock.o)
 .ARM.attributes
                0x0000000000000557       0x2d e:/stm32cubeide_1.8.0/stm32cubeide/plugins/com.st.stm32cube.ide.mcu.externaltools.gnu-tools-for-stm32.9-2020-q2-update.win32_2.0.0.202105311346/tools/bin/../lib/gcc/arm-none-eabi/9.3.1/../../../../arm-none-eabi/lib/thumb/v7-m/nofp\libc_nano.a(lib_a-memcpy-stub.o)
 .ARM.attributes
                0x0000000000000584       0x2d e:/stm32cubeide_1.8.0/stm32cubeide/plugins/com.st.stm32cube.ide.mcu.externaltools.gnu-tools-for-stm32.9-2020-q2-update.win32_2.0.0.202105311346/tools/bin/../lib/gcc/arm-none-eabi/9.3.1/../../../../arm-none-eabi/lib/thumb/v7-m/nofp\libc_nano.a(lib_a-memset.o)
 .ARM.attributes
                0x00000000000005b1       0x2d e:/stm32cubeide_1.8.0/stm32cubeide/plugins/com.st.stm32cube.ide.mcu.externaltools.gnu-tools-for-stm32.9-2020-q2-update.win32_2.0.0.202105311346/tools/bin/../lib/gcc/arm-none-eabi/9.3.1/../../../../arm-none-eabi/lib/thumb/v7-m/nofp\libc_nano.a(lib_a-nano-mallocr.o)
 .ARM.attributes
                0x00000000000005de       0x2d e:/stm32cubeide_1.8.0/stm32cubeide/plugins/com.st.stm32cube.ide.mcu.externaltools.gnu-tools-for-stm32.9-2020-q2-update.win32_2.0.0.202105311346/tools/bin/../lib/gcc/arm-none-eabi/9.3.1/../../../../arm-none-eabi/lib/thumb/v7-m/nofp\libc_nano.a(lib_a-reent.o)
 .ARM.attributes
                0x000000000000060b       0x2d e:/stm32cubeide_1.8.0/stm32cubeide/plugins/com.st.stm32cube.ide.mcu.externaltools.gnu-tools-for-stm32.9-2020-q2-update.win32_2.0.0.202105311346/tools/bin/../lib/gcc/arm-none-eabi/9.3.1/../../../../arm-none-eabi/lib/thumb/v7-m/nofp\libc_nano.a(lib_a-sbrkr.o)
 .ARM.attributes
                0x0000000000000638       0x2d e:/stm32cubeide_1.8.0/stm32cubeide/plugins/com.st.stm32cube.ide.mcu.externaltools.gnu-tools-for-stm32.9-2020-q2-update.win32_2.0.0.202105311346/tools/bin/../lib/gcc/arm-none-eabi/9.3.1/../../../../arm-none-eabi/lib/thumb/v7-m/nofp\libc_nano.a(lib_a-vsnprintf.o)
 .ARM.attributes
                0x0000000000000665       0x2d e:/stm32cubeide_1.8.0/stm32cubeide/plugins/com.st.stm32cube.ide.mcu.externaltools.gnu-tools-for-stm32.9-2020-q2-update.win32_2.0.0.202105311346/tools/bin/../lib/gcc/arm-none-eabi/9.3.1/../../../../arm-none-eabi/lib/thumb/v7-m/nofp\libc_nano.a(lib_a-mlock.o)
 .ARM.attributes
                0x0000000000000692       0x2d e:/stm32cubeide_1.8.0/stm32cubeide/plugins/com.st.stm32cube.ide.mcu.externaltools.gnu-tools-for-stm32.9-2020-q2-update.win32_2.0.0.202105311346/tools/bin/../lib/gcc/arm-none-eabi/9.3.1/../../../../arm-none-eabi/lib/thumb/v7-m/nofp\libc_nano.a(lib_a-nano-freer.o)
 .ARM.attributes
                0x00000000000006bf       0x2d e:/stm32cubeide_1.8.0/stm32cubeide/plugins/com.st.stm32cube.ide.mcu.externaltools.gnu-tools-for-stm32.9-2020-q2-update.win32_2.0.0.202105311346/tools/bin/../lib/gcc/arm-none-eabi/9.3.1/../../../../arm-none-eabi/lib/thumb/v7-m/nofp\libc_nano.a(lib_a-nano-svfprintf.o)
 .ARM.attributes
                0x00000000000006ec       0x2d e:/stm32cubeide_1.8.0/stm32cubeide/plugins/com.st.stm32cube.ide.mcu.externaltools.gnu-tools-for-stm32.9-2020-q2-update.win32_2.0.0.202105311346/tools/bin/../lib/gcc/arm-none-eabi/9.3.1/../../../../arm-none-eabi/lib/thumb/v7-m/nofp\libc_nano.a(lib_a-nano-vfprintf_i.o)
 .ARM.attributes
                0x0000000000000719       0x2d e:/stm32cubeide_1.8.0/stm32cubeide/plugins/com.st.stm32cube.ide.mcu.externaltools.gnu-tools-for-stm32.9-2020-q2-update.win32_2.0.0.202105311346/tools/bin/../lib/gcc/arm-none-eabi/9.3.1/../../../../arm-none-eabi/lib/thumb/v7-m/nofp\libc_nano.a(lib_a-memchr-stub.o)
 .ARM.attributes
                0x0000000000000746       0x2d e:/stm32cubeide_1.8.0/stm32cubeide/plugins/com.st.stm32cube.ide.mcu.externaltools.gnu-tools-for-stm32.9-2020-q2-update.win32_2.0.0.202105311346/tools/bin/../lib/gcc/arm-none-eabi/9.3.1/../../../../arm-none-eabi/lib/thumb/v7-m/nofp\libc_nano.a(lib_a-memmove.o)
 .ARM.attributes
                0x0000000000000773       0x2d e:/stm32cubeide_1.8.0/stm32cubeide/plugins/com.st.stm32cube.ide.mcu.externaltools.gnu-tools-for-stm32.9-2020-q2-update.win32_2.0.0.202105311346/tools/bin/../lib/gcc/arm-none-eabi/9.3.1/../../../../arm-none-eabi/lib/thumb/v7-m/nofp\libc_nano.a(lib_a-nano-reallocr.o)
 .ARM.attributes
                0x00000000000007a0       0x2d e:/stm32cubeide_1.8.0/stm32cubeide/plugins/com.st.stm32cube.ide.mcu.externaltools.gnu-tools-for-stm32.9-2020-q2-update.win32_2.0.0.202105311346/tools/bin/../lib/gcc/arm-none-eabi/9.3.1/../../../../arm-none-eabi/lib/thumb/v7-m/nofp\libc_nano.a(lib_a-nano-msizer.o)
 .ARM.attributes
                0x00000000000007cd       0x1d e:/stm32cubeide_1.8.0/stm32cubeide/plugins/com.st.stm32cube.ide.mcu.externaltools.gnu-tools-for-stm32.9-2020-q2-update.win32_2.0.0.202105311346/tools/bin/../lib/gcc/arm-none-eabi/9.3.1/thumb/v7-m/nofp\libgcc.a(_aeabi_uldivmod.o)
 .ARM.attributes
                0x00000000000007ea       0x2d e:/stm32cubeide_1.8.0/stm32cubeide/plugins/com.st.stm32cube.ide.mcu.externaltools.gnu-tools-for-stm32.9-2020-q2-update.win32_2.0.0.202105311346/tools/bin/../lib/gcc/arm-none-eabi/9.3.1/thumb/v7-m/nofp\libgcc.a(_udivmoddi4.o)
 .ARM.attributes
                0x0000000000000817       0x1d e:/stm32cubeide_1.8.0/stm32cubeide/plugins/com.st.stm32cube.ide.mcu.externaltools.gnu-tools-for-stm32.9-2020-q2-update.win32_2.0.0.202105311346/tools/bin/../lib/gcc/arm-none-eabi/9.3.1/thumb/v7-m/nofp\libgcc.a(_dvmd_tls.o)
 .ARM.attributes
                0x0000000000000834       0x1d e:/stm32cubeide_1.8.0/stm32cubeide/plugins/com.st.stm32cube.ide.mcu.externaltools.gnu-tools-for-stm32.9-2020-q2-update.win32_2.0.0.202105311346/tools/bin/../lib/gcc/arm-none-eabi/9.3.1/thumb/v7-m/nofp/crtn.o
OUTPUT(WSN_Gateway.elf elf32-littlearm)
LOAD linker stubs
LOAD e:/stm32cubeide_1.8.0/stm32cubeide/plugins/com.st.stm32cube.ide.mcu.externaltools.gnu-tools-for-stm32.9-2020-q2-update.win32_2.0.0.202105311346/tools/bin/../lib/gcc/arm-none-eabi/9.3.1/../../../../arm-none-eabi/lib/thumb/v7-m/nofp\libc.a
LOAD e:/stm32cubeide_1.8.0/stm32cubeide/plugins/com.st.stm32cube.ide.mcu.externaltools.gnu-tools-for-stm32.9-2020-q2-update.win32_2.0.0.202105311346/tools/bin/../lib/gcc/arm-none-eabi/9.3.1/../../../../arm-none-eabi/lib/thumb/v7-m/nofp\libm.a
LOAD e:/stm32cubeide_1.8.0/stm32cubeide/plugins/com.st.stm32cube.ide.mcu.externaltools.gnu-tools-for-stm32.9-2020-q2-update.win32_2.0.0.202105311346/tools/bin/../lib/gcc/arm-none-eabi/9.3.1/thumb/v7-m/nofp\libgcc.a

.debug_info     0x0000000000000000    0x1b302
 .debug_info    0x0000000000000000     0x127b ./Core/Src/SX1278.o
 .debug_info    0x000000000000127b      0xc40 ./Core/Src/SX1278_hw.o
 .debug_info    0x0000000000001ebb      0xc14 ./Core/Src/freertos.o
 .debug_info    0x0000000000002acf     0x245b ./Core/Src/main.o
 .debug_info    0x0000000000004f2a      0xd8d ./Core/Src/stm32f1xx_hal_msp.o
 .debug_info    0x0000000000005cb7      0xa1e ./Core/Src/stm32f1xx_hal_timebase_tim.o
 .debug_info    0x00000000000066d5      0x783 ./Core/Src/stm32f1xx_it.o
 .debug_info    0x0000000000006e58      0xa25 ./Core/Src/sysmem.o
 .debug_info    0x000000000000787d      0x2be ./Core/Src/system_stm32f1xx.o
 .debug_info    0x0000000000007b3b       0x22 ./Core/Startup/startup_stm32f103c8tx.o
 .debug_info    0x0000000000007b5d      0x76a ./Drivers/STM32F1xx_HAL_Driver/Src/stm32f1xx_hal.o
 .debug_info    0x00000000000082c7      0xbdc ./Drivers/STM32F1xx_HAL_Driver/Src/stm32f1xx_hal_cortex.o
 .debug_info    0x0000000000008ea3      0x701 ./Drivers/STM32F1xx_HAL_Driver/Src/stm32f1xx_hal_gpio.o
 .debug_info    0x00000000000095a4      0x893 ./Drivers/STM32F1xx_HAL_Driver/Src/stm32f1xx_hal_rcc.o
 .debug_info    0x0000000000009e37     0x15d0 ./Drivers/STM32F1xx_HAL_Driver/Src/stm32f1xx_hal_spi.o
 .debug_info    0x000000000000b407     0x2c32 ./Drivers/STM32F1xx_HAL_Driver/Src/stm32f1xx_hal_tim.o
 .debug_info    0x000000000000e039     0x157f ./Drivers/STM32F1xx_HAL_Driver/Src/stm32f1xx_hal_tim_ex.o
 .debug_info    0x000000000000f5b8     0x312f ./Drivers/STM32F1xx_HAL_Driver/Src/stm32f1xx_hal_uart.o
 .debug_info    0x00000000000126e7     0x2048 ./Middlewares/Third_Party/FreeRTOS/Source/CMSIS_RTOS/cmsis_os.o
 .debug_info    0x000000000001472f      0xb82 ./Middlewares/Third_Party/FreeRTOS/Source/list.o
 .debug_info    0x00000000000152b1     0x1ffc ./Middlewares/Third_Party/FreeRTOS/Source/queue.o
 .debug_info    0x00000000000172ad     0x2591 ./Middlewares/Third_Party/FreeRTOS/Source/tasks.o
 .debug_info    0x000000000001983e      0xd3a ./Middlewares/Third_Party/FreeRTOS/Source/portable/GCC/ARM_CM3/port.o
 .debug_info    0x000000000001a578      0xd8a ./Middlewares/Third_Party/FreeRTOS/Source/portable/MemMang/heap_4.o

.debug_abbrev   0x0000000000000000     0x389f
 .debug_abbrev  0x0000000000000000      0x2c9 ./Core/Src/SX1278.o
 .debug_abbrev  0x00000000000002c9      0x224 ./Core/Src/SX1278_hw.o
 .debug_abbrev  0x00000000000004ed      0x1db ./Core/Src/freertos.o
 .debug_abbrev  0x00000000000006c8      0x3a6 ./Core/Src/main.o
 .debug_abbrev  0x0000000000000a6e      0x1b5 ./Core/Src/stm32f1xx_hal_msp.o
 .debug_abbrev  0x0000000000000c23      0x1bf ./Core/Src/stm32f1xx_hal_timebase_tim.o
 .debug_abbrev  0x0000000000000de2      0x176 ./Core/Src/stm32f1xx_it.o
 .debug_abbrev  0x0000000000000f58      0x1bf ./Core/Src/sysmem.o
 .debug_abbrev  0x0000000000001117      0x14e ./Core/Src/system_stm32f1xx.o
 .debug_abbrev  0x0000000000001265       0x12 ./Core/Startup/startup_stm32f103c8tx.o
 .debug_abbrev  0x0000000000001277      0x1ed ./Drivers/STM32F1xx_HAL_Driver/Src/stm32f1xx_hal.o
 .debug_abbrev  0x0000000000001464      0x313 ./Drivers/STM32F1xx_HAL_Driver/Src/stm32f1xx_hal_cortex.o
 .debug_abbrev  0x0000000000001777      0x1e8 ./Drivers/STM32F1xx_HAL_Driver/Src/stm32f1xx_hal_gpio.o
 .debug_abbrev  0x000000000000195f      0x273 ./Drivers/STM32F1xx_HAL_Driver/Src/stm32f1xx_hal_rcc.o
 .debug_abbrev  0x0000000000001bd2      0x25f ./Drivers/STM32F1xx_HAL_Driver/Src/stm32f1xx_hal_spi.o
 .debug_abbrev  0x0000000000001e31      0x25e ./Drivers/STM32F1xx_HAL_Driver/Src/stm32f1xx_hal_tim.o
 .debug_abbrev  0x000000000000208f      0x266 ./Drivers/STM32F1xx_HAL_Driver/Src/stm32f1xx_hal_tim_ex.o
 .debug_abbrev  0x00000000000022f5      0x2eb ./Drivers/STM32F1xx_HAL_Driver/Src/stm32f1xx_hal_uart.o
 .debug_abbrev  0x00000000000025e0      0x3c2 ./Middlewares/Third_Party/FreeRTOS/Source/CMSIS_RTOS/cmsis_os.o
 .debug_abbrev  0x00000000000029a2      0x1f7 ./Middlewares/Third_Party/FreeRTOS/Source/list.o
 .debug_abbrev  0x0000000000002b99      0x380 ./Middlewares/Third_Party/FreeRTOS/Source/queue.o
 .debug_abbrev  0x0000000000002f19      0x380 ./Middlewares/Third_Party/FreeRTOS/Source/tasks.o
 .debug_abbrev  0x0000000000003299      0x333 ./Middlewares/Third_Party/FreeRTOS/Source/portable/GCC/ARM_CM3/port.o
 .debug_abbrev  0x00000000000035cc      0x2d3 ./Middlewares/Third_Party/FreeRTOS/Source/portable/MemMang/heap_4.o

.debug_aranges  0x0000000000000000     0x1480
 .debug_aranges
                0x0000000000000000       0xc8 ./Core/Src/SX1278.o
 .debug_aranges
                0x00000000000000c8       0x50 ./Core/Src/SX1278_hw.o
 .debug_aranges
                0x0000000000000118       0x20 ./Core/Src/freertos.o
 .debug_aranges
                0x0000000000000138       0x98 ./Core/Src/main.o
 .debug_aranges
                0x00000000000001d0       0x40 ./Core/Src/stm32f1xx_hal_msp.o
 .debug_aranges
                0x0000000000000210       0x30 ./Core/Src/stm32f1xx_hal_timebase_tim.o
 .debug_aranges
                0x0000000000000240       0x50 ./Core/Src/stm32f1xx_it.o
 .debug_aranges
                0x0000000000000290       0x20 ./Core/Src/sysmem.o
 .debug_aranges
                0x00000000000002b0       0x28 ./Core/Src/system_stm32f1xx.o
 .debug_aranges
                0x00000000000002d8       0x28 ./Core/Startup/startup_stm32f103c8tx.o
 .debug_aranges
                0x0000000000000300       0xe0 ./Drivers/STM32F1xx_HAL_Driver/Src/stm32f1xx_hal.o
 .debug_aranges
                0x00000000000003e0      0x100 ./Drivers/STM32F1xx_HAL_Driver/Src/stm32f1xx_hal_cortex.o
 .debug_aranges
                0x00000000000004e0       0x58 ./Drivers/STM32F1xx_HAL_Driver/Src/stm32f1xx_hal_gpio.o
 .debug_aranges
                0x0000000000000538       0x90 ./Drivers/STM32F1xx_HAL_Driver/Src/stm32f1xx_hal_rcc.o
 .debug_aranges
                0x00000000000005c8      0x1d0 ./Drivers/STM32F1xx_HAL_Driver/Src/stm32f1xx_hal_spi.o
 .debug_aranges
                0x0000000000000798      0x3d0 ./Drivers/STM32F1xx_HAL_Driver/Src/stm32f1xx_hal_tim.o
 .debug_aranges
                0x0000000000000b68      0x168 ./Drivers/STM32F1xx_HAL_Driver/Src/stm32f1xx_hal_tim_ex.o
 .debug_aranges
                0x0000000000000cd0      0x208 ./Drivers/STM32F1xx_HAL_Driver/Src/stm32f1xx_hal_uart.o
 .debug_aranges
                0x0000000000000ed8      0x1d8 ./Middlewares/Third_Party/FreeRTOS/Source/CMSIS_RTOS/cmsis_os.o
 .debug_aranges
                0x00000000000010b0       0x40 ./Middlewares/Third_Party/FreeRTOS/Source/list.o
 .debug_aranges
                0x00000000000010f0      0x108 ./Middlewares/Third_Party/FreeRTOS/Source/queue.o
 .debug_aranges
                0x00000000000011f8      0x1b8 ./Middlewares/Third_Party/FreeRTOS/Source/tasks.o
 .debug_aranges
                0x00000000000013b0       0x78 ./Middlewares/Third_Party/FreeRTOS/Source/portable/GCC/ARM_CM3/port.o
 .debug_aranges
                0x0000000000001428       0x58 ./Middlewares/Third_Party/FreeRTOS/Source/portable/MemMang/heap_4.o

.debug_ranges   0x0000000000000000     0x1338
 .debug_ranges  0x0000000000000000       0xb8 ./Core/Src/SX1278.o
 .debug_ranges  0x00000000000000b8       0x40 ./Core/Src/SX1278_hw.o
 .debug_ranges  0x00000000000000f8       0x10 ./Core/Src/freertos.o
 .debug_ranges  0x0000000000000108       0x88 ./Core/Src/main.o
 .debug_ranges  0x0000000000000190       0x30 ./Core/Src/stm32f1xx_hal_msp.o
 .debug_ranges  0x00000000000001c0       0x20 ./Core/Src/stm32f1xx_hal_timebase_tim.o
 .debug_ranges  0x00000000000001e0       0x40 ./Core/Src/stm32f1xx_it.o
 .debug_ranges  0x0000000000000220       0x10 ./Core/Src/sysmem.o
 .debug_ranges  0x0000000000000230       0x18 ./Core/Src/system_stm32f1xx.o
 .debug_ranges  0x0000000000000248       0x20 ./Core/Startup/startup_stm32f103c8tx.o
 .debug_ranges  0x0000000000000268       0xd0 ./Drivers/STM32F1xx_HAL_Driver/Src/stm32f1xx_hal.o
 .debug_ranges  0x0000000000000338       0xf0 ./Drivers/STM32F1xx_HAL_Driver/Src/stm32f1xx_hal_cortex.o
 .debug_ranges  0x0000000000000428       0x48 ./Drivers/STM32F1xx_HAL_Driver/Src/stm32f1xx_hal_gpio.o
 .debug_ranges  0x0000000000000470       0x80 ./Drivers/STM32F1xx_HAL_Driver/Src/stm32f1xx_hal_rcc.o
 .debug_ranges  0x00000000000004f0      0x1c0 ./Drivers/STM32F1xx_HAL_Driver/Src/stm32f1xx_hal_spi.o
 .debug_ranges  0x00000000000006b0      0x3c0 ./Drivers/STM32F1xx_HAL_Driver/Src/stm32f1xx_hal_tim.o
 .debug_ranges  0x0000000000000a70      0x158 ./Drivers/STM32F1xx_HAL_Driver/Src/stm32f1xx_hal_tim_ex.o
 .debug_ranges  0x0000000000000bc8      0x228 ./Drivers/STM32F1xx_HAL_Driver/Src/stm32f1xx_hal_uart.o
 .debug_ranges  0x0000000000000df0      0x1c8 ./Middlewares/Third_Party/FreeRTOS/Source/CMSIS_RTOS/cmsis_os.o
 .debug_ranges  0x0000000000000fb8       0x30 ./Middlewares/Third_Party/FreeRTOS/Source/list.o
 .debug_ranges  0x0000000000000fe8       0xf8 ./Middlewares/Third_Party/FreeRTOS/Source/queue.o
 .debug_ranges  0x00000000000010e0      0x1a8 ./Middlewares/Third_Party/FreeRTOS/Source/tasks.o
 .debug_ranges  0x0000000000001288       0x68 ./Middlewares/Third_Party/FreeRTOS/Source/portable/GCC/ARM_CM3/port.o
 .debug_ranges  0x00000000000012f0       0x48 ./Middlewares/Third_Party/FreeRTOS/Source/portable/MemMang/heap_4.o

.debug_macro    0x0000000000000000    0x1ac6b
 .debug_macro   0x0000000000000000      0x2ac ./Core/Src/SX1278.o
 .debug_macro   0x00000000000002ac      0xa9c ./Core/Src/SX1278.o
 .debug_macro   0x0000000000000d48       0x22 ./Core/Src/SX1278.o
 .debug_macro   0x0000000000000d6a       0x8e ./Core/Src/SX1278.o
 .debug_macro   0x0000000000000df8       0x51 ./Core/Src/SX1278.o
 .debug_macro   0x0000000000000e49      0x103 ./Core/Src/SX1278.o
 .debug_macro   0x0000000000000f4c       0x6a ./Core/Src/SX1278.o
 .debug_macro   0x0000000000000fb6      0x1df ./Core/Src/SX1278.o
 .debug_macro   0x0000000000001195       0x22 ./Core/Src/SX1278.o
 .debug_macro   0x00000000000011b7       0x52 ./Core/Src/SX1278.o
 .debug_macro   0x0000000000001209       0x18 ./Core/Src/SX1278.o
 .debug_macro   0x0000000000001221       0x3c ./Core/Src/SX1278.o
 .debug_macro   0x000000000000125d       0x34 ./Core/Src/SX1278.o
 .debug_macro   0x0000000000001291      0x174 ./Core/Src/SX1278.o
 .debug_macro   0x0000000000001405       0x16 ./Core/Src/SX1278.o
 .debug_macro   0x000000000000141b       0x43 ./Core/Src/SX1278.o
 .debug_macro   0x000000000000145e       0x34 ./Core/Src/SX1278.o
 .debug_macro   0x0000000000001492       0x10 ./Core/Src/SX1278.o
 .debug_macro   0x00000000000014a2       0x58 ./Core/Src/SX1278.o
 .debug_macro   0x00000000000014fa       0x71 ./Core/Src/SX1278.o
 .debug_macro   0x000000000000156b       0x1c ./Core/Src/SX1278.o
 .debug_macro   0x0000000000001587      0x12a ./Core/Src/SX1278.o
 .debug_macro   0x00000000000016b1      0x339 ./Core/Src/SX1278.o
 .debug_macro   0x00000000000019ea       0x10 ./Core/Src/SX1278.o
 .debug_macro   0x00000000000019fa       0x35 ./Core/Src/SX1278.o
 .debug_macro   0x0000000000001a2f       0x20 ./Core/Src/SX1278.o
 .debug_macro   0x0000000000001a4f      0x221 ./Core/Src/SX1278.o
 .debug_macro   0x0000000000001c70       0x2e ./Core/Src/SX1278.o
 .debug_macro   0x0000000000001c9e       0x22 ./Core/Src/SX1278.o
 .debug_macro   0x0000000000001cc0       0x1c ./Core/Src/SX1278.o
 .debug_macro   0x0000000000001cdc       0x22 ./Core/Src/SX1278.o
 .debug_macro   0x0000000000001cfe       0xbd ./Core/Src/SX1278.o
 .debug_macro   0x0000000000001dbb      0xd23 ./Core/Src/SX1278.o
 .debug_macro   0x0000000000002ade     0xe09e ./Core/Src/SX1278.o
 .debug_macro   0x0000000000010b7c       0x6d ./Core/Src/SX1278.o
 .debug_macro   0x0000000000010be9     0x34a2 ./Core/Src/SX1278.o
 .debug_macro   0x000000000001408b       0x56 ./Core/Src/SX1278.o
 .debug_macro   0x00000000000140e1      0x5bc ./Core/Src/SX1278.o
 .debug_macro   0x000000000001469d      0x289 ./Core/Src/SX1278.o
 .debug_macro   0x0000000000014926      0x1cb ./Core/Src/SX1278.o
 .debug_macro   0x0000000000014af1      0x114 ./Core/Src/SX1278.o
 .debug_macro   0x0000000000014c05      0x1b2 ./Core/Src/SX1278.o
 .debug_macro   0x0000000000014db7       0x27 ./Core/Src/SX1278.o
 .debug_macro   0x0000000000014dde      0x136 ./Core/Src/SX1278.o
 .debug_macro   0x0000000000014f14      0x1bc ./Core/Src/SX1278.o
 .debug_macro   0x00000000000150d0       0x34 ./Core/Src/SX1278.o
 .debug_macro   0x0000000000015104       0x3c ./Core/Src/SX1278.o
 .debug_macro   0x0000000000015140       0x57 ./Core/Src/SX1278.o
 .debug_macro   0x0000000000015197       0x87 ./Core/Src/SX1278.o
 .debug_macro   0x000000000001521e      0x240 ./Core/Src/SX1278.o
 .debug_macro   0x000000000001545e      0x140 ./Core/Src/SX1278.o
 .debug_macro   0x000000000001559e      0x217 ./Core/Src/SX1278.o
 .debug_macro   0x00000000000157b5      0x8ed ./Core/Src/SX1278.o
 .debug_macro   0x00000000000160a2      0x28e ./Core/Src/SX1278.o
 .debug_macro   0x0000000000016330       0x83 ./Core/Src/SX1278.o
 .debug_macro   0x00000000000163b3       0x34 ./Core/Src/SX1278.o
 .debug_macro   0x00000000000163e7      0x38a ./Core/Src/SX1278.o
 .debug_macro   0x0000000000016771      0x294 ./Core/Src/SX1278_hw.o
 .debug_macro   0x0000000000016a05      0x2c1 ./Core/Src/freertos.o
 .debug_macro   0x0000000000016cc6       0xdc ./Core/Src/freertos.o
 .debug_macro   0x0000000000016da2      0x15a ./Core/Src/freertos.o
 .debug_macro   0x0000000000016efc       0xde ./Core/Src/freertos.o
 .debug_macro   0x0000000000016fda       0x1c ./Core/Src/freertos.o
 .debug_macro   0x0000000000016ff6       0x26 ./Core/Src/freertos.o
 .debug_macro   0x000000000001701c       0x10 ./Core/Src/freertos.o
 .debug_macro   0x000000000001702c      0x513 ./Core/Src/freertos.o
 .debug_macro   0x000000000001753f       0xb5 ./Core/Src/freertos.o
 .debug_macro   0x00000000000175f4       0xaa ./Core/Src/freertos.o
 .debug_macro   0x000000000001769e       0xc3 ./Core/Src/freertos.o
 .debug_macro   0x0000000000017761       0x5c ./Core/Src/freertos.o
 .debug_macro   0x00000000000177bd      0x445 ./Core/Src/main.o
 .debug_macro   0x0000000000017c02       0xdc ./Core/Src/main.o
 .debug_macro   0x0000000000017cde       0x91 ./Core/Src/main.o
 .debug_macro   0x0000000000017d6f       0x8d ./Core/Src/main.o
 .debug_macro   0x0000000000017dfc       0x7e ./Core/Src/main.o
 .debug_macro   0x0000000000017e7a       0x19 ./Core/Src/main.o