Archive member included to satisfy reference by file (symbol)

e:/stm32cubeide_1.8.0/stm32cubeide/plugins/com.st.stm32cube.ide.mcu.externaltools.gnu-tools-for-stm32.9-2020-q2-update.win32_2.0.0.202105311346/tools/bin/../lib/gcc/arm-none-eabi/9.3.1/../../../../arm-none-eabi/lib/thumb/v7-m/nofp\libc_nano.a(lib_a-errno.o)
                              ./Core/Src/syscalls.o (__errno)
e:/stm32cubeide_1.8.0/stm32cubeide/plugins/com.st.stm32cube.ide.mcu.externaltools.gnu-tools-for-stm32.9-2020-q2-update.win32_2.0.0.202105311346/tools/bin/../lib/gcc/arm-none-eabi/9.3.1/../../../../arm-none-eabi/lib/thumb/v7-m/nofp\libc_nano.a(lib_a-exit.o)
                              e:/stm32cubeide_1.8.0/stm32cubeide/plugins/com.st.stm32cube.ide.mcu.externaltools.gnu-tools-for-stm32.9-2020-q2-update.win32_2.0.0.202105311346/tools/bin/../lib/gcc/arm-none-eabi/9.3.1/../../../../arm-none-eabi/lib/thumb/v7-m/nofp/crt0.o (exit)
e:/stm32cubeide_1.8.0/stm32cubeide/plugins/com.st.stm32cube.ide.mcu.externaltools.gnu-tools-for-stm32.9-2020-q2-update.win32_2.0.0.202105311346/tools/bin/../lib/gcc/arm-none-eabi/9.3.1/../../../../arm-none-eabi/lib/thumb/v7-m/nofp\libc_nano.a(lib_a-findfp.o)
                              ./Middlewares/Third_Party/FreeRTOS/Source/tasks.o (__sf_fake_stderr)
e:/stm32cubeide_1.8.0/stm32cubeide/plugins/com.st.stm32cube.ide.mcu.externaltools.gnu-tools-for-stm32.9-2020-q2-update.win32_2.0.0.202105311346/tools/bin/../lib/gcc/arm-none-eabi/9.3.1/../../../../arm-none-eabi/lib/thumb/v7-m/nofp\libc_nano.a(lib_a-fwalk.o)
                              e:/stm32cubeide_1.8.0/stm32cubeide/plugins/com.st.stm32cube.ide.mcu.externaltools.gnu-tools-for-stm32.9-2020-q2-update.win32_2.0.0.202105311346/tools/bin/../lib/gcc/arm-none-eabi/9.3.1/../../../../arm-none-eabi/lib/thumb/v7-m/nofp\libc_nano.a(lib_a-findfp.o) (_fwalk)
e:/stm32cubeide_1.8.0/stm32cubeide/plugins/com.st.stm32cube.ide.mcu.externaltools.gnu-tools-for-stm32.9-2020-q2-update.win32_2.0.0.202105311346/tools/bin/../lib/gcc/arm-none-eabi/9.3.1/../../../../arm-none-eabi/lib/thumb/v7-m/nofp\libc_nano.a(lib_a-impure.o)
                              e:/stm32cubeide_1.8.0/stm32cubeide/plugins/com.st.stm32cube.ide.mcu.externaltools.gnu-tools-for-stm32.9-2020-q2-update.win32_2.0.0.202105311346/tools/bin/../lib/gcc/arm-none-eabi/9.3.1/../../../../arm-none-eabi/lib/thumb/v7-m/nofp\libc_nano.a(lib_a-exit.o) (_global_impure_ptr)
e:/stm32cubeide_1.8.0/stm32cubeide/plugins/com.st.stm32cube.ide.mcu.externaltools.gnu-tools-for-stm32.9-2020-q2-update.win32_2.0.0.202105311346/tools/bin/../lib/gcc/arm-none-eabi/9.3.1/../../../../arm-none-eabi/lib/thumb/v7-m/nofp\libc_nano.a(lib_a-init.o)
                              e:/stm32cubeide_1.8.0/stm32cubeide/plugins/com.st.stm32cube.ide.mcu.externaltools.gnu-tools-for-stm32.9-2020-q2-update.win32_2.0.0.202105311346/tools/bin/../lib/gcc/arm-none-eabi/9.3.1/../../../../arm-none-eabi/lib/thumb/v7-m/nofp/crt0.o (__libc_init_array)
e:/stm32cubeide_1.8.0/stm32cubeide/plugins/com.st.stm32cube.ide.mcu.externaltools.gnu-tools-for-stm32.9-2020-q2-update.win32_2.0.0.202105311346/tools/bin/../lib/gcc/arm-none-eabi/9.3.1/../../../../arm-none-eabi/lib/thumb/v7-m/nofp\libc_nano.a(lib_a-lock.o)
                              e:/stm32cubeide_1.8.0/stm32cubeide/plugins/com.st.stm32cube.ide.mcu.externaltools.gnu-tools-for-stm32.9-2020-q2-update.win32_2.0.0.202105311346/tools/bin/../lib/gcc/arm-none-eabi/9.3.1/../../../../arm-none-eabi/lib/thumb/v7-m/nofp\libc_nano.a(lib_a-findfp.o) (__retarget_lock_init_recursive)
e:/stm32cubeide_1.8.0/stm32cubeide/plugins/com.st.stm32cube.ide.mcu.externaltools.gnu-tools-for-stm32.9-2020-q2-update.win32_2.0.0.202105311346/tools/bin/../lib/gcc/arm-none-eabi/9.3.1/../../../../arm-none-eabi/lib/thumb/v7-m/nofp\libc_nano.a(lib_a-memcpy-stub.o)
                              ./Core/Src/SX1278.o (memcpy)
e:/stm32cubeide_1.8.0/stm32cubeide/plugins/com.st.stm32cube.ide.mcu.externaltools.gnu-tools-for-stm32.9-2020-q2-update.win32_2.0.0.202105311346/tools/bin/../lib/gcc/arm-none-eabi/9.3.1/../../../../arm-none-eabi/lib/thumb/v7-m/nofp\libc_nano.a(lib_a-memset.o)
                              e:/stm32cubeide_1.8.0/stm32cubeide/plugins/com.st.stm32cube.ide.mcu.externaltools.gnu-tools-for-stm32.9-2020-q2-update.win32_2.0.0.202105311346/tools/bin/../lib/gcc/arm-none-eabi/9.3.1/../../../../arm-none-eabi/lib/thumb/v7-m/nofp/crt0.o (memset)
e:/stm32cubeide_1.8.0/stm32cubeide/plugins/com.st.stm32cube.ide.mcu.externaltools.gnu-tools-for-stm32.9-2020-q2-update.win32_2.0.0.202105311346/tools/bin/../lib/gcc/arm-none-eabi/9.3.1/../../../../arm-none-eabi/lib/thumb/v7-m/nofp\libc_nano.a(lib_a-nano-mallocr.o)
                              e:/stm32cubeide_1.8.0/stm32cubeide/plugins/com.st.stm32cube.ide.mcu.externaltools.gnu-tools-for-stm32.9-2020-q2-update.win32_2.0.0.202105311346/tools/bin/../lib/gcc/arm-none-eabi/9.3.1/../../../../arm-none-eabi/lib/thumb/v7-m/nofp\libc_nano.a(lib_a-findfp.o) (_malloc_r)
[...]
Memory Configuration

Name             Origin             Length             Attributes
RAM              0x0000000020000000 0x0000000000005000 xrw
FLASH            0x0000000008000000 0x0000000000010000 xr
*default*        0x0000000000000000 0xffffffffffffffff

Linker script and memory map

LOAD e:/stm32cubeide_1.8.0/stm32cubeide/plugins/com.st.stm32cube.ide.mcu.externaltools.gnu-tools-for-stm32.9-2020-q2-update.win32_2.0.0.202105311346/tools/bin/../lib/gcc/arm-none-eabi/9.3.1/thumb/v7-m/nofp/crti.o
LOAD e:/stm32cubeide_1.8.0/stm32cubeide/plugins/com.st.stm32cube.ide.mcu.externaltools.gnu-tools-for-stm32.9-2020-q2-update.win32_2.0.0.202105311346/tools/bin/../lib/gcc/arm-none-eabi/9.3.1/thumb/v7-m/nofp/crtbegin.o
LOAD e:/stm32cubeide_1.8.0/stm32cubeide/plugins/com.st.stm32cube.ide.mcu.externaltools.gnu-tools-for-stm32.9-2020-q2-update.win32_2.0.0.202105311346/tools/bin/../lib/gcc/arm-none-eabi/9.3.1/../../../../arm-none-eabi/lib/thumb/v7-m/nofp/crt0.o
LOAD ./Core/Src/SX1278.o
LOAD ./Core/Src/SX1278_hw.o
LOAD ./Core/Src/freertos.o
LOAD ./Core/Src/main.o
LOAD ./Core/Src/stm32f1xx_hal_msp.o
LOAD ./Core/Src/stm32f1xx_hal_timebase_tim.o
LOAD ./Core/Src/stm32f1xx_it.o
LOAD ./Core/Src/syscalls.o
LOAD ./Core/Src/sysmem.o
LOAD ./Core/Src/system_stm32f1xx.o
LOAD ./Core/Startup/startup_stm32f103c8tx.o
LOAD ./Drivers/STM32F1xx_HAL_Driver/Src/stm32f1xx_hal.o
LOAD ./Drivers/STM32F1xx_HAL_Driver/Src/stm32f1xx_hal_cortex.o
LOAD ./Drivers/STM32F1xx_HAL_Driver/Src/stm32f1xx_hal_dma.o
LOAD ./Drivers/STM32F1xx_HAL_Driver/Src/stm32f1xx_hal_exti.o
LOAD ./Drivers/STM32F1xx_HAL_Driver/Src/stm32f1xx_hal_flash.o
LOAD ./Drivers/STM32F1xx_HAL_Driver/Src/stm32f1xx_hal_flash_ex.o
LOAD ./Drivers/STM32F1xx_HAL_Driver/Src/stm32f1xx_hal_gpio.o
LOAD ./Drivers/STM32F1xx_HAL_Driver/Src/stm32f1xx_hal_gpio_ex.o
LOAD ./Drivers/STM32F1xx_HAL_Driver/Src/stm32f1xx_hal_pwr.o
LOAD ./Drivers/STM32F1xx_HAL_Driver/Src/stm32f1xx_hal_rcc.o
LOAD ./Drivers/STM32F1xx_HAL_Driver/Src/stm32f1xx_hal_rcc_ex.o
LOAD ./Drivers/STM32F1xx_HAL_Driver/Src/stm32f1xx_hal_spi.o
LOAD ./Drivers/STM32F1xx_HAL_Driver/Src/stm32f1xx_hal_tim.o
LOAD ./Drivers/STM32F1xx_HAL_Driver/Src/stm32f1xx_hal_tim_ex.o
LOAD ./Drivers/STM32F1xx_HAL_Driver/Src/stm32f1xx_hal_uart.o
LOAD ./Middlewares/Third_Party/FreeRTOS/Source/CMSIS_RTOS/cmsis_os.o
LOAD ./Middlewares/Third_Party/FreeRTOS/Source/croutine.o
LOAD ./Middlewares/Third_Party/FreeRTOS/Source/event_groups.o
LOAD ./Middlewares/Third_Party/FreeRTOS/Source/list.o
LOAD ./Middlewares/Third_Party/FreeRTOS/Source/queue.o
LOAD ./Middlewares/Third_Party/FreeRTOS/Source/stream_buffer.o
LOAD ./Middlewares/Third_Party/FreeRTOS/Source/tasks.o
LOAD ./Middlewares/Third_Party/FreeRTOS/Source/timers.o
LOAD ./Middlewares/Third_Party/FreeRTOS/Source/portable/GCC/ARM_CM3/port.o
LOAD ./Middlewares/Third_Party/FreeRTOS/Source/portable/MemMang/heap_4.o
START GROUP
LOAD e:/stm32cubeide_1.8.0/stm32cubeide/plugins/com.st.stm32cube.ide.mcu.externaltools.gnu-tools-for-stm32.9-2020-q2-update.win32_2.0.0.202105311346/tools/bin/../lib/gcc/arm-none-eabi/9.3.1/../../../../arm-none-eabi/lib/thumb/v7-m/nofp\libc_nano.a
LOAD e:/stm32cubeide_1.8.0/stm32cubeide/plugins/com.st.stm32cube.ide.mcu.externaltools.gnu-tools-for-stm32.9-2020-q2-update.win32_2.0.0.202105311346/tools/bin/../lib/gcc/arm-none-eabi/9.3.1/../../../../arm-none-eabi/lib/thumb/v7-m/nofp\libm.a
END GROUP
START GROUP
LOAD e:/stm32cubeide_1.8.0/stm32cubeide/plugins/com.st.stm32cube.ide.mcu.externaltools.gnu-tools-for-stm32.9-2020-q2-update.win32_2.0.0.202105311346/tools/bin/../lib/gcc/arm-none-eabi/9.3.1/thumb/v7-m/nofp\libgcc.a
LOAD e:/stm32cubeide_1.8.0/stm32cubeide/plugins/com.st.stm32cube.ide.mcu.externaltools.gnu-tools-for-stm32.9-2020-q2-update.win32_2.0.0.202105311346/tools/bin/../lib/gcc/arm-none-eabi/9.3.1/../../../../arm-none-eabi/lib/thumb/v7-m/nofp\libc_nano.a
END GROUP
START GROUP
LOAD e:/stm32cubeide_1.8.0/stm32cubeide/plugins/com.st.stm32cube.ide.mcu.externaltools.gnu-tools-for-stm32.9-2020-q2-update.win32_2.0.0.202105311346/tools/bin/../lib/gcc/arm-none-eabi/9.3.1/thumb/v7-m/nofp\libgcc.a
LOAD e:/stm32cubeide_1.8.0/stm32cubeide/plugins/com.st.stm32cube.ide.mcu.externaltools.gnu-tools-for-stm32.9-2020-q2-update.win32_2.0.0.202105311346/tools/bin/../lib/gcc/arm-none-eabi/9.3.1/../../../../arm-none-eabi/lib/thumb/v7-m/nofp\libc_nano.a
LOAD e:/stm32cubeide_1.8.0/stm32cubeide/plugins/com.st.stm32cube.ide.mcu.externaltools.gnu-tools-for-stm32.9-2020-q2-update.win32_2.0.0.202105311346/tools/bin/../lib/gcc/arm-none-eabi/9.3.1/../../../../arm-none-eabi/lib/thumb/v7-m/nofp\libnosys.a
END GROUP
START GROUP
LOAD e:/stm32cubeide_1.8.0/stm32cubeide/plugins/com.st.stm32cube.ide.mcu.externaltools.gnu-tools-for-stm32.9-2020-q2-update.win32_2.0.0.202105311346/tools/bin/../lib/gcc/arm-none-eabi/9.3.1/thumb/v7-m/nofp\libgcc.a
LOAD e:/stm32cubeide_1.8.0/stm32cubeide/plugins/com.st.stm32cube.ide.mcu.externaltools.gnu-tools-for-stm32.9-2020-q2-update.win32_2.0.0.202105311346/tools/bin/../lib/gcc/arm-none-eabi/9.3.1/../../../../arm-none-eabi/lib/thumb/v7-m/nofp\libc_nano.a
LOAD e:/stm32cubeide_1.8.0/stm32cubeide/plugins/com.st.stm32cube.ide.mcu.externaltools.gnu-tools-for-stm32.9-2020-q2-update.win32_2.0.0.202105311346/tools/bin/../lib/gcc/arm-none-eabi/9.3.1/../../../../arm-none-eabi/lib/thumb/v7-m/nofp\libnosys.a
END GROUP
LOAD e:/stm32cubeide_1.8.0/stm32cubeide/plugins/com.st.stm32cube.ide.mcu.externaltools.gnu-tools-for-stm32.9-2020-q2-update.win32_2.0.0.202105311346/tools/bin/../lib/gcc/arm-none-eabi/9.3.1/thumb/v7-m/nofp/crtend.o
LOAD e:/stm32cubeide_1.8.0/stm32cubeide/plugins/com.st.stm32cube.ide.mcu.externaltools.gnu-tools-for-stm32.9-2020-q2-update.win32_2.0.0.202105311346/tools/bin/../lib/gcc/arm-none-eabi/9.3.1/thumb/v7-m/nofp/crtn.o
                0x0000000020005000                _estack = (ORIGIN (RAM) + LENGTH (RAM))
                0x0000000000000200                _Min_Heap_Size = 0x200
                0x0000000000000400                _Min_Stack_Size = 0x400

.isr_vector     0x0000000008000000      0x10c
                0x0000000008000000                . = ALIGN (0x4)
 *(.isr_vector)
 .isr_vector    0x0000000008000000      0x10c ./Core/Startup/startup_stm32f103c8tx.o
                0x0000000008000000                g_pfnVectors
                0x000000000800010c                . = ALIGN (0x4)

.text           0x0000000008000110     0x6614
                0x0000000008000110                . = ALIGN (0x4)
 *(.text)
 .text          0x0000000008000110       0x40 e:/stm32cubeide_1.8.0/stm32cubeide/plugins/com.st.stm32cube.ide.mcu.externaltools.gnu-tools-for-stm32.9-2020-q2-update.win32_2.0.0.202105311346/tools/bin/../lib/gcc/arm-none-eabi/9.3.1/thumb/v7-m/nofp/crtbegin.o
 .text          0x0000000008000150       0x30 e:/stm32cubeide_1.8.0/stm32cubeide/plugins/com.st.stm32cube.ide.mcu.externaltools.gnu-tools-for-stm32.9-2020-q2-update.win32_2.0.0.202105311346/tools/bin/../lib/gcc/arm-none-eabi/9.3.1/thumb/v7-m/nofp\libgcc.a(_aeabi_uldivmod.o)
                0x0000000008000150                __aeabi_uldivmod
 .text          0x0000000008000180      0x2c4 e:/stm32cubeide_1.8.0/stm32cubeide/plugins/com.st.stm32cube.ide.mcu.externaltools.gnu-tools-for-stm32.9-2020-q2-update.win32_2.0.0.202105311346/tools/bin/../lib/gcc/arm-none-eabi/9.3.1/thumb/v7-m/nofp\libgcc.a(_udivmoddi4.o)
                0x0000000008000180                __udivmoddi4
 .text          0x0000000008000444        0x4 e:/stm32cubeide_1.8.0/stm32cubeide/plugins/com.st.stm32cube.ide.mcu.externaltools.gnu-tools-for-stm32.9-2020-q2-update.win32_2.0.0.202105311346/tools/bin/../lib/gcc/arm-none-eabi/9.3.1/thumb/v7-m/nofp\libgcc.a(_dvmd_tls.o)
                0x0000000008000444                __aeabi_idiv0
                0x0000000008000444                __aeabi_ldiv0
 *(.text*)
 .text.SX1278_SPIRead
                0x0000000008000448       0x3e ./Core/Src/SX1278.o
                0x0000000008000448                SX1278_SPIRead
 .text.SX1278_SPIWrite
                0x0000000008000486       0x52 ./Core/Src/SX1278.o
                0x0000000008000486                SX1278_SPIWrite
 .text.SX1278_SPIBurstRead
                0x00000000080004d8       0x72 ./Core/Src/SX1278.o
                0x00000000080004d8                SX1278_SPIBurstRead
 .text.SX1278_SPIBurstWrite
                0x000000000800054a       0x76 ./Core/Src/SX1278.o
                0x000000000800054a                SX1278_SPIBurstWrite
 .text.SX1278_config
                0x00000000080005c0      0x208 ./Core/Src/SX1278.o
                0x00000000080005c0                SX1278_config
 .text.SX1278_standby
                0x00000000080007c8       0x20 ./Core/Src/SX1278.o
                0x00000000080007c8                SX1278_standby
 .text.SX1278_sleep
                0x00000000080007e8       0x20 ./Core/Src/SX1278.o
                0x00000000080007e8                SX1278_sleep
 .text.SX1278_entryLoRa
                0x0000000008000808       0x1a ./Core/Src/SX1278.o
                0x0000000008000808                SX1278_entryLoRa
 .text.SX1278_clearLoRaIrq
                0x0000000008000822       0x1a ./Core/Src/SX1278.o
                0x0000000008000822                SX1278_clearLoRaIrq
 .text.SX1278_LoRaEntryRx
                0x000000000800083c       0xca ./Core/Src/SX1278.o
                0x000000000800083c                SX1278_LoRaEntryRx
 .text.SX1278_LoRaRxPacket
                0x0000000008000906       0x88 ./Core/Src/SX1278.o
                0x0000000008000906                SX1278_LoRaRxPacket
 .text.SX1278_LoRaEntryTx
                0x000000000800098e       0xb0 ./Core/Src/SX1278.o
                0x000000000800098e                SX1278_LoRaEntryTx
 .text.SX1278_LoRaTxPacket
                0x0000000008000a3e       0x7e ./Core/Src/SX1278.o
                0x0000000008000a3e                SX1278_LoRaTxPacket
 .text.SX1278_init
                0x0000000008000abc       0x5a ./Core/Src/SX1278.o
                0x0000000008000abc                SX1278_init
 .text.SX1278_read
                0x0000000008000b16       0x4c ./Core/Src/SX1278.o
                0x0000000008000b16                SX1278_read
 .text.SX1278_hw_init
                0x0000000008000b62       0x2a ./Core/Src/SX1278_hw.o
                0x0000000008000b62                SX1278_hw_init
 .text.SX1278_hw_SetNSS
                0x0000000008000b8c       0x2e ./Core/Src/SX1278_hw.o
                0x0000000008000b8c                SX1278_hw_SetNSS
 .text.SX1278_hw_Reset
                0x0000000008000bba       0x48 ./Core/Src/SX1278_hw.o
                0x0000000008000bba                SX1278_hw_Reset
 .text.SX1278_hw_SPICommand
                0x0000000008000c02       0x40 ./Core/Src/SX1278_hw.o
                0x0000000008000c02                SX1278_hw_SPICommand
 .text.SX1278_hw_SPIReadByte
                0x0000000008000c42       0x4c ./Core/Src/SX1278_hw.o
                0x0000000008000c42                SX1278_hw_SPIReadByte
 .text.SX1278_hw_DelayMs
                0x0000000008000c8e       0x16 ./Core/Src/SX1278_hw.o
                0x0000000008000c8e                SX1278_hw_DelayMs
 .text.SX1278_hw_GetDIO0
                0x0000000008000ca4       0x2e ./Core/Src/SX1278_hw.o
                0x0000000008000ca4                SX1278_hw_GetDIO0
 *fill*         0x0000000008000cd2        0x2 
 .text.vApplicationGetIdleTaskMemory
                0x0000000008000cd4       0x30 ./Core/Src/freertos.o
                0x0000000008000cd4                vApplicationGetIdleTaskMemory
 .text.uart_printf
                0x0000000008000d04       0x5c ./Core/Src/main.o
                0x0000000008000d04                uart_printf
 .text.transmit_mode
                0x0000000008000d60       0xb4 ./Core/Src/main.o
                0x0000000008000d60                transmit_mode
 .text.receive_mode
                0x0000000008000e14       0xc4 ./Core/Src/main.o
                0x0000000008000e14                receive_mode
 .text.main     0x0000000008000ed8      0x12c ./Core/Src/main.o
                0x0000000008000ed8                main
 .text.SystemClock_Config
                0x0000000008001004       0x76 ./Core/Src/main.o
                0x0000000008001004                SystemClock_Config
 *fill*         0x000000000800107a        0x2 
 .text.MX_SPI1_Init
                0x000000000800107c       0x6c ./Core/Src/main.o
 .text.MX_USART1_UART_Init
                0x00000000080010e8       0x54 ./Core/Src/main.o
 .text.MX_USART3_UART_Init
                0x000000000800113c       0x54 ./Core/Src/main.o
 .text.MX_GPIO_Init
                0x0000000008001190       0xd8 ./Core/Src/main.o
 .text.TransmitTaskInit
                0x0000000008001268       0x48 ./Core/Src/main.o
                0x0000000008001268                TransmitTaskInit
 .text.ReceiveTaskInit
                0x00000000080012b0       0x50 ./Core/Src/main.o
                0x00000000080012b0                ReceiveTaskInit
 .text.HAL_TIM_PeriodElapsedCallback
                0x0000000008001300       0x24 ./Core/Src/main.o
                0x0000000008001300                HAL_TIM_PeriodElapsedCallback
 .text.Error_Handler
                0x0000000008001324        0xa ./Core/Src/main.o
                0x0000000008001324                Error_Handler
 *fill*         0x000000000800132e        0x2 
 .text.HAL_MspInit
                0x0000000008001330       0x70 ./Core/Src/stm32f1xx_hal_msp.o
                0x0000000008001330                HAL_MspInit
 .text.HAL_SPI_MspInit
                0x00000000080013a0       0x94 ./Core/Src/stm32f1xx_hal_msp.o
                0x00000000080013a0                HAL_SPI_MspInit
 .text.HAL_UART_MspInit
                0x0000000008001434      0x110 ./Core/Src/stm32f1xx_hal_msp.o
                0x0000000008001434                HAL_UART_MspInit
 .text.HAL_InitTick
                0x0000000008001544       0xac ./Core/Src/stm32f1xx_hal_timebase_tim.o
                0x0000000008001544                HAL_InitTick
 .text.NMI_Handler
                0x00000000080015f0        0x6 ./Core/Src/stm32f1xx_it.o
                0x00000000080015f0                NMI_Handler
 .text.HardFault_Handler
                0x00000000080015f6        0x6 ./Core/Src/stm32f1xx_it.o
                0x00000000080015f6                HardFault_Handler
 .text.MemManage_Handler
                0x00000000080015fc        0x6 ./Core/Src/stm32f1xx_it.o
                0x00000000080015fc                MemManage_Handler
 .text.BusFault_Handler
                0x0000000008001602        0x6 ./Core/Src/stm32f1xx_it.o
                0x0000000008001602                BusFault_Handler
 .text.UsageFault_Handler
                0x0000000008001608        0x6 ./Core/Src/stm32f1xx_it.o
                0x0000000008001608                UsageFault_Handler
 .text.DebugMon_Handler
                0x000000000800160e        0xc ./Core/Src/stm32f1xx_it.o
                0x000000000800160e                DebugMon_Handler
 *fill*         0x000000000800161a        0x2 
 .text.TIM4_IRQHandler
                0x000000000800161c       0x14 ./Core/Src/stm32f1xx_it.o
                0x000000000800161c                TIM4_IRQHandler
 .text._sbrk    0x0000000008001630       0x6c ./Core/Src/sysmem.o
                0x0000000008001630                _sbrk
 .text.SystemInit
                0x000000000800169c        0xc ./Core/Src/system_stm32f1xx.o
                0x000000000800169c                SystemInit
 .text.Reset_Handler
                0x00000000080016a8       0x48 ./Core/Startup/startup_stm32f103c8tx.o
                0x00000000080016a8                Reset_Handler
 .text.Default_Handler
                0x00000000080016f0        0x2 ./Core/Startup/startup_stm32f103c8tx.o
                0x00000000080016f0                RTC_Alarm_IRQHandler
                0x00000000080016f0                EXTI2_IRQHandler
                0x00000000080016f0                TIM1_CC_IRQHandler
                0x00000000080016f0                PVD_IRQHandler
                0x00000000080016f0                EXTI3_IRQHandler
                0x00000000080016f0                EXTI0_IRQHandler
                0x00000000080016f0                I2C2_EV_IRQHandler
                0x00000000080016f0                ADC1_2_IRQHandler
                0x00000000080016f0                SPI1_IRQHandler
                0x00000000080016f0                TAMPER_IRQHandler
                0x00000000080016f0                DMA1_Channel4_IRQHandler
                0x00000000080016f0                USART3_IRQHandler
                0x00000000080016f0                RTC_IRQHandler
                0x00000000080016f0                DMA1_Channel7_IRQHandler
                0x00000000080016f0                CAN1_RX1_IRQHandler
                0x00000000080016f0                I2C1_EV_IRQHandler
                0x00000000080016f0                DMA1_Channel6_IRQHandler
                0x00000000080016f0                TIM3_IRQHandler
                0x00000000080016f0                RCC_IRQHandler
                0x00000000080016f0                TIM1_TRG_COM_IRQHandler
                0x00000000080016f0                DMA1_Channel1_IRQHandler
                0x00000000080016f0                Default_Handler
                0x00000000080016f0                EXTI15_10_IRQHandler
                0x00000000080016f0                EXTI9_5_IRQHandler
                0x00000000080016f0                SPI2_IRQHandler
                0x00000000080016f0                DMA1_Channel5_IRQHandler
                0x00000000080016f0                EXTI4_IRQHandler
                0x00000000080016f0                USB_LP_CAN1_RX0_IRQHandler
                0x00000000080016f0                USB_HP_CAN1_TX_IRQHandler
                0x00000000080016f0                DMA1_Channel3_IRQHandler
                0x00000000080016f0                TIM1_UP_IRQHandler
                0x00000000080016f0                WWDG_IRQHandler
                0x00000000080016f0                TIM2_IRQHandler
                0x00000000080016f0                TIM1_BRK_IRQHandler
                0x00000000080016f0                EXTI1_IRQHandler
                0x00000000080016f0                USART2_IRQHandler
                0x00000000080016f0                I2C2_ER_IRQHandler
                0x00000000080016f0                DMA1_Channel2_IRQHandler
                0x00000000080016f0                CAN1_SCE_IRQHandler
                0x00000000080016f0                FLASH_IRQHandler
                0x00000000080016f0                USART1_IRQHandler
                0x00000000080016f0                I2C1_ER_IRQHandler
                0x00000000080016f0                USBWakeUp_IRQHandler
 *fill*         0x00000000080016f2        0x2 
 .text.HAL_Init
                0x00000000080016f4       0x2c ./Drivers/STM32F1xx_HAL_Driver/Src/stm32f1xx_hal.o
                0x00000000080016f4                HAL_Init
 .text.HAL_IncTick
                0x0000000008001720       0x24 ./Drivers/STM32F1xx_HAL_Driver/Src/stm32f1xx_hal.o
                0x0000000008001720                HAL_IncTick
 .text.HAL_GetTick
                0x0000000008001744       0x14 ./Drivers/STM32F1xx_HAL_Driver/Src/stm32f1xx_hal.o
                0x0000000008001744                HAL_GetTick
 .text.HAL_Delay
                0x0000000008001758       0x48 ./Drivers/STM32F1xx_HAL_Driver/Src/stm32f1xx_hal.o
                0x0000000008001758                HAL_Delay
 .text.__NVIC_SetPriorityGrouping
                0x00000000080017a0       0x48 ./Drivers/STM32F1xx_HAL_Driver/Src/stm32f1xx_hal_cortex.o
 .text.__NVIC_GetPriorityGrouping
                0x00000000080017e8       0x1c ./Drivers/STM32F1xx_HAL_Driver/Src/stm32f1xx_hal_cortex.o
 .text.__NVIC_EnableIRQ
                0x0000000008001804       0x38 ./Drivers/STM32F1xx_HAL_Driver/Src/stm32f1xx_hal_cortex.o
 .text.__NVIC_SetPriority
                0x000000000800183c       0x54 ./Drivers/STM32F1xx_HAL_Driver/Src/stm32f1xx_hal_cortex.o
 .text.NVIC_EncodePriority
                0x0000000008001890       0x64 ./Drivers/STM32F1xx_HAL_Driver/Src/stm32f1xx_hal_cortex.o
 .text.HAL_NVIC_SetPriorityGrouping
                0x00000000080018f4       0x16 ./Drivers/STM32F1xx_HAL_Driver/Src/stm32f1xx_hal_cortex.o
                0x00000000080018f4                HAL_NVIC_SetPriorityGrouping
 .text.HAL_NVIC_SetPriority
                0x000000000800190a       0x38 ./Drivers/STM32F1xx_HAL_Driver/Src/stm32f1xx_hal_cortex.o
                0x000000000800190a                HAL_NVIC_SetPriority
 .text.HAL_NVIC_EnableIRQ
                0x0000000008001942       0x1c ./Drivers/STM32F1xx_HAL_Driver/Src/stm32f1xx_hal_cortex.o
                0x0000000008001942                HAL_NVIC_EnableIRQ
 *fill*         0x000000000800195e        0x2 
 .text.HAL_GPIO_Init
                0x0000000008001960      0x308 ./Drivers/STM32F1xx_HAL_Driver/Src/stm32f1xx_hal_gpio.o
                0x0000000008001960                HAL_GPIO_Init
 .text.HAL_GPIO_ReadPin
                0x0000000008001c68       0x2e ./Drivers/STM32F1xx_HAL_Driver/Src/stm32f1xx_hal_gpio.o
                0x0000000008001c68                HAL_GPIO_ReadPin
 .text.HAL_GPIO_WritePin
                0x0000000008001c96       0x30 ./Drivers/STM32F1xx_HAL_Driver/Src/stm32f1xx_hal_gpio.o
                0x0000000008001c96                HAL_GPIO_WritePin
 *fill*         0x0000000008001cc6        0x2 
 .text.HAL_RCC_OscConfig
                0x0000000008001cc8      0x500 ./Drivers/STM32F1xx_HAL_Driver/Src/stm32f1xx_hal_rcc.o
                0x0000000008001cc8                HAL_RCC_OscConfig
 .text.HAL_RCC_ClockConfig
                0x00000000080021c8      0x1d4 ./Drivers/STM32F1xx_HAL_Driver/Src/stm32f1xx_hal_rcc.o
                0x00000000080021c8                HAL_RCC_ClockConfig
 .text.HAL_RCC_GetSysClockFreq
                0x000000000800239c       0xa8 ./Drivers/STM32F1xx_HAL_Driver/Src/stm32f1xx_hal_rcc.o
                0x000000000800239c                HAL_RCC_GetSysClockFreq
 .text.HAL_RCC_GetHCLKFreq
                0x0000000008002444       0x14 ./Drivers/STM32F1xx_HAL_Driver/Src/stm32f1xx_hal_rcc.o
                0x0000000008002444                HAL_RCC_GetHCLKFreq
 .text.HAL_RCC_GetPCLK1Freq
                0x0000000008002458       0x28 ./Drivers/STM32F1xx_HAL_Driver/Src/stm32f1xx_hal_rcc.o
                0x0000000008002458                HAL_RCC_GetPCLK1Freq
 .text.HAL_RCC_GetPCLK2Freq
                0x0000000008002480       0x28 ./Drivers/STM32F1xx_HAL_Driver/Src/stm32f1xx_hal_rcc.o
                0x0000000008002480                HAL_RCC_GetPCLK2Freq
 .text.HAL_RCC_GetClockConfig
                0x00000000080024a8       0x60 ./Drivers/STM32F1xx_HAL_Driver/Src/stm32f1xx_hal_rcc.o
                0x00000000080024a8                HAL_RCC_GetClockConfig
 .text.RCC_Delay
                0x0000000008002508       0x3c ./Drivers/STM32F1xx_HAL_Driver/Src/stm32f1xx_hal_rcc.o
 .text.HAL_SPI_Init
                0x0000000008002544      0x108 ./Drivers/STM32F1xx_HAL_Driver/Src/stm32f1xx_hal_spi.o
                0x0000000008002544                HAL_SPI_Init
 .text.HAL_SPI_Transmit
                0x000000000800264c      0x288 ./Drivers/STM32F1xx_HAL_Driver/Src/stm32f1xx_hal_spi.o
                0x000000000800264c                HAL_SPI_Transmit
 .text.HAL_SPI_TransmitReceive
                0x00000000080028d4      0x352 ./Drivers/STM32F1xx_HAL_Driver/Src/stm32f1xx_hal_spi.o
                0x00000000080028d4                HAL_SPI_TransmitReceive
 .text.HAL_SPI_GetState
                0x0000000008002c26       0x1a ./Drivers/STM32F1xx_HAL_Driver/Src/stm32f1xx_hal_spi.o
                0x0000000008002c26                HAL_SPI_GetState
 .text.SPI_WaitFlagStateUntilTimeout
                0x0000000008002c40      0x110 ./Drivers/STM32F1xx_HAL_Driver/Src/stm32f1xx_hal_spi.o
 .text.SPI_EndRxTxTransaction
                0x0000000008002d50       0x62 ./Drivers/STM32F1xx_HAL_Driver/Src/stm32f1xx_hal_spi.o
 .text.HAL_TIM_Base_Init
                0x0000000008002db2       0x9e ./Drivers/STM32F1xx_HAL_Driver/Src/stm32f1xx_hal_tim.o
                0x0000000008002db2                HAL_TIM_Base_Init
 .text.HAL_TIM_Base_MspInit
                0x0000000008002e50       0x12 ./Drivers/STM32F1xx_HAL_Driver/Src/stm32f1xx_hal_tim.o
                0x0000000008002e50                HAL_TIM_Base_MspInit
 *fill*         0x0000000008002e62        0x2 
 .text.HAL_TIM_Base_Start_IT
                0x0000000008002e64       0xa4 ./Drivers/STM32F1xx_HAL_Driver/Src/stm32f1xx_hal_tim.o
                0x0000000008002e64                HAL_TIM_Base_Start_IT
 .text.HAL_TIM_IRQHandler
                0x0000000008002f08      0x1e0 ./Drivers/STM32F1xx_HAL_Driver/Src/stm32f1xx_hal_tim.o
                0x0000000008002f08                HAL_TIM_IRQHandler
 .text.HAL_TIM_OC_DelayElapsedCallback
                0x00000000080030e8       0x12 ./Drivers/STM32F1xx_HAL_Driver/Src/stm32f1xx_hal_tim.o
                0x00000000080030e8                HAL_TIM_OC_DelayElapsedCallback
 .text.HAL_TIM_IC_CaptureCallback
                0x00000000080030fa       0x12 ./Drivers/STM32F1xx_HAL_Driver/Src/stm32f1xx_hal_tim.o
                0x00000000080030fa                HAL_TIM_IC_CaptureCallback
 .text.HAL_TIM_PWM_PulseFinishedCallback
                0x000000000800310c       0x12 ./Drivers/STM32F1xx_HAL_Driver/Src/stm32f1xx_hal_tim.o
                0x000000000800310c                HAL_TIM_PWM_PulseFinishedCallback
 .text.HAL_TIM_TriggerCallback
                0x000000000800311e       0x12 ./Drivers/STM32F1xx_HAL_Driver/Src/stm32f1xx_hal_tim.o
                0x000000000800311e                HAL_TIM_TriggerCallback
 .text.TIM_Base_SetConfig
                0x0000000008003130       0xdc ./Drivers/STM32F1xx_HAL_Driver/Src/stm32f1xx_hal_tim.o
                0x0000000008003130                TIM_Base_SetConfig
 .text.HAL_TIMEx_CommutCallback
                0x000000000800320c       0x12 ./Drivers/STM32F1xx_HAL_Driver/Src/stm32f1xx_hal_tim_ex.o
                0x000000000800320c                HAL_TIMEx_CommutCallback
 .text.HAL_TIMEx_BreakCallback
                0x000000000800321e       0x12 ./Drivers/STM32F1xx_HAL_Driver/Src/stm32f1xx_hal_tim_ex.o
                0x000000000800321e                HAL_TIMEx_BreakCallback
 .text.HAL_UART_Init
                0x0000000008003230       0xa0 ./Drivers/STM32F1xx_HAL_Driver/Src/stm32f1xx_hal_uart.o
                0x0000000008003230                HAL_UART_Init
 .text.HAL_UART_Transmit
                0x00000000080032d0      0x116 ./Drivers/STM32F1xx_HAL_Driver/Src/stm32f1xx_hal_uart.o
                0x00000000080032d0                HAL_UART_Transmit
 .text.UART_WaitOnFlagUntilTimeout
                0x00000000080033e6       0xb2 ./Drivers/STM32F1xx_HAL_Driver/Src/stm32f1xx_hal_uart.o
 .text.UART_EndRxTransfer
                0x0000000008003498       0xc4 ./Drivers/STM32F1xx_HAL_Driver/Src/stm32f1xx_hal_uart.o
 .text.UART_SetConfig
                0x000000000800355c      0x11c ./Drivers/STM32F1xx_HAL_Driver/Src/stm32f1xx_hal_uart.o
 .text.makeFreeRtosPriority
                0x0000000008003678       0x2e ./Middlewares/Third_Party/FreeRTOS/Source/CMSIS_RTOS/cmsis_os.o
 .text.inHandlerMode
                0x00000000080036a6       0x22 ./Middlewares/Third_Party/FreeRTOS/Source/CMSIS_RTOS/cmsis_os.o
 .text.osKernelStart
                0x00000000080036c8        0xe ./Middlewares/Third_Party/FreeRTOS/Source/CMSIS_RTOS/cmsis_os.o
                0x00000000080036c8                osKernelStart
 .text.osThreadCreate
                0x00000000080036d6       0x98 ./Middlewares/Third_Party/FreeRTOS/Source/CMSIS_RTOS/cmsis_os.o
                0x00000000080036d6                osThreadCreate
 .text.osDelay  0x000000000800376e       0x28 ./Middlewares/Third_Party/FreeRTOS/Source/CMSIS_RTOS/cmsis_os.o
                0x000000000800376e                osDelay
 .text.osSemaphoreCreate
                0x0000000008003796       0x64 ./Middlewares/Third_Party/FreeRTOS/Source/CMSIS_RTOS/cmsis_os.o
                0x0000000008003796                osSemaphoreCreate
 *fill*         0x00000000080037fa        0x2 
 .text.osSemaphoreWait
                0x00000000080037fc       0x9c ./Middlewares/Third_Party/FreeRTOS/Source/CMSIS_RTOS/cmsis_os.o
                0x00000000080037fc                osSemaphoreWait
 .text.osSemaphoreRelease
                0x0000000008003898       0x6c ./Middlewares/Third_Party/FreeRTOS/Source/CMSIS_RTOS/cmsis_os.o
                0x0000000008003898                osSemaphoreRelease
 .text.vListInitialise
                0x0000000008003904       0x3e ./Middlewares/Third_Party/FreeRTOS/Source/list.o
                0x0000000008003904                vListInitialise
 .text.vListInitialiseItem
                0x0000000008003942       0x18 ./Middlewares/Third_Party/FreeRTOS/Source/list.o
                0x0000000008003942                vListInitialiseItem
 .text.vListInsertEnd
                0x000000000800395a       0x46 ./Middlewares/Third_Party/FreeRTOS/Source/list.o
                0x000000000800395a                vListInsertEnd
 .text.vListInsert
                0x00000000080039a0       0x70 ./Middlewares/Third_Party/FreeRTOS/Source/list.o
                0x00000000080039a0                vListInsert
 .text.uxListRemove
                0x0000000008003a10       0x52 ./Middlewares/Third_Party/FreeRTOS/Source/list.o
                0x0000000008003a10                uxListRemove
 *fill*         0x0000000008003a62        0x2 
 .text.xQueueGenericReset
                0x0000000008003a64       0xd0 ./Middlewares/Third_Party/FreeRTOS/Source/queue.o
                0x0000000008003a64                xQueueGenericReset
 .text.xQueueGenericCreateStatic
                0x0000000008003b34       0xf0 ./Middlewares/Third_Party/FreeRTOS/Source/queue.o
                0x0000000008003b34                xQueueGenericCreateStatic
 .text.xQueueGenericCreate
                0x0000000008003c24       0x74 ./Middlewares/Third_Party/FreeRTOS/Source/queue.o
                0x0000000008003c24                xQueueGenericCreate
 .text.prvInitialiseNewQueue
                0x0000000008003c98       0x3e ./Middlewares/Third_Party/FreeRTOS/Source/queue.o
 *fill*         0x0000000008003cd6        0x2 
 .text.xQueueGenericSend
                0x0000000008003cd8      0x1fc ./Middlewares/Third_Party/FreeRTOS/Source/queue.o
                0x0000000008003cd8                xQueueGenericSend
 .text.xQueueGiveFromISR
                0x0000000008003ed4      0x11a ./Middlewares/Third_Party/FreeRTOS/Source/queue.o
                0x0000000008003ed4                xQueueGiveFromISR
 *fill*         0x0000000008003fee        0x2 
 .text.xQueueSemaphoreTake
                0x0000000008003ff0      0x218 ./Middlewares/Third_Party/FreeRTOS/Source/queue.o
                0x0000000008003ff0                xQueueSemaphoreTake
 .text.xQueueReceiveFromISR
                0x0000000008004208      0x100 ./Middlewares/Third_Party/FreeRTOS/Source/queue.o
                0x0000000008004208                xQueueReceiveFromISR
 .text.prvGetDisinheritPriorityAfterTimeout
                0x0000000008004308       0x2e ./Middlewares/Third_Party/FreeRTOS/Source/queue.o
 .text.prvCopyDataToQueue
                0x0000000008004336       0xd4 ./Middlewares/Third_Party/FreeRTOS/Source/queue.o
 .text.prvCopyDataFromQueue
                0x000000000800440a       0x4c ./Middlewares/Third_Party/FreeRTOS/Source/queue.o
 .text.prvUnlockQueue
                0x0000000008004456       0xa4 ./Middlewares/Third_Party/FreeRTOS/Source/queue.o
 .text.prvIsQueueEmpty
                0x00000000080044fa       0x2c ./Middlewares/Third_Party/FreeRTOS/Source/queue.o
 .text.prvIsQueueFull
                0x0000000008004526       0x30 ./Middlewares/Third_Party/FreeRTOS/Source/queue.o
 .text.xTaskCreateStatic
                0x0000000008004556       0xba ./Middlewares/Third_Party/FreeRTOS/Source/tasks.o
                0x0000000008004556                xTaskCreateStatic
 .text.xTaskCreate
                0x0000000008004610       0x8a ./Middlewares/Third_Party/FreeRTOS/Source/tasks.o
                0x0000000008004610                xTaskCreate
 *fill*         0x000000000800469a        0x2 
 .text.prvInitialiseNewTask
                0x000000000800469c      0x13c ./Middlewares/Third_Party/FreeRTOS/Source/tasks.o
 .text.prvAddNewTaskToReadyList
                0x00000000080047d8       0xd4 ./Middlewares/Third_Party/FreeRTOS/Source/tasks.o
 .text.vTaskDelay
                0x00000000080048ac       0x68 ./Middlewares/Third_Party/FreeRTOS/Source/tasks.o
                0x00000000080048ac                vTaskDelay
 .text.vTaskStartScheduler
                0x0000000008004914       0xd4 ./Middlewares/Third_Party/FreeRTOS/Source/tasks.o
                0x0000000008004914                vTaskStartScheduler
 .text.vTaskSuspendAll
                0x00000000080049e8       0x1c ./Middlewares/Third_Party/FreeRTOS/Source/tasks.o
                0x00000000080049e8                vTaskSuspendAll
 .text.xTaskResumeAll
                0x0000000008004a04      0x138 ./Middlewares/Third_Party/FreeRTOS/Source/tasks.o
                0x0000000008004a04                xTaskResumeAll
 .text.xTaskIncrementTick
                0x0000000008004b3c      0x170 ./Middlewares/Third_Party/FreeRTOS/Source/tasks.o
                0x0000000008004b3c                xTaskIncrementTick
 .text.vTaskSwitchContext
                0x0000000008004cac       0xc4 ./Middlewares/Third_Party/FreeRTOS/Source/tasks.o
                0x0000000008004cac                vTaskSwitchContext
 .text.vTaskPlaceOnEventList
                0x0000000008004d70       0x48 ./Middlewares/Third_Party/FreeRTOS/Source/tasks.o
                0x0000000008004d70                vTaskPlaceOnEventList
 .text.xTaskRemoveFromEventList
                0x0000000008004db8       0xc4 ./Middlewares/Third_Party/FreeRTOS/Source/tasks.o
                0x0000000008004db8                xTaskRemoveFromEventList
 .text.vTaskInternalSetTimeOutState
                0x0000000008004e7c       0x2c ./Middlewares/Third_Party/FreeRTOS/Source/tasks.o
                0x0000000008004e7c                vTaskInternalSetTimeOutState
 .text.xTaskCheckForTimeOut
                0x0000000008004ea8       0xc4 ./Middlewares/Third_Party/FreeRTOS/Source/tasks.o
                0x0000000008004ea8                xTaskCheckForTimeOut
 .text.vTaskMissedYield
                0x0000000008004f6c       0x18 ./Middlewares/Third_Party/FreeRTOS/Source/tasks.o
                0x0000000008004f6c                vTaskMissedYield
 .text.prvIdleTask
                0x0000000008004f84       0x30 ./Middlewares/Third_Party/FreeRTOS/Source/tasks.o
 .text.prvInitialiseTaskLists
                0x0000000008004fb4       0x80 ./Middlewares/Third_Party/FreeRTOS/Source/tasks.o
 .text.prvCheckTasksWaitingTermination
                0x0000000008005034       0x5c ./Middlewares/Third_Party/FreeRTOS/Source/tasks.o
 .text.prvDeleteTCB
                0x0000000008005090       0x68 ./Middlewares/Third_Party/FreeRTOS/Source/tasks.o
 .text.prvResetNextTaskUnblockTime
                0x00000000080050f8       0x40 ./Middlewares/Third_Party/FreeRTOS/Source/tasks.o
 .text.xTaskGetSchedulerState
                0x0000000008005138       0x3c ./Middlewares/Third_Party/FreeRTOS/Source/tasks.o
                0x0000000008005138                xTaskGetSchedulerState
 .text.xTaskPriorityInherit
                0x0000000008005174       0xec ./Middlewares/Third_Party/FreeRTOS/Source/tasks.o
                0x0000000008005174                xTaskPriorityInherit
 .text.xTaskPriorityDisinherit
                0x0000000008005260      0x10c ./Middlewares/Third_Party/FreeRTOS/Source/tasks.o
                0x0000000008005260                xTaskPriorityDisinherit
 .text.vTaskPriorityDisinheritAfterTimeout
                0x000000000800536c      0x11c ./Middlewares/Third_Party/FreeRTOS/Source/tasks.o
                0x000000000800536c                vTaskPriorityDisinheritAfterTimeout
 .text.pvTaskIncrementMutexHeldCount
                0x0000000008005488       0x28 ./Middlewares/Third_Party/FreeRTOS/Source/tasks.o
                0x0000000008005488                pvTaskIncrementMutexHeldCount
 .text.prvAddCurrentTaskToDelayedList
                0x00000000080054b0       0xcc ./Middlewares/Third_Party/FreeRTOS/Source/tasks.o
 .text.pxPortInitialiseStack
                0x000000000800557c       0x58 ./Middlewares/Third_Party/FreeRTOS/Source/portable/GCC/ARM_CM3/port.o
                0x000000000800557c                pxPortInitialiseStack
 .text.prvTaskExitError
                0x00000000080055d4       0x58 ./Middlewares/Third_Party/FreeRTOS/Source/portable/GCC/ARM_CM3/port.o
 *fill*         0x000000000800562c        0x4 
 .text.SVC_Handler
                0x0000000008005630       0x28 ./Middlewares/Third_Party/FreeRTOS/Source/portable/GCC/ARM_CM3/port.o
                0x0000000008005630                SVC_Handler
 .text.prvPortStartFirstTask
                0x0000000008005658       0x20 ./Middlewares/Third_Party/FreeRTOS/Source/portable/GCC/ARM_CM3/port.o
 .text.xPortStartScheduler
                0x0000000008005678       0xe4 ./Middlewares/Third_Party/FreeRTOS/Source/portable/GCC/ARM_CM3/port.o
                0x0000000008005678                xPortStartScheduler
 .text.vPortEnterCritical
                0x000000000800575c       0x60 ./Middlewares/Third_Party/FreeRTOS/Source/portable/GCC/ARM_CM3/port.o
                0x000000000800575c                vPortEnterCritical
 .text.vPortExitCritical
                0x00000000080057bc       0x50 ./Middlewares/Third_Party/FreeRTOS/Source/portable/GCC/ARM_CM3/port.o
                0x00000000080057bc                vPortExitCritical
 *fill*         0x000000000800580c        0x4 
 .text.PendSV_Handler
                0x0000000008005810       0x48 ./Middlewares/Third_Party/FreeRTOS/Source/portable/GCC/ARM_CM3/port.o
                0x0000000008005810                PendSV_Handler
 .text.SysTick_Handler
                0x0000000008005858       0x44 ./Middlewares/Third_Party/FreeRTOS/Source/portable/GCC/ARM_CM3/port.o
                0x0000000008005858                SysTick_Handler
 .text.vPortSetupTimerInterrupt
                0x000000000800589c       0x44 ./Middlewares/Third_Party/FreeRTOS/Source/portable/GCC/ARM_CM3/port.o
                0x000000000800589c                vPortSetupTimerInterrupt
 .text.vPortValidateInterruptPriority
                0x00000000080058e0       0x7c ./Middlewares/Third_Party/FreeRTOS/Source/portable/GCC/ARM_CM3/port.o
                0x00000000080058e0                vPortValidateInterruptPriority
 .text.pvPortMalloc
                0x000000000800595c      0x198 ./Middlewares/Third_Party/FreeRTOS/Source/portable/MemMang/heap_4.o
                0x000000000800595c                pvPortMalloc
 .text.vPortFree
                0x0000000008005af4       0xc4 ./Middlewares/Third_Party/FreeRTOS/Source/portable/MemMang/heap_4.o
                0x0000000008005af4                vPortFree
 .text.prvHeapInit
                0x0000000008005bb8       0xc4 ./Middlewares/Third_Party/FreeRTOS/Source/portable/MemMang/heap_4.o
 .text.prvInsertBlockIntoFreeList
                0x0000000008005c7c       0xb0 ./Middlewares/Third_Party/FreeRTOS/Source/portable/MemMang/heap_4.o
 .text.__errno  0x0000000008005d2c        0xc e:/stm32cubeide_1.8.0/stm32cubeide/plugins/com.st.stm32cube.ide.mcu.externaltools.gnu-tools-for-stm32.9-2020-q2-update.win32_2.0.0.202105311346/tools/bin/../lib/gcc/arm-none-eabi/9.3.1/../../../../arm-none-eabi/lib/thumb/v7-m/nofp\libc_nano.a(lib_a-errno.o)
                0x0000000008005d2c                __errno
 .text.__libc_init_array
                0x0000000008005d38       0x48 e:/stm32cubeide_1.8.0/stm32cubeide/plugins/com.st.stm32cube.ide.mcu.externaltools.gnu-tools-for-stm32.9-2020-q2-update.win32_2.0.0.202105311346/tools/bin/../lib/gcc/arm-none-eabi/9.3.1/../../../../arm-none-eabi/lib/thumb/v7-m/nofp\libc_nano.a(lib_a-init.o)
                0x0000000008005d38                __libc_init_array
 .text.__retarget_lock_acquire_recursive
                0x0000000008005d80        0x2 e:/stm32cubeide_1.8.0/stm32cubeide/plugins/com.st.stm32cube.ide.mcu.externaltools.gnu-tools-for-stm32.9-2020-q2-update.win32_2.0.0.202105311346/tools/bin/../lib/gcc/arm-none-eabi/9.3.1/../../../../arm-none-eabi/lib/thumb/v7-m/nofp\libc_nano.a(lib_a-lock.o)
                0x0000000008005d80                __retarget_lock_acquire_recursive
 .text.__retarget_lock_release_recursive
                0x0000000008005d82        0x2 e:/stm32cubeide_1.8.0/stm32cubeide/plugins/com.st.stm32cube.ide.mcu.externaltools.gnu-tools-for-stm32.9-2020-q2-update.win32_2.0.0.202105311346/tools/bin/../lib/gcc/arm-none-eabi/9.3.1/../../../../arm-none-eabi/lib/thumb/v7-m/nofp\libc_nano.a(lib_a-lock.o)
                0x0000000008005d82                __retarget_lock_release_recursive
 .text.memcpy   0x0000000008005d84       0x1c e:/stm32cubeide_1.8.0/stm32cubeide/plugins/com.st.stm32cube.ide.mcu.externaltools.gnu-tools-for-stm32.9-2020-q2-update.win32_2.0.0.202105311346/tools/bin/../lib/gcc/arm-none-eabi/9.3.1/../../../../arm-none-eabi/lib/thumb/v7-m/nofp\libc_nano.a(lib_a-memcpy-stub.o)
                0x0000000008005d84                memcpy
 .text.memset   0x0000000008005da0       0x10 e:/stm32cubeide_1.8.0/stm32cubeide/plugins/com.st.stm32cube.ide.mcu.externaltools.gnu-tools-for-stm32.9-2020-q2-update.win32_2.0.0.202105311346/tools/bin/../lib/gcc/arm-none-eabi/9.3.1/../../../../arm-none-eabi/lib/thumb/v7-m/nofp\libc_nano.a(lib_a-memset.o)
                0x0000000008005da0                memset
 .text._malloc_r
                0x0000000008005db0       0xb4 e:/stm32cubeide_1.8.0/stm32cubeide/plugins/com.st.stm32cube.ide.mcu.externaltools.gnu-tools-for-stm32.9-2020-q2-update.win32_2.0.0.202105311346/tools/bin/../lib/gcc/arm-none-eabi/9.3.1/../../../../arm-none-eabi/lib/thumb/v7-m/nofp\libc_nano.a(lib_a-nano-mallocr.o)
                0x0000000008005db0                _malloc_r
 .text.cleanup_glue
                0x0000000008005e64       0x1a e:/stm32cubeide_1.8.0/stm32cubeide/plugins/com.st.stm32cube.ide.mcu.externaltools.gnu-tools-for-stm32.9-2020-q2-update.win32_2.0.0.202105311346/tools/bin/../lib/gcc/arm-none-eabi/9.3.1/../../../../arm-none-eabi/lib/thumb/v7-m/nofp\libc_nano.a(lib_a-reent.o)
                0x0000000008005e64                cleanup_glue
 *fill*         0x0000000008005e7e        0x2 
 .text._reclaim_reent
                0x0000000008005e80       0xb8 e:/stm32cubeide_1.8.0/stm32cubeide/plugins/com.st.stm32cube.ide.mcu.externaltools.gnu-tools-for-stm32.9-2020-q2-update.win32_2.0.0.202105311346/tools/bin/../lib/gcc/arm-none-eabi/9.3.1/../../../../arm-none-eabi/lib/thumb/v7-m/nofp\libc_nano.a(lib_a-reent.o)
                0x0000000008005e80                _reclaim_reent
 .text._sbrk_r  0x0000000008005f38       0x20 e:/stm32cubeide_1.8.0/stm32cubeide/plugins/com.st.stm32cube.ide.mcu.externaltools.gnu-tools-for-stm32.9-2020-q2-update.win32_2.0.0.202105311346/tools/bin/../lib/gcc/arm-none-eabi/9.3.1/../../../../arm-none-eabi/lib/thumb/v7-m/nofp\libc_nano.a(lib_a-sbrkr.o)
                0x0000000008005f38                _sbrk_r
 .text._vsnprintf_r
                0x0000000008005f58       0x58 e:/stm32cubeide_1.8.0/stm32cubeide/plugins/com.st.stm32cube.ide.mcu.externaltools.gnu-tools-for-stm32.9-2020-q2-update.win32_2.0.0.202105311346/tools/bin/../lib/gcc/arm-none-eabi/9.3.1/../../../../arm-none-eabi/lib/thumb/v7-m/nofp\libc_nano.a(lib_a-vsnprintf.o)
                0x0000000008005f58                _vsniprintf_r
                0x0000000008005f58                _vsnprintf_r
 .text.vsnprintf
                0x0000000008005fb0       0x1c e:/stm32cubeide_1.8.0/stm32cubeide/plugins/com.st.stm32cube.ide.mcu.externaltools.gnu-tools-for-stm32.9-2020-q2-update.win32_2.0.0.202105311346/tools/bin/../lib/gcc/arm-none-eabi/9.3.1/../../../../arm-none-eabi/lib/thumb/v7-m/nofp\libc_nano.a(lib_a-vsnprintf.o)
                0x0000000008005fb0                vsniprintf
                0x0000000008005fb0                vsnprintf
 .text.__malloc_lock
                0x0000000008005fcc        0xc e:/stm32cubeide_1.8.0/stm32cubeide/plugins/com.st.stm32cube.ide.mcu.externaltools.gnu-tools-for-stm32.9-2020-q2-update.win32_2.0.0.202105311346/tools/bin/../lib/gcc/arm-none-eabi/9.3.1/../../../../arm-none-eabi/lib/thumb/v7-m/nofp\libc_nano.a(lib_a-mlock.o)
                0x0000000008005fcc                __malloc_lock
 .text.__malloc_unlock
                0x0000000008005fd8        0xc e:/stm32cubeide_1.8.0/stm32cubeide/plugins/com.st.stm32cube.ide.mcu.externaltools.gnu-tools-for-stm32.9-2020-q2-update.win32_2.0.0.202105311346/tools/bin/../lib/gcc/arm-none-eabi/9.3.1/../../../../arm-none-eabi/lib/thumb/v7-m/nofp\libc_nano.a(lib_a-mlock.o)
                0x0000000008005fd8                __malloc_unlock
 .text._free_r  0x0000000008005fe4       0x98 e:/stm32cubeide_1.8.0/stm32cubeide/plugins/com.st.stm32cube.ide.mcu.externaltools.gnu-tools-for-stm32.9-2020-q2-update.win32_2.0.0.202105311346/tools/bin/../lib/gcc/arm-none-eabi/9.3.1/../../../../arm-none-eabi/lib/thumb/v7-m/nofp\libc_nano.a(lib_a-nano-freer.o)
                0x0000000008005fe4                _free_r
 .text.__ssputs_r
                0x000000000800607c       0xb6 e:/stm32cubeide_1.8.0/stm32cubeide/plugins/com.st.stm32cube.ide.mcu.externaltools.gnu-tools-for-stm32.9-2020-q2-update.win32_2.0.0.202105311346/tools/bin/../lib/gcc/arm-none-eabi/9.3.1/../../../../arm-none-eabi/lib/thumb/v7-m/nofp\libc_nano.a(lib_a-nano-svfprintf.o)
                0x000000000800607c                __ssputs_r
 *fill*         0x0000000008006132        0x2 
 .text._svfprintf_r
                0x0000000008006134      0x200 e:/stm32cubeide_1.8.0/stm32cubeide/plugins/com.st.stm32cube.ide.mcu.externaltools.gnu-tools-for-stm32.9-2020-q2-update.win32_2.0.0.202105311346/tools/bin/../lib/gcc/arm-none-eabi/9.3.1/../../../../arm-none-eabi/lib/thumb/v7-m/nofp\libc_nano.a(lib_a-nano-svfprintf.o)
                0x0000000008006134                _svfiprintf_r
                0x0000000008006134                _svfprintf_r
 .text._printf_common
                0x0000000008006334       0xde e:/stm32cubeide_1.8.0/stm32cubeide/plugins/com.st.stm32cube.ide.mcu.externaltools.gnu-tools-for-stm32.9-2020-q2-update.win32_2.0.0.202105311346/tools/bin/../lib/gcc/arm-none-eabi/9.3.1/../../../../arm-none-eabi/lib/thumb/v7-m/nofp\libc_nano.a(lib_a-nano-vfprintf_i.o)
                0x0000000008006334                _printf_common
 *fill*         0x0000000008006412        0x2 
 .text._printf_i
                0x0000000008006414      0x24c e:/stm32cubeide_1.8.0/stm32cubeide/plugins/com.st.stm32cube.ide.mcu.externaltools.gnu-tools-for-stm32.9-2020-q2-update.win32_2.0.0.202105311346/tools/bin/../lib/gcc/arm-none-eabi/9.3.1/../../../../arm-none-eabi/lib/thumb/v7-m/nofp\libc_nano.a(lib_a-nano-vfprintf_i.o)
                0x0000000008006414                _printf_i
 .text.memchr   0x0000000008006660       0x1c e:/stm32cubeide_1.8.0/stm32cubeide/plugins/com.st.stm32cube.ide.mcu.externaltools.gnu-tools-for-stm32.9-2020-q2-update.win32_2.0.0.202105311346/tools/bin/../lib/gcc/arm-none-eabi/9.3.1/../../../../arm-none-eabi/lib/thumb/v7-m/nofp\libc_nano.a(lib_a-memchr-stub.o)
                0x0000000008006660                memchr
 .text.memmove  0x000000000800667c       0x34 e:/stm32cubeide_1.8.0/stm32cubeide/plugins/com.st.stm32cube.ide.mcu.externaltools.gnu-tools-for-stm32.9-2020-q2-update.win32_2.0.0.202105311346/tools/bin/../lib/gcc/arm-none-eabi/9.3.1/../../../../arm-none-eabi/lib/thumb/v7-m/nofp\libc_nano.a(lib_a-memmove.o)
                0x000000000800667c                memmove
 .text._realloc_r
                0x00000000080066b0       0x4c e:/stm32cubeide_1.8.0/stm32cubeide/plugins/com.st.stm32cube.ide.mcu.externaltools.gnu-tools-for-stm32.9-2020-q2-update.win32_2.0.0.202105311346/tools/bin/../lib/gcc/arm-none-eabi/9.3.1/../../../../arm-none-eabi/lib/thumb/v7-m/nofp\libc_nano.a(lib_a-nano-reallocr.o)
                0x00000000080066b0                _realloc_r
 .text._malloc_usable_size_r
                0x00000000080066fc       0x10 e:/stm32cubeide_1.8.0/stm32cubeide/plugins/com.st.stm32cube.ide.mcu.externaltools.gnu-tools-for-stm32.9-2020-q2-update.win32_2.0.0.202105311346/tools/bin/../lib/gcc/arm-none-eabi/9.3.1/../../../../arm-none-eabi/lib/thumb/v7-m/nofp\libc_nano.a(lib_a-nano-msizer.o)
                0x00000000080066fc                _malloc_usable_size_r
 *(.glue_7)
 .glue_7        0x000000000800670c        0x0 linker stubs
 *(.glue_7t)
 .glue_7t       0x000000000800670c        0x0 linker stubs
 *(.eh_frame)
 .eh_frame      0x000000000800670c        0x0 e:/stm32cubeide_1.8.0/stm32cubeide/plugins/com.st.stm32cube.ide.mcu.externaltools.gnu-tools-for-stm32.9-2020-q2-update.win32_2.0.0.202105311346/tools/bin/../lib/gcc/arm-none-eabi/9.3.1/thumb/v7-m/nofp/crtbegin.o
 *(.init)
 .init          0x000000000800670c        0x4 e:/stm32cubeide_1.8.0/stm32cubeide/plugins/com.st.stm32cube.ide.mcu.externaltools.gnu-tools-for-stm32.9-2020-q2-update.win32_2.0.0.202105311346/tools/bin/../lib/gcc/arm-none-eabi/9.3.1/thumb/v7-m/nofp/crti.o
                0x000000000800670c                _init
 .init          0x0000000008006710        0x8 e:/stm32cubeide_1.8.0/stm32cubeide/plugins/com.st.stm32cube.ide.mcu.externaltools.gnu-tools-for-stm32.9-2020-q2-update.win32_2.0.0.202105311346/tools/bin/../lib/gcc/arm-none-eabi/9.3.1/thumb/v7-m/nofp/crtn.o
 *(.fini)
 .fini          0x0000000008006718        0x4 e:/stm32cubeide_1.8.0/stm32cubeide/plugins/com.st.stm32cube.ide.mcu.externaltools.gnu-tools-for-stm32.9-2020-q2-update.win32_2.0.0.202105311346/tools/bin/../lib/gcc/arm-none-eabi/9.3.1/thumb/v7-m/nofp/crti.o
                0x0000000008006718                _fini
 .fini          0x000000000800671c        0x8 e:/stm32cubeide_1.8.0/stm32cubeide/plugins/com.st.stm32cube.ide.mcu.externaltools.gnu-tools-for-stm32.9-2020-q2-update.win32_2.0.0.202105311346/tools/bin/../lib/gcc/arm-none-eabi/9.3.1/thumb/v7-m/nofp/crtn.o
                0x0000000008006724                . = ALIGN (0x4)
                0x0000000008006724                _etext = .

.vfp11_veneer   0x0000000008006724        0x0
 .vfp11_veneer  0x0000000008006724        0x0 linker stubs

.v4_bx          0x0000000008006724        0x0
 .v4_bx         0x0000000008006724        0x0 linker stubs

.iplt           0x0000000008006724        0x0
 .iplt          0x0000000008006724        0x0 e:/stm32cubeide_1.8.0/stm32cubeide/plugins/com.st.stm32cube.ide.mcu.externaltools.gnu-tools-for-stm32.9-2020-q2-update.win32_2.0.0.202105311346/tools/bin/../lib/gcc/arm-none-eabi/9.3.1/thumb/v7-m/nofp/crtbegin.o

.rodata         0x0000000008006724      0x268
                0x0000000008006724                . = ALIGN (0x4)
 *(.rodata)
 .rodata        0x0000000008006724      0x17d ./Core/Src/main.o
 *fill*         0x00000000080068a1        0x3 
 .rodata        0x00000000080068a4        0x5 ./Middlewares/Third_Party/FreeRTOS/Source/tasks.o
 *(.rodata*)
 *fill*         0x00000000080068a9        0x3 
 .rodata.SX1278_Power
                0x00000000080068ac        0x4 ./Core/Src/SX1278.o
 .rodata.SX1278_SpreadFactor
                0x00000000080068b0        0x7 ./Core/Src/SX1278.o
 *fill*         0x00000000080068b7        0x1 
 .rodata.SX1278_LoRaBandwidth
                0x00000000080068b8        0xa ./Core/Src/SX1278.o
 *fill*         0x00000000080068c2        0x2 
 .rodata.SX1278_CodingRate
                0x00000000080068c4        0x4 ./Core/Src/SX1278.o
 .rodata.SX1278_CRC_Sum
                0x00000000080068c8        0x2 ./Core/Src/SX1278.o
 *fill*         0x00000000080068ca        0x2 
 .rodata.AHBPrescTable
                0x00000000080068cc       0x10 ./Core/Src/system_stm32f1xx.o
                0x00000000080068cc                AHBPrescTable
 .rodata.APBPrescTable
                0x00000000080068dc        0x8 ./Core/Src/system_stm32f1xx.o
                0x00000000080068dc                APBPrescTable
 .rodata.aPLLMULFactorTable.6322
                0x00000000080068e4       0x10 ./Drivers/STM32F1xx_HAL_Driver/Src/stm32f1xx_hal_rcc.o
 .rodata.aPredivFactorTable.6323
                0x00000000080068f4        0x2 ./Drivers/STM32F1xx_HAL_Driver/Src/stm32f1xx_hal_rcc.o
 *fill*         0x00000000080068f6        0x2 
 .rodata.__sf_fake_stderr
                0x00000000080068f8       0x20 e:/stm32cubeide_1.8.0/stm32cubeide/plugins/com.st.stm32cube.ide.mcu.externaltools.gnu-tools-for-stm32.9-2020-q2-update.win32_2.0.0.202105311346/tools/bin/../lib/gcc/arm-none-eabi/9.3.1/../../../../arm-none-eabi/lib/thumb/v7-m/nofp\libc_nano.a(lib_a-findfp.o)
                0x00000000080068f8                __sf_fake_stderr
 .rodata.__sf_fake_stdin
                0x0000000008006918       0x20 e:/stm32cubeide_1.8.0/stm32cubeide/plugins/com.st.stm32cube.ide.mcu.externaltools.gnu-tools-for-stm32.9-2020-q2-update.win32_2.0.0.202105311346/tools/bin/../lib/gcc/arm-none-eabi/9.3.1/../../../../arm-none-eabi/lib/thumb/v7-m/nofp\libc_nano.a(lib_a-findfp.o)
                0x0000000008006918                __sf_fake_stdin
 .rodata.__sf_fake_stdout
                0x0000000008006938       0x20 e:/stm32cubeide_1.8.0/stm32cubeide/plugins/com.st.stm32cube.ide.mcu.externaltools.gnu-tools-for-stm32.9-2020-q2-update.win32_2.0.0.202105311346/tools/bin/../lib/gcc/arm-none-eabi/9.3.1/../../../../arm-none-eabi/lib/thumb/v7-m/nofp\libc_nano.a(lib_a-findfp.o)
                0x0000000008006938                __sf_fake_stdout
 .rodata._svfprintf_r.str1.1
                0x0000000008006958       0x11 e:/stm32cubeide_1.8.0/stm32cubeide/plugins/com.st.stm32cube.ide.mcu.externaltools.gnu-tools-for-stm32.9-2020-q2-update.win32_2.0.0.202105311346/tools/bin/../lib/gcc/arm-none-eabi/9.3.1/../../../../arm-none-eabi/lib/thumb/v7-m/nofp\libc_nano.a(lib_a-nano-svfprintf.o)
 .rodata._printf_i.str1.1
                0x0000000008006969       0x22 e:/stm32cubeide_1.8.0/stm32cubeide/plugins/com.st.stm32cube.ide.mcu.externaltools.gnu-tools-for-stm32.9-2020-q2-update.win32_2.0.0.202105311346/tools/bin/../lib/gcc/arm-none-eabi/9.3.1/../../../../arm-none-eabi/lib/thumb/v7-m/nofp\libc_nano.a(lib_a-nano-vfprintf_i.o)
                0x000000000800698c                . = ALIGN (0x4)
 *fill*         0x000000000800698b        0x1 

.ARM.extab      0x000000000800698c        0x0
                0x000000000800698c                . = ALIGN (0x4)
 *(.ARM.extab* .gnu.linkonce.armextab.*)
                0x000000000800698c                . = ALIGN (0x4)

.ARM            0x000000000800698c        0x8
                0x000000000800698c                . = ALIGN (0x4)
                0x000000000800698c                __exidx_start = .
 *(.ARM.exidx*)
 .ARM.exidx     0x000000000800698c        0x8 e:/stm32cubeide_1.8.0/stm32cubeide/plugins/com.st.stm32cube.ide.mcu.externaltools.gnu-tools-for-stm32.9-2020-q2-update.win32_2.0.0.202105311346/tools/bin/../lib/gcc/arm-none-eabi/9.3.1/thumb/v7-m/nofp\libgcc.a(_udivmoddi4.o)
                0x0000000008006994                __exidx_end = .
                0x0000000008006994                . = ALIGN (0x4)

.rel.dyn        0x0000000008006994        0x0
 .rel.iplt      0x0000000008006994        0x0 e:/stm32cubeide_1.8.0/stm32cubeide/plugins/com.st.stm32cube.ide.mcu.externaltools.gnu-tools-for-stm32.9-2020-q2-update.win32_2.0.0.202105311346/tools/bin/../lib/gcc/arm-none-eabi/9.3.1/thumb/v7-m/nofp/crtbegin.o

.preinit_array  0x0000000008006994        0x0
                0x0000000008006994                . = ALIGN (0x4)
                0x0000000008006994                PROVIDE (__preinit_array_start = .)
 *(.preinit_array*)
                0x0000000008006994                PROVIDE (__preinit_array_end = .)
                0x0000000008006994                . = ALIGN (0x4)

.init_array     0x0000000008006994        0x4
                0x0000000008006994                . = ALIGN (0x4)
                0x0000000008006994                PROVIDE (__init_array_start = .)
 *(SORT_BY_NAME(.init_array.*))
 *(.init_array*)
 .init_array    0x0000000008006994        0x4 e:/stm32cubeide_1.8.0/stm32cubeide/plugins/com.st.stm32cube.ide.mcu.externaltools.gnu-tools-for-stm32.9-2020-q2-update.win32_2.0.0.202105311346/tools/bin/../lib/gcc/arm-none-eabi/9.3.1/thumb/v7-m/nofp/crtbegin.o
                0x0000000008006998                PROVIDE (__init_array_end = .)
                0x0000000008006998                . = ALIGN (0x4)

.fini_array     0x0000000008006998        0x4
                0x0000000008006998                . = ALIGN (0x4)
                [!provide]                        PROVIDE (__fini_array_start = .)
 *(SORT_BY_NAME(.fini_array.*))
 *(.fini_array*)
 .fini_array    0x0000000008006998        0x4 e:/stm32cubeide_1.8.0/stm32cubeide/plugins/com.st.stm32cube.ide.mcu.externaltools.gnu-tools-for-stm32.9-2020-q2-update.win32_2.0.0.202105311346/tools/bin/../lib/gcc/arm-none-eabi/9.3.1/thumb/v7-m/nofp/crtbegin.o
                [!provide]                        PROVIDE (__fini_array_end = .)
                0x000000000800699c                . = ALIGN (0x4)
                0x000000000800699c                _sidata = LOADADDR (.data)

.data           0x0000000020000000       0x74 load address 0x000000000800699c
                0x0000000020000000                . = ALIGN (0x4)
                0x0000000020000000                _sdata = .
 *(.data)
 *(.data*)
 .data.SystemCoreClock
                0x0000000020000000        0x4 ./Core/Src/system_stm32f1xx.o
                0x0000000020000000                SystemCoreClock
 .data.uwTickPrio
                0x0000000020000004        0x4 ./Drivers/STM32F1xx_HAL_Driver/Src/stm32f1xx_hal.o
                0x0000000020000004                uwTickPrio
 .data.uwTickFreq
                0x0000000020000008        0x1 ./Drivers/STM32F1xx_HAL_Driver/Src/stm32f1xx_hal.o
                0x0000000020000008                uwTickFreq
 *fill*         0x0000000020000009        0x3 
 .data.uxCriticalNesting
                0x000000002000000c        0x4 ./Middlewares/Third_Party/FreeRTOS/Source/portable/GCC/ARM_CM3/port.o
 .data._impure_ptr
                0x0000000020000010        0x4 e:/stm32cubeide_1.8.0/stm32cubeide/plugins/com.st.stm32cube.ide.mcu.externaltools.gnu-tools-for-stm32.9-2020-q2-update.win32_2.0.0.202105311346/tools/bin/../lib/gcc/arm-none-eabi/9.3.1/../../../../arm-none-eabi/lib/thumb/v7-m/nofp\libc_nano.a(lib_a-impure.o)
                0x0000000020000010                _impure_ptr
 .data.impure_data
                0x0000000020000014       0x60 e:/stm32cubeide_1.8.0/stm32cubeide/plugins/com.st.stm32cube.ide.mcu.externaltools.gnu-tools-for-stm32.9-2020-q2-update.win32_2.0.0.202105311346/tools/bin/../lib/gcc/arm-none-eabi/9.3.1/../../../../arm-none-eabi/lib/thumb/v7-m/nofp\libc_nano.a(lib_a-impure.o)
 *(.RamFunc)
 *(.RamFunc*)
                0x0000000020000074                . = ALIGN (0x4)
                0x0000000020000074                _edata = .

.igot.plt       0x0000000020000074        0x0 load address 0x0000000008006a10
 .igot.plt      0x0000000020000074        0x0 e:/stm32cubeide_1.8.0/stm32cubeide/plugins/com.st.stm32cube.ide.mcu.externaltools.gnu-tools-for-stm32.9-2020-q2-update.win32_2.0.0.202105311346/tools/bin/../lib/gcc/arm-none-eabi/9.3.1/thumb/v7-m/nofp/crtbegin.o
                0x0000000020000074                . = ALIGN (0x4)

.bss            0x0000000020000078     0x12d4 load address 0x0000000008006a10
                0x0000000020000078                _sbss = .
                0x0000000020000078                __bss_start__ = _sbss
 *(.bss)
 .bss           0x0000000020000078       0x1c e:/stm32cubeide_1.8.0/stm32cubeide/plugins/com.st.stm32cube.ide.mcu.externaltools.gnu-tools-for-stm32.9-2020-q2-update.win32_2.0.0.202105311346/tools/bin/../lib/gcc/arm-none-eabi/9.3.1/thumb/v7-m/nofp/crtbegin.o
 *(.bss*)
 .bss.xIdleTaskTCBBuffer
                0x0000000020000094       0xb4 ./Core/Src/freertos.o
 .bss.xIdleStack
                0x0000000020000148      0x200 ./Core/Src/freertos.o
 .bss.connected_dev
                0x0000000020000348        0x6 ./Core/Src/main.o
                0x0000000020000348                connected_dev
 *fill*         0x000000002000034e        0x2 
 .bss.__sbrk_heap_end
                0x0000000020000350        0x4 ./Core/Src/sysmem.o
 .bss.pxCurrentTCB
                0x0000000020000354        0x4 ./Middlewares/Third_Party/FreeRTOS/Source/tasks.o
                0x0000000020000354                pxCurrentTCB
 .bss.pxReadyTasksLists
                0x0000000020000358       0x8c ./Middlewares/Third_Party/FreeRTOS/Source/tasks.o
 .bss.xDelayedTaskList1
                0x00000000200003e4       0x14 ./Middlewares/Third_Party/FreeRTOS/Source/tasks.o
 .bss.xDelayedTaskList2
                0x00000000200003f8       0x14 ./Middlewares/Third_Party/FreeRTOS/Source/tasks.o
 .bss.pxDelayedTaskList
                0x000000002000040c        0x4 ./Middlewares/Third_Party/FreeRTOS/Source/tasks.o
 .bss.pxOverflowDelayedTaskList
                0x0000000020000410        0x4 ./Middlewares/Third_Party/FreeRTOS/Source/tasks.o
 .bss.xPendingReadyList
                0x0000000020000414       0x14 ./Middlewares/Third_Party/FreeRTOS/Source/tasks.o
 .bss.xTasksWaitingTermination
                0x0000000020000428       0x14 ./Middlewares/Third_Party/FreeRTOS/Source/tasks.o
 .bss.uxDeletedTasksWaitingCleanUp
                0x000000002000043c        0x4 ./Middlewares/Third_Party/FreeRTOS/Source/tasks.o
 .bss.xSuspendedTaskList
                0x0000000020000440       0x14 ./Middlewares/Third_Party/FreeRTOS/Source/tasks.o
 .bss.uxCurrentNumberOfTasks
                0x0000000020000454        0x4 ./Middlewares/Third_Party/FreeRTOS/Source/tasks.o
 .bss.xTickCount
                0x0000000020000458        0x4 ./Middlewares/Third_Party/FreeRTOS/Source/tasks.o
 .bss.uxTopReadyPriority
                0x000000002000045c        0x4 ./Middlewares/Third_Party/FreeRTOS/Source/tasks.o
 .bss.xSchedulerRunning
                0x0000000020000460        0x4 ./Middlewares/Third_Party/FreeRTOS/Source/tasks.o
 .bss.xPendedTicks
                0x0000000020000464        0x4 ./Middlewares/Third_Party/FreeRTOS/Source/tasks.o
 .bss.xYieldPending
                0x0000000020000468        0x4 ./Middlewares/Third_Party/FreeRTOS/Source/tasks.o
 .bss.xNumOfOverflows
                0x000000002000046c        0x4 ./Middlewares/Third_Party/FreeRTOS/Source/tasks.o
 .bss.uxTaskNumber
                0x0000000020000470        0x4 ./Middlewares/Third_Party/FreeRTOS/Source/tasks.o
 .bss.xNextTaskUnblockTime
                0x0000000020000474        0x4 ./Middlewares/Third_Party/FreeRTOS/Source/tasks.o
 .bss.xIdleTaskHandle
                0x0000000020000478        0x4 ./Middlewares/Third_Party/FreeRTOS/Source/tasks.o
 .bss.uxSchedulerSuspended
                0x000000002000047c        0x4 ./Middlewares/Third_Party/FreeRTOS/Source/tasks.o
 .bss.ucMaxSysCallPriority
                0x0000000020000480        0x1 ./Middlewares/Third_Party/FreeRTOS/Source/portable/GCC/ARM_CM3/port.o
 *fill*         0x0000000020000481        0x3 
 .bss.ulMaxPRIGROUPValue
                0x0000000020000484        0x4 ./Middlewares/Third_Party/FreeRTOS/Source/portable/GCC/ARM_CM3/port.o
 .bss.ucHeap    0x0000000020000488      0xc00 ./Middlewares/Third_Party/FreeRTOS/Source/portable/MemMang/heap_4.o
 .bss.xStart    0x0000000020001088        0x8 ./Middlewares/Third_Party/FreeRTOS/Source/portable/MemMang/heap_4.o
 .bss.pxEnd     0x0000000020001090        0x4 ./Middlewares/Third_Party/FreeRTOS/Source/portable/MemMang/heap_4.o
 .bss.xFreeBytesRemaining
                0x0000000020001094        0x4 ./Middlewares/Third_Party/FreeRTOS/Source/portable/MemMang/heap_4.o
 .bss.xMinimumEverFreeBytesRemaining
                0x0000000020001098        0x4 ./Middlewares/Third_Party/FreeRTOS/Source/portable/MemMang/heap_4.o
 .bss.xNumberOfSuccessfulAllocations
                0x000000002000109c        0x4 ./Middlewares/Third_Party/FreeRTOS/Source/portable/MemMang/heap_4.o
 .bss.xNumberOfSuccessfulFrees
                0x00000000200010a0        0x4 ./Middlewares/Third_Party/FreeRTOS/Source/portable/MemMang/heap_4.o
 .bss.xBlockAllocatedBit
                0x00000000200010a4        0x4 ./Middlewares/Third_Party/FreeRTOS/Source/portable/MemMang/heap_4.o
 .bss.__malloc_free_list
                0x00000000200010a8        0x4 e:/stm32cubeide_1.8.0/stm32cubeide/plugins/com.st.stm32cube.ide.mcu.externaltools.gnu-tools-for-stm32.9-2020-q2-update.win32_2.0.0.202105311346/tools/bin/../lib/gcc/arm-none-eabi/9.3.1/../../../../arm-none-eabi/lib/thumb/v7-m/nofp\libc_nano.a(lib_a-nano-mallocr.o)
                0x00000000200010a8                __malloc_free_list
 .bss.__malloc_sbrk_start
                0x00000000200010ac        0x4 e:/stm32cubeide_1.8.0/stm32cubeide/plugins/com.st.stm32cube.ide.mcu.externaltools.gnu-tools-for-stm32.9-2020-q2-update.win32_2.0.0.202105311346/tools/bin/../lib/gcc/arm-none-eabi/9.3.1/../../../../arm-none-eabi/lib/thumb/v7-m/nofp\libc_nano.a(lib_a-nano-mallocr.o)
                0x00000000200010ac                __malloc_sbrk_start
 *(COMMON)
 COMMON         0x00000000200010b0      0x240 ./Core/Src/main.o
                0x00000000200010b0                huart3
                0x00000000200010f8                dataReadyHandle
                0x00000000200010fc                ReceiveTaskHandle
                0x0000000020001100                huart1
                0x0000000020001148                buffer
                0x000000002000115c                hspi1
                0x00000000200011b8                SX1278
                0x00000000200012d0                SX1278_hw
                0x00000000200012ec                TransmitTaskHandle
 COMMON         0x00000000200012f0       0x48 ./Core/Src/stm32f1xx_hal_timebase_tim.o
                0x00000000200012f0                htim4
 COMMON         0x0000000020001338        0x4 ./Drivers/STM32F1xx_HAL_Driver/Src/stm32f1xx_hal.o
                0x0000000020001338                uwTick
 COMMON         0x000000002000133c        0x9 e:/stm32cubeide_1.8.0/stm32cubeide/plugins/com.st.stm32cube.ide.mcu.externaltools.gnu-tools-for-stm32.9-2020-q2-update.win32_2.0.0.202105311346/tools/bin/../lib/gcc/arm-none-eabi/9.3.1/../../../../arm-none-eabi/lib/thumb/v7-m/nofp\libc_nano.a(lib_a-lock.o)
                0x000000002000133c                __lock___atexit_recursive_mutex
                0x000000002000133d                __lock___arc4random_mutex
                0x000000002000133e                __lock___env_recursive_mutex
                0x000000002000133f                __lock___sinit_recursive_mutex
                0x0000000020001340                __lock___malloc_recursive_mutex
                0x0000000020001341                __lock___at_quick_exit_mutex
                0x0000000020001342                __lock___dd_hash_mutex
                0x0000000020001343                __lock___tz_mutex
                0x0000000020001344                __lock___sfp_recursive_mutex
 *fill*         0x0000000020001345        0x3 
 COMMON         0x0000000020001348        0x4 e:/stm32cubeide_1.8.0/stm32cubeide/plugins/com.st.stm32cube.ide.mcu.externaltools.gnu-tools-for-stm32.9-2020-q2-update.win32_2.0.0.202105311346/tools/bin/../lib/gcc/arm-none-eabi/9.3.1/../../../../arm-none-eabi/lib/thumb/v7-m/nofp\libc_nano.a(lib_a-reent.o)
                0x0000000020001348                errno
                0x000000002000134c                . = ALIGN (0x4)
                0x000000002000134c                _ebss = .
                0x000000002000134c                __bss_end__ = _ebss

._user_heap_stack
                0x000000002000134c      0x604 load address 0x0000000008006a10
                0x0000000020001350                . = ALIGN (0x8)
 *fill*         0x000000002000134c        0x4 
                [!provide]                        PROVIDE (end = .)
                0x0000000020001350                PROVIDE (_end = .)
                0x0000000020001550                . = (. + _Min_Heap_Size)
 *fill*         0x0000000020001350      0x200 
                0x0000000020001950                . = (. + _Min_Stack_Size)
 *fill*         0x0000000020001550      0x400 
                0x0000000020001950                . = ALIGN (0x8)

/DISCARD/
 libc.a(*)
 libm.a(*)
 libgcc.a(*)

.ARM.attributes
                0x0000000000000000       0x29
 *(.ARM.attributes)
 .ARM.attributes
                0x0000000000000000       0x1d e:/stm32cubeide_1.8.0/stm32cubeide/plugins/com.st.stm32cube.ide.mcu.externaltools.gnu-tools-for-stm32.9-2020-q2-update.win32_2.0.0.202105311346/tools/bin/../lib/gcc/arm-none-eabi/9.3.1/thumb/v7-m/nofp/crti.o
 .ARM.attributes
                0x000000000000001d       0x2d e:/stm32cubeide_1.8.0/stm32cubeide/plugins/com.st.stm32cube.ide.mcu.externaltools.gnu-tools-for-stm32.9-2020-q2-update.win32_2.0.0.202105311346/tools/bin/../lib/gcc/arm-none-eabi/9.3.1/thumb/v7-m/nofp/crtbegin.o
 .ARM.attributes
                0x000000000000004a       0x2d ./Core/Src/SX1278.o
 .ARM.attributes
                0x0000000000000077       0x2d ./Core/Src/SX1278_hw.o
 .ARM.attributes
                0x00000000000000a4       0x2d ./Core/Src/freertos.o
 .ARM.attributes
                0x00000000000000d1       0x2d ./Core/Src/main.o
 .ARM.attributes
                0x00000000000000fe       0x2d ./Core/Src/stm32f1xx_hal_msp.o
 .ARM.attributes
                0x000000000000012b       0x2d ./Core/Src/stm32f1xx_hal_timebase_tim.o
 .ARM.attributes
                0x0000000000000158       0x2d ./Core/Src/stm32f1xx_it.o
 .ARM.attributes
                0x0000000000000185       0x2d ./Core/Src/sysmem.o
 .ARM.attributes
                0x00000000000001b2       0x2d ./Core/Src/system_stm32f1xx.o
 .ARM.attributes
                0x00000000000001df       0x21 ./Core/Startup/startup_stm32f103c8tx.o
 .ARM.attributes
                0x0000000000000200       0x2d ./Drivers/STM32F1xx_HAL_Driver/Src/stm32f1xx_hal.o
 .ARM.attributes
                0x000000000000022d       0x2d ./Drivers/STM32F1xx_HAL_Driver/Src/stm32f1xx_hal_cortex.o
 .ARM.attributes
                0x000000000000025a       0x2d ./Drivers/STM32F1xx_HAL_Driver/Src/stm32f1xx_hal_gpio.o
 .ARM.attributes
                0x0000000000000287       0x2d ./Drivers/STM32F1xx_HAL_Driver/Src/stm32f1xx_hal_rcc.o
 .ARM.attributes
                0x00000000000002b4       0x2d ./Drivers/STM32F1xx_HAL_Driver/Src/stm32f1xx_hal_spi.o
 .ARM.attributes
                0x00000000000002e1       0x2d ./Drivers/STM32F1xx_HAL_Driver/Src/stm32f1xx_hal_tim.o
 .ARM.attributes
                0x000000000000030e       0x2d ./Drivers/STM32F1xx_HAL_Driver/Src/stm32f1xx_hal_tim_ex.o
 .ARM.attributes
                0x000000000000033b       0x2d ./Drivers/STM32F1xx_HAL_Driver/Src/stm32f1xx_hal_uart.o
 .ARM.attributes
                0x0000000000000368       0x2d ./Middlewares/Third_Party/FreeRTOS/Source/CMSIS_RTOS/cmsis_os.o
 .ARM.attributes
                0x0000000000000395       0x2d ./Middlewares/Third_Party/FreeRTOS/Source/list.o
 .ARM.attributes
                0x00000000000003c2       0x2d ./Middlewares/Third_Party/FreeRTOS/Source/queue.o
 .ARM.attributes
                0x00000000000003ef       0x2d ./Middlewares/Third_Party/FreeRTOS/Source/tasks.o
 .ARM.attributes
                0x000000000000041c       0x2d ./Middlewares/Third_Party/FreeRTOS/Source/portable/GCC/ARM_CM3/port.o
 .ARM.attributes
                0x0000000000000449       0x2d ./Middlewares/Third_Party/FreeRTOS/Source/portable/MemMang/heap_4.o
 .ARM.attributes
                0x0000000000000476       0x2d e:/stm32cubeide_1.8.0/stm32cubeide/plugins/com.st.stm32cube.ide.mcu.externaltools.gnu-tools-for-stm32.9-2020-q2-update.win32_2.0.0.202105311346/tools/bin/../lib/gcc/arm-none-eabi/9.3.1/../../../../arm-none-eabi/lib/thumb/v7-m/nofp\libc_nano.a(lib_a-errno.o)
 .ARM.attributes
                0x00000000000004a3       0x2d e:/stm32cubeide_1.8.0/stm32cubeide/plugins/com.st.stm32cube.ide.mcu.externaltools.gnu-tools-for-stm32.9-2020-q2-update.win32_2.0.0.202105311346/tools/bin/../lib/gcc/arm-none-eabi/9.3.1/../../../../arm-none-eabi/lib/thumb/v7-m/nofp\libc_nano.a(lib_a-findfp.o)
 .ARM.attributes
                0x00000000000004d0       0x2d e:/stm32cubeide_1.8.0/stm32cubeide/plugins/com.st.stm32cube.ide.mcu.externaltools.gnu-tools-for-stm32.9-2020-q2-update.win32_2.0.0.202105311346/tools/bin/../lib/gcc/arm-none-eabi/9.3.1/../../../../arm-none-eabi/lib/thumb/v7-m/nofp\libc_nano.a(lib_a-impure.o)
 .ARM.attributes
                0x00000000000004fd       0x2d e:/stm32cubeide_1.8.0/stm32cubeide/plugins/com.st.stm32cube.ide.mcu.externaltools.gnu-tools-for-stm32.9-2020-q2-update.win32_2.0.0.202105311346/tools/bin/../lib/gcc/arm-none-eabi/9.3.1/../../../../arm-none-eabi/lib/thumb/v7-m/nofp\libc_nano.a(lib_a-init.o)
 .ARM.attributes
                0x000000000000052a       0x2d e:/stm32cubeide_1.8.0/stm32cubeide/plugins/com.st.stm32cube.ide.mcu.externaltools.gnu-tools-for-stm32.9-2020-q2-update.win32_2.0.0.202105311346/tools/bin/../lib/gcc/arm-none-eabi/9.3.1/../../../../arm-none-eabi/lib/thumb/v7-m/nofp\libc_nano.a(lib_a-lock.o)
 .ARM.attributes
                0x0000000000000557       0x2d e:/stm32cubeide_1.8.0/stm32cubeide/plugins/com.st.stm32cube.ide.mcu.externaltools.gnu-tools-for-stm32.9-2020-q2-update.win32_2.0.0.202105311346/tools/bin/../lib/gcc/arm-none-eabi/9.3.1/../../../../arm-none-eabi/lib/thumb/v7-m/nofp\libc_nano.a(lib_a-memcpy-stub.o)
 .ARM.attributes
                0x0000000000000584       0x2d e:/stm32cubeide_1.8.0/stm32cubeide/plugins/com.st.stm32cube.ide.mcu.externaltools.gnu-tools-for-stm32.9-2020-q2-update.win32_2.0.0.202105311346/tools/bin/../lib/gcc/arm-none-eabi/9.3.1/../../../../arm-none-eabi/lib/thumb/v7-m/nofp\libc_nano.a(lib_a-memset.o)
 .ARM.attributes
                0x00000000000005b1       0x2d e:/stm32cubeide_1.8.0/stm32cubeide/plugins/com.st.stm32cube.ide.mcu.externaltools.gnu-tools-for-stm32.9-2020-q2-update.win32_2.0.0.202105311346/tools/bin/../lib/gcc/arm-none-eabi/9.3.1/../../../../arm-none-eabi/lib/thumb/v7-m/nofp\libc_nano.a(lib_a-nano-mallocr.o)
 .ARM.attributes
                0x00000000000005de       0x2d e:/stm32cubeide_1.8.0/stm32cubeide/plugins/com.st.stm32cube.ide.mcu.externaltools.gnu-tools-for-stm32.9-2020-q2-update.win32_2.0.0.202105311346/tools/bin/../lib/gcc/arm-none-eabi/9.3.1/../../../../arm-none-eabi/lib/thumb/v7-m/nofp\libc_nano.a(lib_a-reent.o)
 .ARM.attributes
                0x000000000000060b       0x2d e:/stm32cubeide_1.8.0/stm32cubeide/plugins/com.st.stm32cube.ide.mcu.externaltools.gnu-tools-for-stm32.9-2020-q2-update.win32_2.0.0.202105311346/tools/bin/../lib/gcc/arm-none-eabi/9.3.1/../../../../arm-none-eabi/lib/thumb/v7-m/nofp\libc_nano.a(lib_a-sbrkr.o)
 .ARM.attributes
                0x0000000000000638       0x2d e:/stm32cubeide_1.8.0/stm32cubeide/plugins/com.st.stm32cube.ide.mcu.externaltools.gnu-tools-for-stm32.9-2020-q2-update.win32_2.0.0.202105311346/tools/bin/../lib/gcc/arm-none-eabi/9.3.1/../../../../arm-none-eabi/lib/thumb/v7-m/nofp\libc_nano.a(lib_a-vsnprintf.o)
 .ARM.attributes
                0x0000000000000665       0x2d e:/stm32cubeide_1.8.0/stm32cubeide/plugins/com.st.stm32cube.ide.mcu.externaltools.gnu-tools-for-stm32.9-2020-q2-update.win32_2.0.0.202105311346/tools/bin/../lib/gcc/arm-none-eabi/9.3.1/../../../../arm-none-eabi/lib/thumb/v7-m/nofp\libc_nano.a(lib_a-mlock.o)
 .ARM.attributes
                0x0000000000000692       0x2d e:/stm32cubeide_1.8.0/stm32cubeide/plugins/com.st.stm32cube.ide.mcu.externaltools.gnu-tools-for-stm32.9-2020-q2-update.win32_2.0.0.202105311346/tools/bin/../lib/gcc/arm-none-eabi/9.3.1/../../../../arm-none-eabi/lib/thumb/v7-m/nofp\libc_nano.a(lib_a-nano-freer.o)
 .ARM.attributes
                0x00000000000006bf       0x2d e:/stm32cubeide_1.8.0/stm32cubeide/plugins/com.st.stm32cube.ide.mcu.externaltools.gnu-tools-for-stm32.9-2020-q2-update.win32_2.0.0.202105311346/tools/bin/../lib/gcc/arm-none-eabi/9.3.1/../../../../arm-none-eabi/lib/thumb/v7-m/nofp\libc_nano.a(lib_a-nano-svfprintf.o)
 .ARM.attributes
                0x00000000000006ec       0x2d e:/stm32cubeide_1.8.0/stm32cubeide/plugins/com.st.stm32cube.ide.mcu.externaltools.gnu-tools-for-stm32.9-2020-q2-update.win32_2.0.0.202105311346/tools/bin/../lib/gcc/arm-none-eabi/9.3.1/../../../../arm-none-eabi/lib/thumb/v7-m/nofp\libc_nano.a(lib_a-nano-vfprintf_i.o)
 .ARM.attributes
                0x0000000000000719       0x2d e:/stm32cubeide_1.8.0/stm32cubeide/plugins/com.st.stm32cube.ide.mcu.externaltools.gnu-tools-for-stm32.9-2020-q2-update.win32_2.0.0.202105311346/tools/bin/../lib/gcc/arm-none-eabi/9.3.1/../../../../arm-none-eabi/lib/thumb/v7-m/nofp\libc_nano.a(lib_a-memchr-stub.o)
 .ARM.attributes
                0x0000000000000746       0x2d e:/stm32cubeide_1.8.0/stm32cubeide/plugins/com.st.stm32cube.ide.mcu.externaltools.gnu-tools-for-stm32.9-2020-q2-update.win32_2.0.0.202105311346/tools/bin/../lib/gcc/arm-none-eabi/9.3.1/../../../../arm-none-eabi/lib/thumb/v7-m/nofp\libc_nano.a(lib_a-memmove.o)
 .ARM.attributes
                0x0000000000000773       0x2d e:/stm32cubeide_1.8.0/stm32cubeide/plugins/com.st.stm32cube.ide.mcu.externaltools.gnu-tools-for-stm32.9-2020-q2-update.win32_2.0.0.202105311346/tools/bin/../lib/gcc/arm-none-eabi/9.3.1/../../../../arm-none-eabi/lib/thumb/v7-m/nofp\libc_nano.a(lib_a-nano-reallocr.o)
 .ARM.attributes
                0x00000000000007a0       0x2d e:/stm32cubeide_1.8.0/stm32cubeide/plugins/com.st.stm32cube.ide.mcu.externaltools.gnu-tools-for-stm32.9-2020-q2-update.win32_2.0.0.202105311346/tools/bin/../lib/gcc/arm-none-eabi/9.3.1/../../../../arm-none-eabi/lib/thumb/v7-m/nofp\libc_nano.a(lib_a-nano-msizer.o)
 .ARM.attributes
                0x00000000000007cd       0x1d e:/stm32cubeide_1.8.0/stm32cubeide/plugins/com.st.stm32cube.ide.mcu.externaltools.gnu-tools-for-stm32.9-2020-q2-update.win32_2.0.0.202105311346/tools/bin/../lib/gcc/arm-none-eabi/9.3.1/thumb/v7-m/nofp\libgcc.a(_aeabi_uldivmod.o)
 .ARM.attributes
                0x00000000000007ea       0x2d e:/stm32cubeide_1.8.0/stm32cubeide/plugins/com.st.stm32cube.ide.mcu.externaltools.gnu-tools-for-stm32.9-2020-q2-update.win32_2.0.0.202105311346/tools/bin/../lib/gcc/arm-none-eabi/9.3.1/thumb/v7-m/nofp\libgcc.a(_udivmoddi4.o)
 .ARM.attributes
                0x0000000000000817       0x1d e:/stm32cubeide_1.8.0/stm32cubeide/plugins/com.st.stm32cube.ide.mcu.externaltools.gnu-tools-for-stm32.9-2020-q2-update.win32_2.0.0.202105311346/tools/bin/../lib/gcc/arm-none-eabi/9.3.1/thumb/v7-m/nofp\libgcc.a(_dvmd_tls.o)
 .ARM.attributes
                0x0000000000000834       0x1d e:/stm32cubeide_1.8.0/stm32cubeide/plugins/com.st.stm32cube.ide.mcu.externaltools.gnu-tools-for-stm32.9-2020-q2-update.win32_2.0.0.202105311346/tools/bin/../lib/gcc/arm-none-eabi/9.3.1/thumb/v7-m/nofp/crtn.o
OUTPUT(WSN_Gateway.elf elf32-littlearm)
LOAD linker stubs
LOAD e:/stm32cubeide_1.8.0/stm32cubeide/plugins/com.st.stm32cube.ide.mcu.externaltools.gnu-tools-for-stm32.9-2020-q2-update.win32_2.0.0.202105311346/tools/bin/../lib/gcc/arm-none-eabi/9.3.1/../../../../arm-none-eabi/lib/thumb/v7-m/nofp\libc.a
LOAD e:/stm32cubeide_1.8.0/stm32cubeide/plugins/com.st.stm32cube.ide.mcu.externaltools.gnu-tools-for-stm32.9-2020-q2-update.win32_2.0.0.202105311346/tools/bin/../lib/gcc/arm-none-eabi/9.3.1/../../../../arm-none-eabi/lib/thumb/v7-m/nofp\libm.a
LOAD e:/stm32cubeide_1.8.0/stm32cubeide/plugins/com.st.stm32cube.ide.mcu.externaltools.gnu-tools-for-stm32.9-2020-q2-update.win32_2.0.0.202105311346/tools/bin/../lib/gcc/arm-none-eabi/9.3.1/thumb/v7-m/nofp\libgcc.a

.debug_info     0x0000000000000000    0x1b16b
 .debug_info    0x0000000000000000     0x127b ./Core/Src/SX1278.o
 .debug_info    0x000000000000127b      0xc40 ./Core/Src/SX1278_hw.o
 .debug_info    0x0000000000001ebb      0xc14 ./Core/Src/freertos.o
 .debug_info    0x0000000000002acf     0x22c4 ./Core/Src/main.o
 .debug_info    0x0000000000004d93      0xd8d ./Core/Src/stm32f1xx_hal_msp.o
 .debug_info    0x0000000000005b20      0xa1e ./Core/Src/stm32f1xx_hal_timebase_tim.o
 .debug_info    0x000000000000653e      0x783 ./Core/Src/stm32f1xx_it.o
 .debug_info    0x0000000000006cc1      0xa25 ./Core/Src/sysmem.o
 .debug_info    0x00000000000076e6      0x2be ./Core/Src/system_stm32f1xx.o
 .debug_info    0x00000000000079a4       0x22 ./Core/Startup/startup_stm32f103c8tx.o
 .debug_info    0x00000000000079c6      0x76a ./Drivers/STM32F1xx_HAL_Driver/Src/stm32f1xx_hal.o
 .debug_info    0x0000000000008130      0xbdc ./Drivers/STM32F1xx_HAL_Driver/Src/stm32f1xx_hal_cortex.o
 .debug_info    0x0000000000008d0c      0x701 ./Drivers/STM32F1xx_HAL_Driver/Src/stm32f1xx_hal_gpio.o
 .debug_info    0x000000000000940d      0x893 ./Drivers/STM32F1xx_HAL_Driver/Src/stm32f1xx_hal_rcc.o
 .debug_info    0x0000000000009ca0     0x15d0 ./Drivers/STM32F1xx_HAL_Driver/Src/stm32f1xx_hal_spi.o
 .debug_info    0x000000000000b270     0x2c32 ./Drivers/STM32F1xx_HAL_Driver/Src/stm32f1xx_hal_tim.o
 .debug_info    0x000000000000dea2     0x157f ./Drivers/STM32F1xx_HAL_Driver/Src/stm32f1xx_hal_tim_ex.o
 .debug_info    0x000000000000f421     0x312f ./Drivers/STM32F1xx_HAL_Driver/Src/stm32f1xx_hal_uart.o
 .debug_info    0x0000000000012550     0x2048 ./Middlewares/Third_Party/FreeRTOS/Source/CMSIS_RTOS/cmsis_os.o
 .debug_info    0x0000000000014598      0xb82 ./Middlewares/Third_Party/FreeRTOS/Source/list.o
 .debug_info    0x000000000001511a     0x1ffc ./Middlewares/Third_Party/FreeRTOS/Source/queue.o
 .debug_info    0x0000000000017116     0x2591 ./Middlewares/Third_Party/FreeRTOS/Source/tasks.o
 .debug_info    0x00000000000196a7      0xd3a ./Middlewares/Third_Party/FreeRTOS/Source/portable/GCC/ARM_CM3/port.o
 .debug_info    0x000000000001a3e1      0xd8a ./Middlewares/Third_Party/FreeRTOS/Source/portable/MemMang/heap_4.o

.debug_abbrev   0x0000000000000000     0x38a6
 .debug_abbrev  0x0000000000000000      0x2c9 ./Core/Src/SX1278.o
 .debug_abbrev  0x00000000000002c9      0x224 ./Core/Src/SX1278_hw.o
 .debug_abbrev  0x00000000000004ed      0x1db ./Core/Src/freertos.o
 .debug_abbrev  0x00000000000006c8      0x3ad ./Core/Src/main.o
 .debug_abbrev  0x0000000000000a75      0x1b5 ./Core/Src/stm32f1xx_hal_msp.o
 .debug_abbrev  0x0000000000000c2a      0x1bf ./Core/Src/stm32f1xx_hal_timebase_tim.o
 .debug_abbrev  0x0000000000000de9      0x176 ./Core/Src/stm32f1xx_it.o
 .debug_abbrev  0x0000000000000f5f      0x1bf ./Core/Src/sysmem.o
 .debug_abbrev  0x000000000000111e      0x14e ./Core/Src/system_stm32f1xx.o
 .debug_abbrev  0x000000000000126c       0x12 ./Core/Startup/startup_stm32f103c8tx.o
 .debug_abbrev  0x000000000000127e      0x1ed ./Drivers/STM32F1xx_HAL_Driver/Src/stm32f1xx_hal.o
 .debug_abbrev  0x000000000000146b      0x313 ./Drivers/STM32F1xx_HAL_Driver/Src/stm32f1xx_hal_cortex.o
 .debug_abbrev  0x000000000000177e      0x1e8 ./Drivers/STM32F1xx_HAL_Driver/Src/stm32f1xx_hal_gpio.o
 .debug_abbrev  0x0000000000001966      0x273 ./Drivers/STM32F1xx_HAL_Driver/Src/stm32f1xx_hal_rcc.o
 .debug_abbrev  0x0000000000001bd9      0x25f ./Drivers/STM32F1xx_HAL_Driver/Src/stm32f1xx_hal_spi.o
 .debug_abbrev  0x0000000000001e38      0x25e ./Drivers/STM32F1xx_HAL_Driver/Src/stm32f1xx_hal_tim.o
 .debug_abbrev  0x0000000000002096      0x266 ./Drivers/STM32F1xx_HAL_Driver/Src/stm32f1xx_hal_tim_ex.o
 .debug_abbrev  0x00000000000022fc      0x2eb ./Drivers/STM32F1xx_HAL_Driver/Src/stm32f1xx_hal_uart.o
 .debug_abbrev  0x00000000000025e7      0x3c2 ./Middlewares/Third_Party/FreeRTOS/Source/CMSIS_RTOS/cmsis_os.o
 .debug_abbrev  0x00000000000029a9      0x1f7 ./Middlewares/Third_Party/FreeRTOS/Source/list.o
 .debug_abbrev  0x0000000000002ba0      0x380 ./Middlewares/Third_Party/FreeRTOS/Source/queue.o
 .debug_abbrev  0x0000000000002f20      0x380 ./Middlewares/Third_Party/FreeRTOS/Source/tasks.o
 .debug_abbrev  0x00000000000032a0      0x333 ./Middlewares/Third_Party/FreeRTOS/Source/portable/GCC/ARM_CM3/port.o
 .debug_abbrev  0x00000000000035d3      0x2d3 ./Middlewares/Third_Party/FreeRTOS/Source/portable/MemMang/heap_4.o

.debug_aranges  0x0000000000000000     0x1470
 .debug_aranges
                0x0000000000000000       0xc8 ./Core/Src/SX1278.o
 .debug_aranges
                0x00000000000000c8       0x50 ./Core/Src/SX1278_hw.o
 .debug_aranges
                0x0000000000000118       0x20 ./Core/Src/freertos.o
 .debug_aranges
                0x0000000000000138       0x88 ./Core/Src/main.o
 .debug_aranges
                0x00000000000001c0       0x40 ./Core/Src/stm32f1xx_hal_msp.o
 .debug_aranges
                0x0000000000000200       0x30 ./Core/Src/stm32f1xx_hal_timebase_tim.o
 .debug_aranges
                0x0000000000000230       0x50 ./Core/Src/stm32f1xx_it.o
 .debug_aranges
                0x0000000000000280       0x20 ./Core/Src/sysmem.o
 .debug_aranges
                0x00000000000002a0       0x28 ./Core/Src/system_stm32f1xx.o
 .debug_aranges
                0x00000000000002c8       0x28 ./Core/Startup/startup_stm32f103c8tx.o
 .debug_aranges
                0x00000000000002f0       0xe0 ./Drivers/STM32F1xx_HAL_Driver/Src/stm32f1xx_hal.o
 .debug_aranges
                0x00000000000003d0      0x100 ./Drivers/STM32F1xx_HAL_Driver/Src/stm32f1xx_hal_cortex.o
 .debug_aranges
                0x00000000000004d0       0x58 ./Drivers/STM32F1xx_HAL_Driver/Src/stm32f1xx_hal_gpio.o
 .debug_aranges
                0x0000000000000528       0x90 ./Drivers/STM32F1xx_HAL_Driver/Src/stm32f1xx_hal_rcc.o
 .debug_aranges
                0x00000000000005b8      0x1d0 ./Drivers/STM32F1xx_HAL_Driver/Src/stm32f1xx_hal_spi.o
 .debug_aranges
                0x0000000000000788      0x3d0 ./Drivers/STM32F1xx_HAL_Driver/Src/stm32f1xx_hal_tim.o
 .debug_aranges
                0x0000000000000b58      0x168 ./Drivers/STM32F1xx_HAL_Driver/Src/stm32f1xx_hal_tim_ex.o
 .debug_aranges
                0x0000000000000cc0      0x208 ./Drivers/STM32F1xx_HAL_Driver/Src/stm32f1xx_hal_uart.o
 .debug_aranges
                0x0000000000000ec8      0x1d8 ./Middlewares/Third_Party/FreeRTOS/Source/CMSIS_RTOS/cmsis_os.o
 .debug_aranges
                0x00000000000010a0       0x40 ./Middlewares/Third_Party/FreeRTOS/Source/list.o
 .debug_aranges
                0x00000000000010e0      0x108 ./Middlewares/Third_Party/FreeRTOS/Source/queue.o
 .debug_aranges
                0x00000000000011e8      0x1b8 ./Middlewares/Third_Party/FreeRTOS/Source/tasks.o
 .debug_aranges
                0x00000000000013a0       0x78 ./Middlewares/Third_Party/FreeRTOS/Source/portable/GCC/ARM_CM3/port.o
 .debug_aranges
                0x0000000000001418       0x58 ./Middlewares/Third_Party/FreeRTOS/Source/portable/MemMang/heap_4.o

.debug_ranges   0x0000000000000000     0x1328
 .debug_ranges  0x0000000000000000       0xb8 ./Core/Src/SX1278.o
 .debug_ranges  0x00000000000000b8       0x40 ./Core/Src/SX1278_hw.o
 .debug_ranges  0x00000000000000f8       0x10 ./Core/Src/freertos.o
 .debug_ranges  0x0000000000000108       0x78 ./Core/Src/main.o
 .debug_ranges  0x0000000000000180       0x30 ./Core/Src/stm32f1xx_hal_msp.o
 .debug_ranges  0x00000000000001b0       0x20 ./Core/Src/stm32f1xx_hal_timebase_tim.o
 .debug_ranges  0x00000000000001d0       0x40 ./Core/Src/stm32f1xx_it.o
 .debug_ranges  0x0000000000000210       0x10 ./Core/Src/sysmem.o
 .debug_ranges  0x0000000000000220       0x18 ./Core/Src/system_stm32f1xx.o
 .debug_ranges  0x0000000000000238       0x20 ./Core/Startup/startup_stm32f103c8tx.o
 .debug_ranges  0x0000000000000258       0xd0 ./Drivers/STM32F1xx_HAL_Driver/Src/stm32f1xx_hal.o
 .debug_ranges  0x0000000000000328       0xf0 ./Drivers/STM32F1xx_HAL_Driver/Src/stm32f1xx_hal_cortex.o
 .debug_ranges  0x0000000000000418       0x48 ./Drivers/STM32F1xx_HAL_Driver/Src/stm32f1xx_hal_gpio.o
 .debug_ranges  0x0000000000000460       0x80 ./Drivers/STM32F1xx_HAL_Driver/Src/stm32f1xx_hal_rcc.o
 .debug_ranges  0x00000000000004e0      0x1c0 ./Drivers/STM32F1xx_HAL_Driver/Src/stm32f1xx_hal_spi.o
 .debug_ranges  0x00000000000006a0      0x3c0 ./Drivers/STM32F1xx_HAL_Driver/Src/stm32f1xx_hal_tim.o
 .debug_ranges  0x0000000000000a60      0x158 ./Drivers/STM32F1xx_HAL_Driver/Src/stm32f1xx_hal_tim_ex.o
 .debug_ranges  0x0000000000000bb8      0x228 ./Drivers/STM32F1xx_HAL_Driver/Src/stm32f1xx_hal_uart.o
 .debug_ranges  0x0000000000000de0      0x1c8 ./Middlewares/Third_Party/FreeRTOS/Source/CMSIS_RTOS/cmsis_os.o
 .debug_ranges  0x0000000000000fa8       0x30 ./Middlewares/Third_Party/FreeRTOS/Source/list.o
 .debug_ranges  0x0000000000000fd8       0xf8 ./Middlewares/Third_Party/FreeRTOS/Source/queue.o
 .debug_ranges  0x00000000000010d0      0x1a8 ./Middlewares/Third_Party/FreeRTOS/Source/tasks.o
 .debug_ranges  0x0000000000001278       0x68 ./Middlewares/Third_Party/FreeRTOS/Source/portable/GCC/ARM_CM3/port.o
 .debug_ranges  0x00000000000012e0       0x48 ./Middlewares/Third_Party/FreeRTOS/Source/portable/MemMang/heap_4.o

.debug_macro    0x0000000000000000    0x1ac6b
 .debug_macro   0x0000000000000000      0x2ac ./Core/Src/SX1278.o
 .debug_macro   0x00000000000002ac      0xa9c ./Core/Src/SX1278.o
 .debug_macro   0x0000000000000d48       0x22 ./Core/Src/SX1278.o
 .debug_macro   0x0000000000000d6a       0x8e ./Core/Src/SX1278.o
 .debug_macro   0x0000000000000df8       0x51 ./Core/Src/SX1278.o
 .debug_macro   0x0000000000000e49      0x103 ./Core/Src/SX1278.o
 .debug_macro   0x0000000000000f4c       0x6a ./Core/Src/SX1278.o
 .debug_macro   0x0000000000000fb6      0x1df ./Core/Src/SX1278.o
 .debug_macro   0x0000000000001195       0x22 ./Core/Src/SX1278.o
 .debug_macro   0x00000000000011b7       0x52 ./Core/Src/SX1278.o
 .debug_macro   0x0000000000001209       0x18 ./Core/Src/SX1278.o
 .debug_macro   0x0000000000001221       0x3c ./Core/Src/SX1278.o
 .debug_macro   0x000000000000125d       0x34 ./Core/Src/SX1278.o
 .debug_macro   0x0000000000001291      0x174 ./Core/Src/SX1278.o
 .debug_macro   0x0000000000001405       0x16 ./Core/Src/SX1278.o
 .debug_macro   0x000000000000141b       0x43 ./Core/Src/SX1278.o
 .debug_macro   0x000000000000145e       0x34 ./Core/Src/SX1278.o
 .debug_macro   0x0000000000001492       0x10 ./Core/Src/SX1278.o
 .debug_macro   0x00000000000014a2       0x58 ./Core/Src/SX1278.o
 .debug_macro   0x00000000000014fa       0x71 ./Core/Src/SX1278.o
 .debug_macro   0x000000000000156b       0x1c ./Core/Src/SX1278.o
 .debug_macro   0x0000000000001587      0x12a ./Core/Src/SX1278.o
 .debug_macro   0x00000000000016b1      0x339 ./Core/Src/SX1278.o
 .debug_macro   0x00000000000019ea       0x10 ./Core/Src/SX1278.o
 .debug_macro   0x00000000000019fa       0x35 ./Core/Src/SX1278.o
 .debug_macro   0x0000000000001a2f       0x20 ./Core/Src/SX1278.o
 .debug_macro   0x0000000000001a4f      0x221 ./Core/Src/SX1278.o
 .debug_macro   0x0000000000001c70       0x2e ./Core/Src/SX1278.o
 .debug_macro   0x0000000000001c9e       0x22 ./Core/Src/SX1278.o
 .debug_macro   0x0000000000001cc0       0x1c ./Core/Src/SX1278.o
 .debug_macro   0x0000000000001cdc       0x22 ./Core/Src/SX1278.o
 .debug_macro   0x0000000000001cfe       0xbd ./Core/Src/SX1278.o
 .debug_macro   0x0000000000001dbb      0xd23 ./Core/Src/SX1278.o
 .debug_macro   0x0000000000002ade     0xe09e ./Core/Src/SX1278.o
 .debug_macro   0x0000000000010b7c       0x6d ./Core/Src/SX1278.o
 .debug_macro   0x0000000000010be9     0x34a2 ./Core/Src/SX1278.o
 .debug_macro   0x000000000001408b       0x56 ./Core/Src/SX1278.o
 .debug_macro   0x00000000000140e1      0x5bc ./Core/Src/SX1278.o
 .debug_macro   0x000000000001469d      0x289 ./Core/Src/SX1278.o
 .debug_macro   0x0000000000014926      0x1cb ./Core/Src/SX1278.o
 .debug_macro   0x0000000000014af1      0x114 ./Core/Src/SX1278.o
 .debug_macro   0x0000000000014c05      0x1b2 ./Core/Src/SX1278.o
 .debug_macro   0x0000000000014db7       0x27 ./Core/Src/SX1278.o
 .debug_macro   0x0000000000014dde      0x136 ./Core/Src/SX1278.o
 .debug_macro   0x0000000000014f14      0x1bc ./Core/Src/SX1278.o
 .debug_macro   0x00000000000150d0       0x34 ./Core/Src/SX1278.o
 .debug_macro   0x0000000000015104       0x3c ./Core/Src/SX1278.o
 .debug_macro   0x0000000000015140       0x57 ./Core/Src/SX1278.o
 .debug_macro   0x0000000000015197       0x87 ./Core/Src/SX1278.o
 .debug_macro   0x000000000001521e      0x240 ./Core/Src/SX1278.o
 .debug_macro   0x000000000001545e      0x140 ./Core/Src/SX1278.o
 .debug_macro   0x000000000001559e      0x217 ./Core/Src/SX1278.o
 .debug_macro   0x00000000000157b5      0x8ed ./Core/Src/SX1278.o
 .debug_macro   0x00000000000160a2      0x28e ./Core/Src/SX1278.o
 .debug_macro   0x0000000000016330       0x83 ./Core/Src/SX1278.o
 .debug_macro   0x00000000000163b3       0x34 ./Core/Src/SX1278.o
 .debug_macro   0x00000000000163e7      0x38a ./Core/Src/SX1278.o
 .debug_macro   0x0000000000016771      0x294 ./Core/Src/SX1278_hw.o
 .debug_macro   0x0000000000016a05      0x2c1 ./Core/Src/freertos.o
 .debug_macro   0x0000000000016cc6       0xdc ./Core/Src/freertos.o
 .debug_macro   0x0000000000016da2      0x15a ./Core/Src/freertos.o
 .debug_macro   0x0000000000016efc       0xde ./Core/Src/freertos.o
 .debug_macro   0x0000000000016fda       0x1c ./Core/Src/freertos.o
 .debug_macro   0x0000000000016ff6       0x26 ./Core/Src/freertos.o
 .debug_macro   0x000000000001701c       0x10 ./Core/Src/freertos.o
 .debug_macro   0x000000000001702c      0x513 ./Core/Src/freertos.o
 .debug_macro   0x000000000001753f       0xb5 ./Core/Src/freertos.o
 .debug_macro   0x00000000000175f4       0xaa ./Core/Src/freertos.o
 .debug_macro   0x000000000001769e       0xc3 ./Core/Src/freertos.o
 .debug_macro   0x0000000000017761       0x5c ./Core/Src/freertos.o
 .debug_macro   0x00000000000177bd      0x445 ./Core/Src/main.o
 .debug_macro   0x0000000000017c02       0xdc ./Core/Src/main.o
 .debug_macro   0x0000000000017cde       0x91 ./Core/Src/main.o
 .debug_macro   0x0000000000017d6f       0x8d ./Core/Src/main.o
 .debug_macro   0x0000000000017dfc       0x7e ./Core/Src/main.o
 .debug_macro   0x0000000000017e7a       0x19 ./Core/Src/main.o
 .debug_macro   0x0000000000017e93       0xf2 ./Core/Src/main.o
 .debug_macro   0x0000000000017f85      0x333 ./Core/Src/main.o
 .debug_macro   0x00000000000182b8       0x1c ./Core/Src/main.o
 .debug_macro   0x00000000000182d4       0x10 ./Core/Src/main.o
 .debug_macro   0x00000000000182e4       0x10 ./Core/Src/main.o
 .debug_macro   0x00000000000182f4       0x1c ./Core/Src/main.o
 .debug_macro   0x0000000000018310       0x52 ./Core/Src/main.o
 .debug_macro   0x0000000000018362       0x22 ./Core/Src/main.o
 .debug_macro   0x0000000000018384       0x10 ./Core/Src/main.o
 .debug_macro   0x0000000000018394       0x40 ./Core/Src/main.o
 .debug_macro   0x00000000000183d4       0xd5 ./Core/Src/main.o
 .debug_macro   0x00000000000184a9       0x1c ./Core/Src/main.o
 .debug_macro   0x00000000000184c5       0x3d ./Core/Src/main.o
 .debug_macro   0x0000000000018502       0x16 ./Core/Src/main.o
 .debug_macro   0x0000000000018518      0x145 ./Core/Src/main.o