main.c:50:6:uart_printf	144	static
main.c:64:6:send_to_esp	16	static
main.c:68:5:transmit_mode	24	static
main.c:90:5:receive_mode	24	static
main.c:133:10:gateway_handle	32	static
main.c:213:6:gateway_timeout_check	24	static
main.c:233:5:main	104	static
main.c:310:6:SystemClock_Config	72	static
main.c:346:13:MX_SPI1_Init	8	static
main.c:384:13:MX_USART1_UART_Init	8	static
main.c:417:13:MX_USART3_UART_Init	8	static
main.c:450:13:MX_GPIO_Init	40	static
main.c:498:6:TransmitTaskInit	24	static
main.c:524:6:ReceiveTaskInit	24	static
main.c:560:6:HAL_TIM_PeriodElapsedCallback	16	static
main.c:577:6:Error_Handler	4	static,ignoring_inline_asm
