main.c:47:6:uart_printf	144	static
main.c:61:6:send_to_esp	144	static
main.c:74:5:transmit_mode	24	static
main.c:96:5:receive_mode	24	static
main.c:137:5:main	104	static
main.c:214:6:SystemClock_Config	72	static
main.c:250:13:MX_SPI1_Init	8	static
main.c:288:13:MX_USART1_UART_Init	8	static
main.c:321:13:MX_USART3_UART_Init	8	static
main.c:354:13:MX_GPIO_Init	40	static
main.c:402:6:TransmitTaskInit	24	static
main.c:419:6:ReceiveTaskInit	24	static
main.c:442:6:HAL_TIM_PeriodElapsedCallback	16	static
main.c:459:6:Error_Handler	4	static,ignoring_inline_asm
